<!doctype html public "-//w3c//dtd html 4.0 transitional//en">
<html><head>
<title>Static Call Graph - [.\STM32F072B-EVAL\STM32F072B-EVAL.axf]</title></head>
<body><HR>
<H1>Static Call Graph for image .\STM32F072B-EVAL\STM32F072B-EVAL.axf</H1><HR>
<BR><P>#&#060CALLGRAPH&#062# ARM Linker, 5060183: Last Updated: Thu Jun 15 19:13:52 2017
<BR><P>
<H3>Maximum Stack Usage =        440 bytes + Unknown(Cycles, Untraceable Function Pointers)</H3><H3>
Call chain for Maximum Stack Depth:</H3>
ble_pair_task &rArr; USB_Printf &rArr; sendString_ViaUSB &rArr; USB_CDC_Send &rArr; vTaskDelay &rArr; xTaskResumeAll &rArr; xTaskIncrementTick &rArr; vApplicationTickHook &rArr; Ble_ConnectStatus_Monitor
<P>
<H3>
Mutually Recursive functions
</H3> <LI><a href="#[2c]">ADC1_COMP_IRQHandler</a>&nbsp;&nbsp;&nbsp;&rArr;&nbsp;&nbsp;&nbsp;<a href="#[2c]">ADC1_COMP_IRQHandler</a><BR>
</UL>
<P>
<H3>
Function Pointers
</H3><UL>
 <LI><a href="#[2c]">ADC1_COMP_IRQHandler</a> from startup_stm32f072.o(.text) referenced from startup_stm32f072.o(RESET)
 <LI><a href="#[45]">AppTask_Uart1</a> from apptask_uart1.o(i.AppTask_Uart1) referenced from apptask_uart1.o(i.AppTask_Uart1_Create)
 <LI><a href="#[46]">AppTask_Uart2</a> from apptask_uart2.o(i.AppTask_Uart2) referenced from apptask_uart2.o(i.AppTask_Uart2_Create)
 <LI><a href="#[47]">AppTask_Uart3</a> from apptask_uart3.o(i.AppTask_Uart3) referenced from apptask_uart3.o(i.AppTask_Uart3_Create)
 <LI><a href="#[3e]">CEC_CAN_IRQHandler</a> from startup_stm32f072.o(.text) referenced from startup_stm32f072.o(RESET)
 <LI><a href="#[29]">DMA1_Channel1_IRQHandler</a> from startup_stm32f072.o(.text) referenced from startup_stm32f072.o(RESET)
 <LI><a href="#[2a]">DMA1_Channel2_3_IRQHandler</a> from apptask_uart1.o(i.DMA1_Channel2_3_IRQHandler) referenced from startup_stm32f072.o(RESET)
 <LI><a href="#[2b]">DMA1_Channel4_5_6_7_IRQHandler</a> from apptask_uart2.o(i.DMA1_Channel4_5_6_7_IRQHandler) referenced from startup_stm32f072.o(RESET)
 <LI><a href="#[25]">EXTI0_1_IRQHandler</a> from startup_stm32f072.o(.text) referenced from startup_stm32f072.o(RESET)
 <LI><a href="#[26]">EXTI2_3_IRQHandler</a> from startup_stm32f072.o(.text) referenced from startup_stm32f072.o(RESET)
 <LI><a href="#[27]">EXTI4_15_IRQHandler</a> from startup_stm32f072.o(.text) referenced from startup_stm32f072.o(RESET)
 <LI><a href="#[23]">FLASH_IRQHandler</a> from startup_stm32f072.o(.text) referenced from startup_stm32f072.o(RESET)
 <LI><a href="#[1c]">HardFault_Handler</a> from stm32_it.o(i.HardFault_Handler) referenced from startup_stm32f072.o(RESET)
 <LI><a href="#[37]">I2C1_IRQHandler</a> from startup_stm32f072.o(.text) referenced from startup_stm32f072.o(RESET)
 <LI><a href="#[38]">I2C2_IRQHandler</a> from startup_stm32f072.o(.text) referenced from startup_stm32f072.o(RESET)
 <LI><a href="#[44]">Mcu_startup_task</a> from apptask_start.o(i.Mcu_startup_task) referenced from apptask_start.o(i.AppTask_Start_Creat)
 <LI><a href="#[1b]">NMI_Handler</a> from stm32_it.o(i.NMI_Handler) referenced from startup_stm32f072.o(RESET)
 <LI><a href="#[21]">PVD_VDDIO2_IRQHandler</a> from startup_stm32f072.o(.text) referenced from startup_stm32f072.o(RESET)
 <LI><a href="#[24]">RCC_CRS_IRQHandler</a> from startup_stm32f072.o(.text) referenced from startup_stm32f072.o(RESET)
 <LI><a href="#[22]">RTC_IRQHandler</a> from startup_stm32f072.o(.text) referenced from startup_stm32f072.o(RESET)
 <LI><a href="#[1a]">Reset_Handler</a> from startup_stm32f072.o(.text) referenced from startup_stm32f072.o(RESET)
 <LI><a href="#[39]">SPI1_IRQHandler</a> from startup_stm32f072.o(.text) referenced from startup_stm32f072.o(RESET)
 <LI><a href="#[3a]">SPI2_IRQHandler</a> from startup_stm32f072.o(.text) referenced from startup_stm32f072.o(RESET)
 <LI><a href="#[41]">SystemInit</a> from system_stm32f0xx.o(i.SystemInit) referenced from startup_stm32f072.o(.text)
 <LI><a href="#[33]">TIM14_IRQHandler</a> from startup_stm32f072.o(.text) referenced from startup_stm32f072.o(RESET)
 <LI><a href="#[34]">TIM15_IRQHandler</a> from startup_stm32f072.o(.text) referenced from startup_stm32f072.o(RESET)
 <LI><a href="#[35]">TIM16_IRQHandler</a> from startup_stm32f072.o(.text) referenced from startup_stm32f072.o(RESET)
 <LI><a href="#[36]">TIM17_IRQHandler</a> from startup_stm32f072.o(.text) referenced from startup_stm32f072.o(RESET)
 <LI><a href="#[2d]">TIM1_BRK_UP_TRG_COM_IRQHandler</a> from startup_stm32f072.o(.text) referenced from startup_stm32f072.o(RESET)
 <LI><a href="#[2e]">TIM1_CC_IRQHandler</a> from startup_stm32f072.o(.text) referenced from startup_stm32f072.o(RESET)
 <LI><a href="#[2f]">TIM2_IRQHandler</a> from startup_stm32f072.o(.text) referenced from startup_stm32f072.o(RESET)
 <LI><a href="#[30]">TIM3_IRQHandler</a> from startup_stm32f072.o(.text) referenced from startup_stm32f072.o(RESET)
 <LI><a href="#[31]">TIM6_DAC_IRQHandler</a> from startup_stm32f072.o(.text) referenced from startup_stm32f072.o(RESET)
 <LI><a href="#[32]">TIM7_IRQHandler</a> from startup_stm32f072.o(.text) referenced from startup_stm32f072.o(RESET)
 <LI><a href="#[28]">TSC_IRQHandler</a> from startup_stm32f072.o(.text) referenced from startup_stm32f072.o(RESET)
 <LI><a href="#[3b]">USART1_IRQHandler</a> from apptask_uart1.o(i.USART1_IRQHandler) referenced from startup_stm32f072.o(RESET)
 <LI><a href="#[3c]">USART2_IRQHandler</a> from apptask_uart2.o(i.USART2_IRQHandler) referenced from startup_stm32f072.o(RESET)
 <LI><a href="#[3d]">USART3_4_IRQHandler</a> from apptask_uart3.o(i.USART3_4_IRQHandler) referenced from startup_stm32f072.o(RESET)
 <LI><a href="#[8]">USBD_DataInStage</a> from usbd_core.o(i.USBD_DataInStage) referenced 2 times from usbd_core.o(.data)
 <LI><a href="#[7]">USBD_DataOutStage</a> from usbd_core.o(i.USBD_DataOutStage) referenced 2 times from usbd_core.o(.data)
 <LI><a href="#[b]">USBD_Reset</a> from usbd_core.o(i.USBD_Reset) referenced 2 times from usbd_core.o(.data)
 <LI><a href="#[d]">USBD_Resume</a> from usbd_core.o(i.USBD_Resume) referenced 2 times from usbd_core.o(.data)
 <LI><a href="#[a]">USBD_SOF</a> from usbd_core.o(i.USBD_SOF) referenced 2 times from usbd_core.o(.data)
 <LI><a href="#[9]">USBD_SetupStage</a> from usbd_core.o(i.USBD_SetupStage) referenced 2 times from usbd_core.o(.data)
 <LI><a href="#[c]">USBD_Suspend</a> from usbd_core.o(i.USBD_Suspend) referenced 2 times from usbd_core.o(.data)
 <LI><a href="#[13]">USBD_USR_ConfigStrDescriptor</a> from usbd_desc.o(i.USBD_USR_ConfigStrDescriptor) referenced 2 times from usbd_desc.o(.data)
 <LI><a href="#[17]">USBD_USR_DeviceConfigured</a> from usbd_usr.o(i.USBD_USR_DeviceConfigured) referenced 2 times from usbd_usr.o(.data)
 <LI><a href="#[e]">USBD_USR_DeviceDescriptor</a> from usbd_desc.o(i.USBD_USR_DeviceDescriptor) referenced 2 times from usbd_desc.o(.data)
 <LI><a href="#[16]">USBD_USR_DeviceReset</a> from usbd_usr.o(i.USBD_USR_DeviceReset) referenced 2 times from usbd_usr.o(.data)
 <LI><a href="#[19]">USBD_USR_DeviceResumed</a> from usbd_usr.o(i.USBD_USR_DeviceResumed) referenced 2 times from usbd_usr.o(.data)
 <LI><a href="#[18]">USBD_USR_DeviceSuspended</a> from usbd_usr.o(i.USBD_USR_DeviceSuspended) referenced 2 times from usbd_usr.o(.data)
 <LI><a href="#[15]">USBD_USR_Init</a> from usbd_usr.o(i.USBD_USR_Init) referenced 2 times from usbd_usr.o(.data)
 <LI><a href="#[14]">USBD_USR_InterfaceStrDescriptor</a> from usbd_desc.o(i.USBD_USR_InterfaceStrDescriptor) referenced 2 times from usbd_desc.o(.data)
 <LI><a href="#[f]">USBD_USR_LangIDStrDescriptor</a> from usbd_desc.o(i.USBD_USR_LangIDStrDescriptor) referenced 2 times from usbd_desc.o(.data)
 <LI><a href="#[10]">USBD_USR_ManufacturerStrDescriptor</a> from usbd_desc.o(i.USBD_USR_ManufacturerStrDescriptor) referenced 2 times from usbd_desc.o(.data)
 <LI><a href="#[11]">USBD_USR_ProductStrDescriptor</a> from usbd_desc.o(i.USBD_USR_ProductStrDescriptor) referenced 2 times from usbd_desc.o(.data)
 <LI><a href="#[12]">USBD_USR_SerialStrDescriptor</a> from usbd_desc.o(i.USBD_USR_SerialStrDescriptor) referenced 2 times from usbd_desc.o(.data)
 <LI><a href="#[6]">USBD_cdc_GetCfgDesc</a> from usbd_cdc_core.o(i.USBD_cdc_GetCfgDesc) referenced 2 times from usbd_cdc_core.o(.data)
 <LI><a href="#[3f]">USB_IRQHandler</a> from stm32_it.o(i.USB_IRQHandler) referenced from startup_stm32f072.o(RESET)
 <LI><a href="#[20]">WWDG_IRQHandler</a> from startup_stm32f072.o(.text) referenced from startup_stm32f072.o(RESET)
 <LI><a href="#[42]">__main</a> from entry.o(.ARM.Collect$$$$00000000) referenced from startup_stm32f072.o(.text)
 <LI><a href="#[49]">_sputc</a> from printf6.o(i._sputc) referenced from printf6.o(i.__0sprintf$6)
 <LI><a href="#[4a]">_sputc</a> from printfa.o(i._sputc) referenced from printfa.o(i.__0vsprintf)
 <LI><a href="#[43]">ble_pair_task</a> from apptask_broadcomble.o(i.ble_pair_task) referenced from apptask_broadcomble.o(i.AppTask_Ble_Pair_Creat)
 <LI><a href="#[40]">main</a> from app.o(i.main) referenced from entry9a.o(.ARM.Collect$$$$0000000B)
 <LI><a href="#[4c]">prvIdleTask</a> from tasks.o(i.prvIdleTask) referenced from tasks.o(i.vTaskStartScheduler)
 <LI><a href="#[4b]">prvTaskExitError</a> from port.o(i.prvTaskExitError) referenced from port.o(i.pxPortInitialiseStack)
 <LI><a href="#[4d]">prvTimerTask</a> from timers.o(i.prvTimerTask) referenced from timers.o(i.xTimerCreateTimerTask)
 <LI><a href="#[4]">usbd_cdc_DataOut</a> from usbd_cdc_core.o(i.usbd_cdc_DataOut) referenced 2 times from usbd_cdc_core.o(.data)
 <LI><a href="#[1]">usbd_cdc_DeInit</a> from usbd_cdc_core.o(i.usbd_cdc_DeInit) referenced 2 times from usbd_cdc_core.o(.data)
 <LI><a href="#[3]">usbd_cdc_EP0_RxReady</a> from usbd_cdc_core.o(i.usbd_cdc_EP0_RxReady) referenced 2 times from usbd_cdc_core.o(.data)
 <LI><a href="#[0]">usbd_cdc_Init</a> from usbd_cdc_core.o(i.usbd_cdc_Init) referenced 2 times from usbd_cdc_core.o(.data)
 <LI><a href="#[5]">usbd_cdc_SOF</a> from usbd_cdc_core.o(i.usbd_cdc_SOF) referenced 2 times from usbd_cdc_core.o(.data)
 <LI><a href="#[2]">usbd_cdc_Setup</a> from usbd_cdc_core.o(i.usbd_cdc_Setup) referenced 2 times from usbd_cdc_core.o(.data)
 <LI><a href="#[48]">vEventGroupSetBitsCallback</a> from event_groups.o(i.vEventGroupSetBitsCallback) referenced from apptask_uart1.o(i.USB_User_Recieve_ISR)
 <LI><a href="#[48]">vEventGroupSetBitsCallback</a> from event_groups.o(i.vEventGroupSetBitsCallback) referenced from apptask_uart1.o(i.Uart1_Dma_RX_ISR)
 <LI><a href="#[48]">vEventGroupSetBitsCallback</a> from event_groups.o(i.vEventGroupSetBitsCallback) referenced from apptask_uart1.o(i.Uart1_IDLE_ISR)
 <LI><a href="#[48]">vEventGroupSetBitsCallback</a> from event_groups.o(i.vEventGroupSetBitsCallback) referenced from apptask_uart2.o(i.Uart2_Dma_RX_ISR)
 <LI><a href="#[48]">vEventGroupSetBitsCallback</a> from event_groups.o(i.vEventGroupSetBitsCallback) referenced from apptask_uart2.o(i.Uart2_IDLE_ISR)
 <LI><a href="#[48]">vEventGroupSetBitsCallback</a> from event_groups.o(i.vEventGroupSetBitsCallback) referenced from apptask_uart3.o(i.Uart3_Dma_RX_ISR)
 <LI><a href="#[48]">vEventGroupSetBitsCallback</a> from event_groups.o(i.vEventGroupSetBitsCallback) referenced from apptask_uart3.o(i.Uart3_IDLE_ISR)
 <LI><a href="#[1d]">vPortSVCHandler</a> from port.o(i.vPortSVCHandler) referenced from startup_stm32f072.o(RESET)
 <LI><a href="#[1e]">xPortPendSVHandler</a> from port.o(.emb_text) referenced from startup_stm32f072.o(RESET)
 <LI><a href="#[1f]">xPortSysTickHandler</a> from port.o(i.xPortSysTickHandler) referenced from startup_stm32f072.o(RESET)
</UL>
<P>
<H3>
Global Symbols
</H3>
<P><STRONG><a name="[42]"></a>__main</STRONG> (Thumb, 0 bytes, Stack size unknown bytes, entry.o(.ARM.Collect$$$$00000000))
<BR>[Address Reference Count : 1]<UL><LI> startup_stm32f072.o(.text)
</UL>
<P><STRONG><a name="[16e]"></a>_main_stk</STRONG> (Thumb, 0 bytes, Stack size unknown bytes, entry2.o(.ARM.Collect$$$$00000001))

<P><STRONG><a name="[4e]"></a>_main_scatterload</STRONG> (Thumb, 0 bytes, Stack size unknown bytes, entry5.o(.ARM.Collect$$$$00000004))
<BR><BR>[Calls]<UL><LI><a href="#[4f]">&gt;&gt;</a>&nbsp;&nbsp;&nbsp;__scatterload
</UL>

<P><STRONG><a name="[60]"></a>__main_after_scatterload</STRONG> (Thumb, 0 bytes, Stack size unknown bytes, entry5.o(.ARM.Collect$$$$00000004))
<BR><BR>[Called By]<UL><LI><a href="#[4f]">&gt;&gt;</a>&nbsp;&nbsp;&nbsp;__scatterload
</UL>

<P><STRONG><a name="[16f]"></a>_main_clock</STRONG> (Thumb, 0 bytes, Stack size unknown bytes, entry7b.o(.ARM.Collect$$$$00000008))

<P><STRONG><a name="[170]"></a>_main_cpp_init</STRONG> (Thumb, 0 bytes, Stack size unknown bytes, entry8b.o(.ARM.Collect$$$$0000000A))

<P><STRONG><a name="[171]"></a>_main_init</STRONG> (Thumb, 0 bytes, Stack size unknown bytes, entry9a.o(.ARM.Collect$$$$0000000B))

<P><STRONG><a name="[172]"></a>__rt_final_cpp</STRONG> (Thumb, 0 bytes, Stack size unknown bytes, entry10a.o(.ARM.Collect$$$$0000000D))

<P><STRONG><a name="[173]"></a>__rt_final_exit</STRONG> (Thumb, 0 bytes, Stack size unknown bytes, entry11a.o(.ARM.Collect$$$$0000000F))

<P><STRONG><a name="[162]"></a>__asm___6_port_c_39a90d8d__prvPortStartFirstTask</STRONG> (Thumb, 28 bytes, Stack size 0 bytes, port.o(.emb_text))
<BR><BR>[Called By]<UL><LI><a href="#[15d]">&gt;&gt;</a>&nbsp;&nbsp;&nbsp;xPortStartScheduler
</UL>

<P><STRONG><a name="[163]"></a>ulSetInterruptMaskFromISR</STRONG> (Thumb, 8 bytes, Stack size 0 bytes, port.o(.emb_text))
<BR><BR>[Called By]<UL><LI><a href="#[1f]">&gt;&gt;</a>&nbsp;&nbsp;&nbsp;xPortSysTickHandler
<LI><a href="#[16a]">&gt;&gt;</a>&nbsp;&nbsp;&nbsp;xQueueGenericSendFromISR
</UL>

<P><STRONG><a name="[165]"></a>vClearInterruptMaskFromISR</STRONG> (Thumb, 6 bytes, Stack size 0 bytes, port.o(.emb_text))
<BR><BR>[Called By]<UL><LI><a href="#[1f]">&gt;&gt;</a>&nbsp;&nbsp;&nbsp;xPortSysTickHandler
<LI><a href="#[16a]">&gt;&gt;</a>&nbsp;&nbsp;&nbsp;xQueueGenericSendFromISR
</UL>

<P><STRONG><a name="[1e]"></a>xPortPendSVHandler</STRONG> (Thumb, 62 bytes, Stack size 0 bytes, port.o(.emb_text))
<BR><BR>[Calls]<UL><LI><a href="#[50]">&gt;&gt;</a>&nbsp;&nbsp;&nbsp;vTaskSwitchContext
</UL>
<BR>[Address Reference Count : 1]<UL><LI> startup_stm32f072.o(RESET)
</UL>
<P><STRONG><a name="[1a]"></a>Reset_Handler</STRONG> (Thumb, 38 bytes, Stack size 0 bytes, startup_stm32f072.o(.text))
<BR>[Address Reference Count : 1]<UL><LI> startup_stm32f072.o(RESET)
</UL>
<P><STRONG><a name="[2c]"></a>ADC1_COMP_IRQHandler</STRONG> (Thumb, 0 bytes, Stack size 0 bytes, startup_stm32f072.o(.text))
<BR><BR>[Calls]<UL><LI><a href="#[2c]">&gt;&gt;</a>&nbsp;&nbsp;&nbsp;ADC1_COMP_IRQHandler
</UL>
<BR>[Called By]<UL><LI><a href="#[2c]">&gt;&gt;</a>&nbsp;&nbsp;&nbsp;ADC1_COMP_IRQHandler
</UL>
<BR>[Address Reference Count : 1]<UL><LI> startup_stm32f072.o(RESET)
</UL>
<P><STRONG><a name="[3e]"></a>CEC_CAN_IRQHandler</STRONG> (Thumb, 0 bytes, Stack size 0 bytes, startup_stm32f072.o(.text))
<BR>[Address Reference Count : 1]<UL><LI> startup_stm32f072.o(RESET)
</UL>
<P><STRONG><a name="[29]"></a>DMA1_Channel1_IRQHandler</STRONG> (Thumb, 0 bytes, Stack size 0 bytes, startup_stm32f072.o(.text))
<BR>[Address Reference Count : 1]<UL><LI> startup_stm32f072.o(RESET)
</UL>
<P><STRONG><a name="[25]"></a>EXTI0_1_IRQHandler</STRONG> (Thumb, 0 bytes, Stack size 0 bytes, startup_stm32f072.o(.text))
<BR>[Address Reference Count : 1]<UL><LI> startup_stm32f072.o(RESET)
</UL>
<P><STRONG><a name="[26]"></a>EXTI2_3_IRQHandler</STRONG> (Thumb, 0 bytes, Stack size 0 bytes, startup_stm32f072.o(.text))
<BR>[Address Reference Count : 1]<UL><LI> startup_stm32f072.o(RESET)
</UL>
<P><STRONG><a name="[27]"></a>EXTI4_15_IRQHandler</STRONG> (Thumb, 0 bytes, Stack size 0 bytes, startup_stm32f072.o(.text))
<BR>[Address Reference Count : 1]<UL><LI> startup_stm32f072.o(RESET)
</UL>
<P><STRONG><a name="[23]"></a>FLASH_IRQHandler</STRONG> (Thumb, 0 bytes, Stack size 0 bytes, startup_stm32f072.o(.text))
<BR>[Address Reference Count : 1]<UL><LI> startup_stm32f072.o(RESET)
</UL>
<P><STRONG><a name="[37]"></a>I2C1_IRQHandler</STRONG> (Thumb, 0 bytes, Stack size 0 bytes, startup_stm32f072.o(.text))
<BR>[Address Reference Count : 1]<UL><LI> startup_stm32f072.o(RESET)
</UL>
<P><STRONG><a name="[38]"></a>I2C2_IRQHandler</STRONG> (Thumb, 0 bytes, Stack size 0 bytes, startup_stm32f072.o(.text))
<BR>[Address Reference Count : 1]<UL><LI> startup_stm32f072.o(RESET)
</UL>
<P><STRONG><a name="[21]"></a>PVD_VDDIO2_IRQHandler</STRONG> (Thumb, 0 bytes, Stack size 0 bytes, startup_stm32f072.o(.text))
<BR>[Address Reference Count : 1]<UL><LI> startup_stm32f072.o(RESET)
</UL>
<P><STRONG><a name="[24]"></a>RCC_CRS_IRQHandler</STRONG> (Thumb, 0 bytes, Stack size 0 bytes, startup_stm32f072.o(.text))
<BR>[Address Reference Count : 1]<UL><LI> startup_stm32f072.o(RESET)
</UL>
<P><STRONG><a name="[22]"></a>RTC_IRQHandler</STRONG> (Thumb, 0 bytes, Stack size 0 bytes, startup_stm32f072.o(.text))
<BR>[Address Reference Count : 1]<UL><LI> startup_stm32f072.o(RESET)
</UL>
<P><STRONG><a name="[39]"></a>SPI1_IRQHandler</STRONG> (Thumb, 0 bytes, Stack size 0 bytes, startup_stm32f072.o(.text))
<BR>[Address Reference Count : 1]<UL><LI> startup_stm32f072.o(RESET)
</UL>
<P><STRONG><a name="[3a]"></a>SPI2_IRQHandler</STRONG> (Thumb, 0 bytes, Stack size 0 bytes, startup_stm32f072.o(.text))
<BR>[Address Reference Count : 1]<UL><LI> startup_stm32f072.o(RESET)
</UL>
<P><STRONG><a name="[33]"></a>TIM14_IRQHandler</STRONG> (Thumb, 0 bytes, Stack size 0 bytes, startup_stm32f072.o(.text))
<BR>[Address Reference Count : 1]<UL><LI> startup_stm32f072.o(RESET)
</UL>
<P><STRONG><a name="[34]"></a>TIM15_IRQHandler</STRONG> (Thumb, 0 bytes, Stack size 0 bytes, startup_stm32f072.o(.text))
<BR>[Address Reference Count : 1]<UL><LI> startup_stm32f072.o(RESET)
</UL>
<P><STRONG><a name="[35]"></a>TIM16_IRQHandler</STRONG> (Thumb, 0 bytes, Stack size 0 bytes, startup_stm32f072.o(.text))
<BR>[Address Reference Count : 1]<UL><LI> startup_stm32f072.o(RESET)
</UL>
<P><STRONG><a name="[36]"></a>TIM17_IRQHandler</STRONG> (Thumb, 0 bytes, Stack size 0 bytes, startup_stm32f072.o(.text))
<BR>[Address Reference Count : 1]<UL><LI> startup_stm32f072.o(RESET)
</UL>
<P><STRONG><a name="[2d]"></a>TIM1_BRK_UP_TRG_COM_IRQHandler</STRONG> (Thumb, 0 bytes, Stack size 0 bytes, startup_stm32f072.o(.text))
<BR>[Address Reference Count : 1]<UL><LI> startup_stm32f072.o(RESET)
</UL>
<P><STRONG><a name="[2e]"></a>TIM1_CC_IRQHandler</STRONG> (Thumb, 0 bytes, Stack size 0 bytes, startup_stm32f072.o(.text))
<BR>[Address Reference Count : 1]<UL><LI> startup_stm32f072.o(RESET)
</UL>
<P><STRONG><a name="[2f]"></a>TIM2_IRQHandler</STRONG> (Thumb, 0 bytes, Stack size 0 bytes, startup_stm32f072.o(.text))
<BR>[Address Reference Count : 1]<UL><LI> startup_stm32f072.o(RESET)
</UL>
<P><STRONG><a name="[30]"></a>TIM3_IRQHandler</STRONG> (Thumb, 0 bytes, Stack size 0 bytes, startup_stm32f072.o(.text))
<BR>[Address Reference Count : 1]<UL><LI> startup_stm32f072.o(RESET)
</UL>
<P><STRONG><a name="[31]"></a>TIM6_DAC_IRQHandler</STRONG> (Thumb, 0 bytes, Stack size 0 bytes, startup_stm32f072.o(.text))
<BR>[Address Reference Count : 1]<UL><LI> startup_stm32f072.o(RESET)
</UL>
<P><STRONG><a name="[32]"></a>TIM7_IRQHandler</STRONG> (Thumb, 0 bytes, Stack size 0 bytes, startup_stm32f072.o(.text))
<BR>[Address Reference Count : 1]<UL><LI> startup_stm32f072.o(RESET)
</UL>
<P><STRONG><a name="[28]"></a>TSC_IRQHandler</STRONG> (Thumb, 0 bytes, Stack size 0 bytes, startup_stm32f072.o(.text))
<BR>[Address Reference Count : 1]<UL><LI> startup_stm32f072.o(RESET)
</UL>
<P><STRONG><a name="[20]"></a>WWDG_IRQHandler</STRONG> (Thumb, 0 bytes, Stack size 0 bytes, startup_stm32f072.o(.text))
<BR>[Address Reference Count : 1]<UL><LI> startup_stm32f072.o(RESET)
</UL>
<P><STRONG><a name="[174]"></a>__aeabi_uidiv</STRONG> (Thumb, 0 bytes, Stack size 12 bytes, uidiv.o(.text), UNUSED)

<P><STRONG><a name="[da]"></a>__aeabi_uidivmod</STRONG> (Thumb, 44 bytes, Stack size 12 bytes, uidiv.o(.text))
<BR><BR>[Stack]<UL><LI>Max Depth = 12<LI>Call Chain = __aeabi_uidivmod
</UL>
<BR>[Called By]<UL><LI><a href="#[ea]">&gt;&gt;</a>&nbsp;&nbsp;&nbsp;USART_Init
<LI><a href="#[8]">&gt;&gt;</a>&nbsp;&nbsp;&nbsp;USBD_DataInStage
<LI><a href="#[d9]">&gt;&gt;</a>&nbsp;&nbsp;&nbsp;RCC_GetClocksFreq
<LI><a href="#[126]">&gt;&gt;</a>&nbsp;&nbsp;&nbsp;_printf_core
<LI><a href="#[124]">&gt;&gt;</a>&nbsp;&nbsp;&nbsp;_printf_core
</UL>

<P><STRONG><a name="[7d]"></a>__aeabi_memcpy</STRONG> (Thumb, 36 bytes, Stack size 0 bytes, memcpya.o(.text))
<BR><BR>[Called By]<UL><LI><a href="#[8c]">&gt;&gt;</a>&nbsp;&nbsp;&nbsp;Ble_ATCmd_ReadMac_Res_Check
<LI><a href="#[80]">&gt;&gt;</a>&nbsp;&nbsp;&nbsp;Cmd_Pack_Send
<LI><a href="#[7e]">&gt;&gt;</a>&nbsp;&nbsp;&nbsp;BleRecived_Slave_Broadcast_cmd_Ack
<LI><a href="#[7c]">&gt;&gt;</a>&nbsp;&nbsp;&nbsp;BleRecieved_Mater_Broadcast_cmd
<LI><a href="#[43]">&gt;&gt;</a>&nbsp;&nbsp;&nbsp;ble_pair_task
<LI><a href="#[95]">&gt;&gt;</a>&nbsp;&nbsp;&nbsp;Ble_Info_Read
<LI><a href="#[13f]">&gt;&gt;</a>&nbsp;&nbsp;&nbsp;prvCopyDataToQueue
<LI><a href="#[13e]">&gt;&gt;</a>&nbsp;&nbsp;&nbsp;prvCopyDataFromQueue
</UL>

<P><STRONG><a name="[97]"></a>__aeabi_memcpy4</STRONG> (Thumb, 0 bytes, Stack size 0 bytes, memcpya.o(.text))
<BR><BR>[Called By]<UL><LI><a href="#[95]">&gt;&gt;</a>&nbsp;&nbsp;&nbsp;Ble_Info_Read
</UL>

<P><STRONG><a name="[175]"></a>__aeabi_memcpy8</STRONG> (Thumb, 0 bytes, Stack size 0 bytes, memcpya.o(.text), UNUSED)

<P><STRONG><a name="[52]"></a>__aeabi_memset</STRONG> (Thumb, 14 bytes, Stack size 0 bytes, memseta.o(.text), UNUSED)
<BR><BR>[Called By]<UL><LI><a href="#[53]">&gt;&gt;</a>&nbsp;&nbsp;&nbsp;_memset$wrapper
<LI><a href="#[51]">&gt;&gt;</a>&nbsp;&nbsp;&nbsp;__aeabi_memclr
</UL>

<P><STRONG><a name="[176]"></a>__aeabi_memset4</STRONG> (Thumb, 0 bytes, Stack size 0 bytes, memseta.o(.text), UNUSED)

<P><STRONG><a name="[177]"></a>__aeabi_memset8</STRONG> (Thumb, 0 bytes, Stack size 0 bytes, memseta.o(.text), UNUSED)

<P><STRONG><a name="[51]"></a>__aeabi_memclr</STRONG> (Thumb, 4 bytes, Stack size 0 bytes, memseta.o(.text), UNUSED)
<BR><BR>[Calls]<UL><LI><a href="#[52]">&gt;&gt;</a>&nbsp;&nbsp;&nbsp;__aeabi_memset
</UL>

<P><STRONG><a name="[82]"></a>__aeabi_memclr4</STRONG> (Thumb, 0 bytes, Stack size 0 bytes, memseta.o(.text))
<BR><BR>[Called By]<UL><LI><a href="#[8c]">&gt;&gt;</a>&nbsp;&nbsp;&nbsp;Ble_ATCmd_ReadMac_Res_Check
<LI><a href="#[88]">&gt;&gt;</a>&nbsp;&nbsp;&nbsp;Ble_ATCmdPassthrough_Res_Check
<LI><a href="#[86]">&gt;&gt;</a>&nbsp;&nbsp;&nbsp;Ble_ATCmdDisconnecct_Res_Check
<LI><a href="#[81]">&gt;&gt;</a>&nbsp;&nbsp;&nbsp;Ble_ATCmdDisconnecct
<LI><a href="#[76]">&gt;&gt;</a>&nbsp;&nbsp;&nbsp;Uart_PassThrough
<LI><a href="#[80]">&gt;&gt;</a>&nbsp;&nbsp;&nbsp;Cmd_Pack_Send
<LI><a href="#[89]">&gt;&gt;</a>&nbsp;&nbsp;&nbsp;Ble_ATCmdPassthrough_Send
<LI><a href="#[110]">&gt;&gt;</a>&nbsp;&nbsp;&nbsp;sendString_ViaUSB
<LI><a href="#[8b]">&gt;&gt;</a>&nbsp;&nbsp;&nbsp;Ble_ATCmd_ReadMac
</UL>

<P><STRONG><a name="[178]"></a>__aeabi_memclr8</STRONG> (Thumb, 0 bytes, Stack size 0 bytes, memseta.o(.text), UNUSED)

<P><STRONG><a name="[53]"></a>_memset$wrapper</STRONG> (Thumb, 18 bytes, Stack size 8 bytes, memseta.o(.text), UNUSED)
<BR><BR>[Calls]<UL><LI><a href="#[52]">&gt;&gt;</a>&nbsp;&nbsp;&nbsp;__aeabi_memset
</UL>

<P><STRONG><a name="[12d]"></a>memcmp</STRONG> (Thumb, 26 bytes, Stack size 12 bytes, memcmp.o(.text))
<BR><BR>[Stack]<UL><LI>Max Depth = 12<LI>Call Chain = memcmp
</UL>
<BR>[Called By]<UL><LI><a href="#[43]">&gt;&gt;</a>&nbsp;&nbsp;&nbsp;ble_pair_task
</UL>

<P><STRONG><a name="[54]"></a>__aeabi_uldivmod</STRONG> (Thumb, 96 bytes, Stack size 48 bytes, uldiv.o(.text), UNUSED)
<BR><BR>[Calls]<UL><LI><a href="#[55]">&gt;&gt;</a>&nbsp;&nbsp;&nbsp;__aeabi_llsr
<LI><a href="#[56]">&gt;&gt;</a>&nbsp;&nbsp;&nbsp;__aeabi_llsl
</UL>
<BR>[Called By]<UL><LI><a href="#[126]">&gt;&gt;</a>&nbsp;&nbsp;&nbsp;_printf_core
<LI><a href="#[127]">&gt;&gt;</a>&nbsp;&nbsp;&nbsp;_fp_digits
</UL>

<P><STRONG><a name="[179]"></a>__I$use$fp</STRONG> (Thumb, 0 bytes, Stack size unknown bytes, iusefp.o(.text), UNUSED)

<P><STRONG><a name="[57]"></a>__aeabi_dadd</STRONG> (Thumb, 328 bytes, Stack size 48 bytes, dadd.o(.text), UNUSED)
<BR><BR>[Calls]<UL><LI><a href="#[58]">&gt;&gt;</a>&nbsp;&nbsp;&nbsp;__aeabi_lasr
<LI><a href="#[56]">&gt;&gt;</a>&nbsp;&nbsp;&nbsp;__aeabi_llsl
<LI><a href="#[5a]">&gt;&gt;</a>&nbsp;&nbsp;&nbsp;_double_round
<LI><a href="#[59]">&gt;&gt;</a>&nbsp;&nbsp;&nbsp;_double_epilogue
</UL>
<BR>[Called By]<UL><LI><a href="#[5c]">&gt;&gt;</a>&nbsp;&nbsp;&nbsp;__aeabi_drsub
<LI><a href="#[5b]">&gt;&gt;</a>&nbsp;&nbsp;&nbsp;__aeabi_dsub
<LI><a href="#[127]">&gt;&gt;</a>&nbsp;&nbsp;&nbsp;_fp_digits
</UL>

<P><STRONG><a name="[5b]"></a>__aeabi_dsub</STRONG> (Thumb, 12 bytes, Stack size 8 bytes, dadd.o(.text), UNUSED)
<BR><BR>[Calls]<UL><LI><a href="#[57]">&gt;&gt;</a>&nbsp;&nbsp;&nbsp;__aeabi_dadd
</UL>

<P><STRONG><a name="[5c]"></a>__aeabi_drsub</STRONG> (Thumb, 12 bytes, Stack size 8 bytes, dadd.o(.text), UNUSED)
<BR><BR>[Calls]<UL><LI><a href="#[57]">&gt;&gt;</a>&nbsp;&nbsp;&nbsp;__aeabi_dadd
</UL>

<P><STRONG><a name="[5d]"></a>__aeabi_dmul</STRONG> (Thumb, 202 bytes, Stack size 72 bytes, dmul.o(.text), UNUSED)
<BR><BR>[Calls]<UL><LI><a href="#[59]">&gt;&gt;</a>&nbsp;&nbsp;&nbsp;_double_epilogue
</UL>
<BR>[Called By]<UL><LI><a href="#[127]">&gt;&gt;</a>&nbsp;&nbsp;&nbsp;_fp_digits
</UL>

<P><STRONG><a name="[5e]"></a>__aeabi_ddiv</STRONG> (Thumb, 234 bytes, Stack size 40 bytes, ddiv.o(.text), UNUSED)
<BR><BR>[Calls]<UL><LI><a href="#[5a]">&gt;&gt;</a>&nbsp;&nbsp;&nbsp;_double_round
</UL>
<BR>[Called By]<UL><LI><a href="#[127]">&gt;&gt;</a>&nbsp;&nbsp;&nbsp;_fp_digits
</UL>

<P><STRONG><a name="[5f]"></a>__aeabi_d2ulz</STRONG> (Thumb, 54 bytes, Stack size 8 bytes, dfixul.o(.text), UNUSED)
<BR><BR>[Calls]<UL><LI><a href="#[55]">&gt;&gt;</a>&nbsp;&nbsp;&nbsp;__aeabi_llsr
<LI><a href="#[56]">&gt;&gt;</a>&nbsp;&nbsp;&nbsp;__aeabi_llsl
</UL>
<BR>[Called By]<UL><LI><a href="#[127]">&gt;&gt;</a>&nbsp;&nbsp;&nbsp;_fp_digits
</UL>

<P><STRONG><a name="[128]"></a>__aeabi_cdrcmple</STRONG> (Thumb, 38 bytes, Stack size 0 bytes, cdrcmple.o(.text), UNUSED)
<BR><BR>[Called By]<UL><LI><a href="#[127]">&gt;&gt;</a>&nbsp;&nbsp;&nbsp;_fp_digits
</UL>

<P><STRONG><a name="[4f]"></a>__scatterload</STRONG> (Thumb, 28 bytes, Stack size 0 bytes, init.o(.text))
<BR><BR>[Calls]<UL><LI><a href="#[60]">&gt;&gt;</a>&nbsp;&nbsp;&nbsp;__main_after_scatterload
</UL>
<BR>[Called By]<UL><LI><a href="#[4e]">&gt;&gt;</a>&nbsp;&nbsp;&nbsp;_main_scatterload
</UL>

<P><STRONG><a name="[17a]"></a>__scatterload_rt2</STRONG> (Thumb, 0 bytes, Stack size 0 bytes, init.o(.text), UNUSED)

<P><STRONG><a name="[56]"></a>__aeabi_llsl</STRONG> (Thumb, 32 bytes, Stack size 8 bytes, llshl.o(.text), UNUSED)
<BR><BR>[Called By]<UL><LI><a href="#[59]">&gt;&gt;</a>&nbsp;&nbsp;&nbsp;_double_epilogue
<LI><a href="#[54]">&gt;&gt;</a>&nbsp;&nbsp;&nbsp;__aeabi_uldivmod
<LI><a href="#[57]">&gt;&gt;</a>&nbsp;&nbsp;&nbsp;__aeabi_dadd
<LI><a href="#[5f]">&gt;&gt;</a>&nbsp;&nbsp;&nbsp;__aeabi_d2ulz
</UL>

<P><STRONG><a name="[17b]"></a>_ll_shift_l</STRONG> (Thumb, 0 bytes, Stack size 8 bytes, llshl.o(.text), UNUSED)

<P><STRONG><a name="[55]"></a>__aeabi_llsr</STRONG> (Thumb, 34 bytes, Stack size 8 bytes, llushr.o(.text), UNUSED)
<BR><BR>[Called By]<UL><LI><a href="#[59]">&gt;&gt;</a>&nbsp;&nbsp;&nbsp;_double_epilogue
<LI><a href="#[54]">&gt;&gt;</a>&nbsp;&nbsp;&nbsp;__aeabi_uldivmod
<LI><a href="#[5f]">&gt;&gt;</a>&nbsp;&nbsp;&nbsp;__aeabi_d2ulz
</UL>

<P><STRONG><a name="[17c]"></a>_ll_ushift_r</STRONG> (Thumb, 0 bytes, Stack size 8 bytes, llushr.o(.text), UNUSED)

<P><STRONG><a name="[58]"></a>__aeabi_lasr</STRONG> (Thumb, 38 bytes, Stack size 8 bytes, llsshr.o(.text), UNUSED)
<BR><BR>[Called By]<UL><LI><a href="#[57]">&gt;&gt;</a>&nbsp;&nbsp;&nbsp;__aeabi_dadd
</UL>

<P><STRONG><a name="[17d]"></a>_ll_sshift_r</STRONG> (Thumb, 0 bytes, Stack size 8 bytes, llsshr.o(.text), UNUSED)

<P><STRONG><a name="[5a]"></a>_double_round</STRONG> (Thumb, 26 bytes, Stack size 8 bytes, depilogue.o(.text), UNUSED)
<BR><BR>[Called By]<UL><LI><a href="#[59]">&gt;&gt;</a>&nbsp;&nbsp;&nbsp;_double_epilogue
<LI><a href="#[5e]">&gt;&gt;</a>&nbsp;&nbsp;&nbsp;__aeabi_ddiv
<LI><a href="#[57]">&gt;&gt;</a>&nbsp;&nbsp;&nbsp;__aeabi_dadd
</UL>

<P><STRONG><a name="[59]"></a>_double_epilogue</STRONG> (Thumb, 164 bytes, Stack size 48 bytes, depilogue.o(.text), UNUSED)
<BR><BR>[Calls]<UL><LI><a href="#[61]">&gt;&gt;</a>&nbsp;&nbsp;&nbsp;__ARM_clz
<LI><a href="#[55]">&gt;&gt;</a>&nbsp;&nbsp;&nbsp;__aeabi_llsr
<LI><a href="#[56]">&gt;&gt;</a>&nbsp;&nbsp;&nbsp;__aeabi_llsl
<LI><a href="#[5a]">&gt;&gt;</a>&nbsp;&nbsp;&nbsp;_double_round
</UL>
<BR>[Called By]<UL><LI><a href="#[5d]">&gt;&gt;</a>&nbsp;&nbsp;&nbsp;__aeabi_dmul
<LI><a href="#[57]">&gt;&gt;</a>&nbsp;&nbsp;&nbsp;__aeabi_dadd
</UL>

<P><STRONG><a name="[17e]"></a>__decompress</STRONG> (Thumb, 0 bytes, Stack size unknown bytes, __dczerorl2.o(.text), UNUSED)

<P><STRONG><a name="[17f]"></a>__decompress1</STRONG> (Thumb, 86 bytes, Stack size unknown bytes, __dczerorl2.o(.text), UNUSED)

<P><STRONG><a name="[62]"></a>AppTask_Ble_Pair_Creat</STRONG> (Thumb, 50 bytes, Stack size 24 bytes, apptask_broadcomble.o(i.AppTask_Ble_Pair_Creat))
<BR><BR>[Stack]<UL><LI>Max Depth = 176<LI>Call Chain = AppTask_Ble_Pair_Creat &rArr; xTaskGenericCreate &rArr; prvAllocateTCBAndStack &rArr; pvPortMalloc &rArr; xTaskResumeAll &rArr; xTaskIncrementTick &rArr; vApplicationTickHook &rArr; Ble_ConnectStatus_Monitor
</UL>
<BR>[Calls]<UL><LI><a href="#[64]">&gt;&gt;</a>&nbsp;&nbsp;&nbsp;xTaskGenericCreate
<LI><a href="#[63]">&gt;&gt;</a>&nbsp;&nbsp;&nbsp;xEventGroupCreate
</UL>
<BR>[Called By]<UL><LI><a href="#[44]">&gt;&gt;</a>&nbsp;&nbsp;&nbsp;Mcu_startup_task
</UL>

<P><STRONG><a name="[65]"></a>AppTask_Start_Creat</STRONG> (Thumb, 26 bytes, Stack size 24 bytes, apptask_start.o(i.AppTask_Start_Creat))
<BR><BR>[Stack]<UL><LI>Max Depth = 176<LI>Call Chain = AppTask_Start_Creat &rArr; xTaskGenericCreate &rArr; prvAllocateTCBAndStack &rArr; pvPortMalloc &rArr; xTaskResumeAll &rArr; xTaskIncrementTick &rArr; vApplicationTickHook &rArr; Ble_ConnectStatus_Monitor
</UL>
<BR>[Calls]<UL><LI><a href="#[64]">&gt;&gt;</a>&nbsp;&nbsp;&nbsp;xTaskGenericCreate
</UL>
<BR>[Called By]<UL><LI><a href="#[40]">&gt;&gt;</a>&nbsp;&nbsp;&nbsp;main
</UL>

<P><STRONG><a name="[6e]"></a>AppTask_Uart1_Create</STRONG> (Thumb, 42 bytes, Stack size 24 bytes, apptask_uart1.o(i.AppTask_Uart1_Create))
<BR><BR>[Stack]<UL><LI>Max Depth = 176<LI>Call Chain = AppTask_Uart1_Create &rArr; xTaskGenericCreate &rArr; prvAllocateTCBAndStack &rArr; pvPortMalloc &rArr; xTaskResumeAll &rArr; xTaskIncrementTick &rArr; vApplicationTickHook &rArr; Ble_ConnectStatus_Monitor
</UL>
<BR>[Calls]<UL><LI><a href="#[64]">&gt;&gt;</a>&nbsp;&nbsp;&nbsp;xTaskGenericCreate
<LI><a href="#[63]">&gt;&gt;</a>&nbsp;&nbsp;&nbsp;xEventGroupCreate
</UL>
<BR>[Called By]<UL><LI><a href="#[44]">&gt;&gt;</a>&nbsp;&nbsp;&nbsp;Mcu_startup_task
</UL>

<P><STRONG><a name="[67]"></a>AppTask_Uart1_Init</STRONG> (Thumb, 56 bytes, Stack size 8 bytes, apptask_uart1.o(i.AppTask_Uart1_Init))
<BR><BR>[Stack]<UL><LI>Max Depth = 156<LI>Call Chain = AppTask_Uart1_Init &rArr; Uart1_Config &rArr; USART_Init &rArr; RCC_GetClocksFreq &rArr; __aeabi_uidivmod
</UL>
<BR>[Calls]<UL><LI><a href="#[66]">&gt;&gt;</a>&nbsp;&nbsp;&nbsp;RingBuf_Init
<LI><a href="#[70]">&gt;&gt;</a>&nbsp;&nbsp;&nbsp;Uart1_Rx_Dma_Config
<LI><a href="#[6f]">&gt;&gt;</a>&nbsp;&nbsp;&nbsp;Uart1_Config
</UL>
<BR>[Called By]<UL><LI><a href="#[45]">&gt;&gt;</a>&nbsp;&nbsp;&nbsp;AppTask_Uart1
</UL>

<P><STRONG><a name="[72]"></a>AppTask_Uart2_Create</STRONG> (Thumb, 42 bytes, Stack size 24 bytes, apptask_uart2.o(i.AppTask_Uart2_Create))
<BR><BR>[Stack]<UL><LI>Max Depth = 176<LI>Call Chain = AppTask_Uart2_Create &rArr; xTaskGenericCreate &rArr; prvAllocateTCBAndStack &rArr; pvPortMalloc &rArr; xTaskResumeAll &rArr; xTaskIncrementTick &rArr; vApplicationTickHook &rArr; Ble_ConnectStatus_Monitor
</UL>
<BR>[Calls]<UL><LI><a href="#[64]">&gt;&gt;</a>&nbsp;&nbsp;&nbsp;xTaskGenericCreate
<LI><a href="#[63]">&gt;&gt;</a>&nbsp;&nbsp;&nbsp;xEventGroupCreate
</UL>
<BR>[Called By]<UL><LI><a href="#[44]">&gt;&gt;</a>&nbsp;&nbsp;&nbsp;Mcu_startup_task
</UL>

<P><STRONG><a name="[71]"></a>AppTask_Uart2_Init</STRONG> (Thumb, 56 bytes, Stack size 8 bytes, apptask_uart2.o(i.AppTask_Uart2_Init))
<BR><BR>[Stack]<UL><LI>Max Depth = 156<LI>Call Chain = AppTask_Uart2_Init &rArr; Uart2_Config &rArr; USART_Init &rArr; RCC_GetClocksFreq &rArr; __aeabi_uidivmod
</UL>
<BR>[Calls]<UL><LI><a href="#[74]">&gt;&gt;</a>&nbsp;&nbsp;&nbsp;Uart2_Rx_Dma_Config
<LI><a href="#[73]">&gt;&gt;</a>&nbsp;&nbsp;&nbsp;Uart2_Config
<LI><a href="#[66]">&gt;&gt;</a>&nbsp;&nbsp;&nbsp;RingBuf_Init
</UL>
<BR>[Called By]<UL><LI><a href="#[46]">&gt;&gt;</a>&nbsp;&nbsp;&nbsp;AppTask_Uart2
</UL>

<P><STRONG><a name="[77]"></a>AppTask_Uart3_Create</STRONG> (Thumb, 42 bytes, Stack size 24 bytes, apptask_uart3.o(i.AppTask_Uart3_Create))
<BR><BR>[Stack]<UL><LI>Max Depth = 176<LI>Call Chain = AppTask_Uart3_Create &rArr; xTaskGenericCreate &rArr; prvAllocateTCBAndStack &rArr; pvPortMalloc &rArr; xTaskResumeAll &rArr; xTaskIncrementTick &rArr; vApplicationTickHook &rArr; Ble_ConnectStatus_Monitor
</UL>
<BR>[Calls]<UL><LI><a href="#[64]">&gt;&gt;</a>&nbsp;&nbsp;&nbsp;xTaskGenericCreate
<LI><a href="#[63]">&gt;&gt;</a>&nbsp;&nbsp;&nbsp;xEventGroupCreate
</UL>
<BR>[Called By]<UL><LI><a href="#[44]">&gt;&gt;</a>&nbsp;&nbsp;&nbsp;Mcu_startup_task
</UL>

<P><STRONG><a name="[75]"></a>AppTask_Uart3_Init</STRONG> (Thumb, 56 bytes, Stack size 8 bytes, apptask_uart3.o(i.AppTask_Uart3_Init))
<BR><BR>[Stack]<UL><LI>Max Depth = 156<LI>Call Chain = AppTask_Uart3_Init &rArr; Uart3_Config &rArr; USART_Init &rArr; RCC_GetClocksFreq &rArr; __aeabi_uidivmod
</UL>
<BR>[Calls]<UL><LI><a href="#[79]">&gt;&gt;</a>&nbsp;&nbsp;&nbsp;Uart3_Rx_Dma_Config
<LI><a href="#[78]">&gt;&gt;</a>&nbsp;&nbsp;&nbsp;Uart3_Config
<LI><a href="#[66]">&gt;&gt;</a>&nbsp;&nbsp;&nbsp;RingBuf_Init
</UL>
<BR>[Called By]<UL><LI><a href="#[47]">&gt;&gt;</a>&nbsp;&nbsp;&nbsp;AppTask_Uart3
</UL>

<P><STRONG><a name="[7a]"></a>BleCmd_Request_Notifiacation</STRONG> (Thumb, 14 bytes, Stack size 8 bytes, apptask_broadcomble.o(i.BleCmd_Request_Notifiacation))
<BR><BR>[Stack]<UL><LI>Max Depth = 120<LI>Call Chain = BleCmd_Request_Notifiacation &rArr; xEventGroupSetBits &rArr; xTaskResumeAll &rArr; xTaskIncrementTick &rArr; vApplicationTickHook &rArr; Ble_ConnectStatus_Monitor
</UL>
<BR>[Calls]<UL><LI><a href="#[7b]">&gt;&gt;</a>&nbsp;&nbsp;&nbsp;xEventGroupSetBits
</UL>
<BR>[Called By]<UL><LI><a href="#[6a]">&gt;&gt;</a>&nbsp;&nbsp;&nbsp;Cmd_Unpack
</UL>

<P><STRONG><a name="[7c]"></a>BleRecieved_Mater_Broadcast_cmd</STRONG> (Thumb, 40 bytes, Stack size 16 bytes, apptask_broadcomble.o(i.BleRecieved_Mater_Broadcast_cmd))
<BR><BR>[Stack]<UL><LI>Max Depth = 16<LI>Call Chain = BleRecieved_Mater_Broadcast_cmd
</UL>
<BR>[Calls]<UL><LI><a href="#[7d]">&gt;&gt;</a>&nbsp;&nbsp;&nbsp;__aeabi_memcpy
</UL>
<BR>[Called By]<UL><LI><a href="#[6a]">&gt;&gt;</a>&nbsp;&nbsp;&nbsp;Cmd_Unpack
</UL>

<P><STRONG><a name="[7e]"></a>BleRecived_Slave_Broadcast_cmd_Ack</STRONG> (Thumb, 38 bytes, Stack size 16 bytes, apptask_broadcomble.o(i.BleRecived_Slave_Broadcast_cmd_Ack))
<BR><BR>[Stack]<UL><LI>Max Depth = 16<LI>Call Chain = BleRecived_Slave_Broadcast_cmd_Ack
</UL>
<BR>[Calls]<UL><LI><a href="#[7d]">&gt;&gt;</a>&nbsp;&nbsp;&nbsp;__aeabi_memcpy
</UL>
<BR>[Called By]<UL><LI><a href="#[6a]">&gt;&gt;</a>&nbsp;&nbsp;&nbsp;Cmd_Unpack
</UL>

<P><STRONG><a name="[89]"></a>Ble_ATCmdPassthrough_Send</STRONG> (Thumb, 330 bytes, Stack size 184 bytes, broadcom_ble.o(i.Ble_ATCmdPassthrough_Send))
<BR><BR>[Stack]<UL><LI>Max Depth = 392<LI>Call Chain = Ble_ATCmdPassthrough_Send &rArr; Ble_ATCmdDisconnecct &rArr; vTaskDelay &rArr; xTaskResumeAll &rArr; xTaskIncrementTick &rArr; vApplicationTickHook &rArr; Ble_ConnectStatus_Monitor
</UL>
<BR>[Calls]<UL><LI><a href="#[8a]">&gt;&gt;</a>&nbsp;&nbsp;&nbsp;Ble_CmdPin_Set
<LI><a href="#[88]">&gt;&gt;</a>&nbsp;&nbsp;&nbsp;Ble_ATCmdPassthrough_Res_Check
<LI><a href="#[81]">&gt;&gt;</a>&nbsp;&nbsp;&nbsp;Ble_ATCmdDisconnecct
<LI><a href="#[84]">&gt;&gt;</a>&nbsp;&nbsp;&nbsp;RingBuf_Flush
<LI><a href="#[85]">&gt;&gt;</a>&nbsp;&nbsp;&nbsp;vTaskDelay
<LI><a href="#[6c]">&gt;&gt;</a>&nbsp;&nbsp;&nbsp;Uart_Send
<LI><a href="#[83]">&gt;&gt;</a>&nbsp;&nbsp;&nbsp;__2sprintf
<LI><a href="#[82]">&gt;&gt;</a>&nbsp;&nbsp;&nbsp;__aeabi_memclr4
</UL>
<BR>[Called By]<UL><LI><a href="#[94]">&gt;&gt;</a>&nbsp;&nbsp;&nbsp;Ble_Info_Init
<LI><a href="#[43]">&gt;&gt;</a>&nbsp;&nbsp;&nbsp;ble_pair_task
</UL>

<P><STRONG><a name="[8b]"></a>Ble_ATCmd_ReadMac</STRONG> (Thumb, 182 bytes, Stack size 152 bytes, broadcom_ble.o(i.Ble_ATCmd_ReadMac))
<BR><BR>[Stack]<UL><LI>Max Depth = 360<LI>Call Chain = Ble_ATCmd_ReadMac &rArr; Ble_ATCmdDisconnecct &rArr; vTaskDelay &rArr; xTaskResumeAll &rArr; xTaskIncrementTick &rArr; vApplicationTickHook &rArr; Ble_ConnectStatus_Monitor
</UL>
<BR>[Calls]<UL><LI><a href="#[8a]">&gt;&gt;</a>&nbsp;&nbsp;&nbsp;Ble_CmdPin_Set
<LI><a href="#[8c]">&gt;&gt;</a>&nbsp;&nbsp;&nbsp;Ble_ATCmd_ReadMac_Res_Check
<LI><a href="#[81]">&gt;&gt;</a>&nbsp;&nbsp;&nbsp;Ble_ATCmdDisconnecct
<LI><a href="#[84]">&gt;&gt;</a>&nbsp;&nbsp;&nbsp;RingBuf_Flush
<LI><a href="#[85]">&gt;&gt;</a>&nbsp;&nbsp;&nbsp;vTaskDelay
<LI><a href="#[6c]">&gt;&gt;</a>&nbsp;&nbsp;&nbsp;Uart_Send
<LI><a href="#[83]">&gt;&gt;</a>&nbsp;&nbsp;&nbsp;__2sprintf
<LI><a href="#[82]">&gt;&gt;</a>&nbsp;&nbsp;&nbsp;__aeabi_memclr4
</UL>
<BR>[Called By]<UL><LI><a href="#[94]">&gt;&gt;</a>&nbsp;&nbsp;&nbsp;Ble_Info_Init
</UL>

<P><STRONG><a name="[8f]"></a>Ble_ConnectStatus_Monitor</STRONG> (Thumb, 30 bytes, Stack size 8 bytes, broadcom_ble.o(i.Ble_ConnectStatus_Monitor))
<BR><BR>[Stack]<UL><LI>Max Depth = 8<LI>Call Chain = Ble_ConnectStatus_Monitor
</UL>
<BR>[Calls]<UL><LI><a href="#[90]">&gt;&gt;</a>&nbsp;&nbsp;&nbsp;GPIO_ReadInputDataBit
</UL>
<BR>[Called By]<UL><LI><a href="#[156]">&gt;&gt;</a>&nbsp;&nbsp;&nbsp;vApplicationTickHook
</UL>

<P><STRONG><a name="[91]"></a>Ble_IO_Init</STRONG> (Thumb, 120 bytes, Stack size 16 bytes, broadcom_ble.o(i.Ble_IO_Init))
<BR><BR>[Stack]<UL><LI>Max Depth = 36<LI>Call Chain = Ble_IO_Init &rArr; GPIO_Init
</UL>
<BR>[Calls]<UL><LI><a href="#[92]">&gt;&gt;</a>&nbsp;&nbsp;&nbsp;RCC_AHBPeriphClockCmd
<LI><a href="#[8d]">&gt;&gt;</a>&nbsp;&nbsp;&nbsp;GPIO_SetBits
<LI><a href="#[93]">&gt;&gt;</a>&nbsp;&nbsp;&nbsp;GPIO_Init
</UL>
<BR>[Called By]<UL><LI><a href="#[a0]">&gt;&gt;</a>&nbsp;&nbsp;&nbsp;Borad_Start_Init
</UL>

<P><STRONG><a name="[94]"></a>Ble_Info_Init</STRONG> (Thumb, 80 bytes, Stack size 8 bytes, broadcom_ble.o(i.Ble_Info_Init))
<BR><BR>[Stack]<UL><LI>Max Depth = 408<LI>Call Chain = Ble_Info_Init &rArr; USB_Printf &rArr; sendString_ViaUSB &rArr; USB_CDC_Send &rArr; vTaskDelay &rArr; xTaskResumeAll &rArr; xTaskIncrementTick &rArr; vApplicationTickHook &rArr; Ble_ConnectStatus_Monitor
</UL>
<BR>[Calls]<UL><LI><a href="#[84]">&gt;&gt;</a>&nbsp;&nbsp;&nbsp;RingBuf_Flush
<LI><a href="#[69]">&gt;&gt;</a>&nbsp;&nbsp;&nbsp;USB_Printf
<LI><a href="#[96]">&gt;&gt;</a>&nbsp;&nbsp;&nbsp;Ble_Info_Write
<LI><a href="#[89]">&gt;&gt;</a>&nbsp;&nbsp;&nbsp;Ble_ATCmdPassthrough_Send
<LI><a href="#[95]">&gt;&gt;</a>&nbsp;&nbsp;&nbsp;Ble_Info_Read
<LI><a href="#[8b]">&gt;&gt;</a>&nbsp;&nbsp;&nbsp;Ble_ATCmd_ReadMac
</UL>
<BR>[Called By]<UL><LI><a href="#[44]">&gt;&gt;</a>&nbsp;&nbsp;&nbsp;Mcu_startup_task
</UL>

<P><STRONG><a name="[95]"></a>Ble_Info_Read</STRONG> (Thumb, 40 bytes, Stack size 32 bytes, broadcom_ble.o(i.Ble_Info_Read))
<BR><BR>[Stack]<UL><LI>Max Depth = 32<LI>Call Chain = Ble_Info_Read
</UL>
<BR>[Calls]<UL><LI><a href="#[97]">&gt;&gt;</a>&nbsp;&nbsp;&nbsp;__aeabi_memcpy4
<LI><a href="#[7d]">&gt;&gt;</a>&nbsp;&nbsp;&nbsp;__aeabi_memcpy
</UL>
<BR>[Called By]<UL><LI><a href="#[94]">&gt;&gt;</a>&nbsp;&nbsp;&nbsp;Ble_Info_Init
</UL>

<P><STRONG><a name="[96]"></a>Ble_Info_Write</STRONG> (Thumb, 86 bytes, Stack size 24 bytes, broadcom_ble.o(i.Ble_Info_Write))
<BR><BR>[Stack]<UL><LI>Max Depth = 52<LI>Call Chain = Ble_Info_Write &rArr; FLASH_ProgramWord &rArr; FLASH_WaitForLastOperation
</UL>
<BR>[Calls]<UL><LI><a href="#[98]">&gt;&gt;</a>&nbsp;&nbsp;&nbsp;FLASH_Unlock
<LI><a href="#[9b]">&gt;&gt;</a>&nbsp;&nbsp;&nbsp;FLASH_ProgramWord
<LI><a href="#[9c]">&gt;&gt;</a>&nbsp;&nbsp;&nbsp;FLASH_Lock
<LI><a href="#[99]">&gt;&gt;</a>&nbsp;&nbsp;&nbsp;FLASH_ErasePage
<LI><a href="#[9a]">&gt;&gt;</a>&nbsp;&nbsp;&nbsp;FLASH_ClearFlag
</UL>
<BR>[Called By]<UL><LI><a href="#[94]">&gt;&gt;</a>&nbsp;&nbsp;&nbsp;Ble_Info_Init
<LI><a href="#[43]">&gt;&gt;</a>&nbsp;&nbsp;&nbsp;ble_pair_task
</UL>

<P><STRONG><a name="[9d]"></a>Board_Led_Toggle</STRONG> (Thumb, 136 bytes, Stack size 8 bytes, board.o(i.Board_Led_Toggle))
<BR><BR>[Stack]<UL><LI>Max Depth = 8<LI>Call Chain = Board_Led_Toggle
</UL>
<BR>[Calls]<UL><LI><a href="#[8d]">&gt;&gt;</a>&nbsp;&nbsp;&nbsp;GPIO_SetBits
<LI><a href="#[8e]">&gt;&gt;</a>&nbsp;&nbsp;&nbsp;GPIO_ResetBits
</UL>
<BR>[Called By]<UL><LI><a href="#[d8]">&gt;&gt;</a>&nbsp;&nbsp;&nbsp;Module_Mode_Status_Display
</UL>

<P><STRONG><a name="[9e]"></a>Board_Led_off</STRONG> (Thumb, 46 bytes, Stack size 8 bytes, board.o(i.Board_Led_off))
<BR><BR>[Stack]<UL><LI>Max Depth = 8<LI>Call Chain = Board_Led_off
</UL>
<BR>[Calls]<UL><LI><a href="#[8d]">&gt;&gt;</a>&nbsp;&nbsp;&nbsp;GPIO_SetBits
</UL>
<BR>[Called By]<UL><LI><a href="#[d8]">&gt;&gt;</a>&nbsp;&nbsp;&nbsp;Module_Mode_Status_Display
</UL>

<P><STRONG><a name="[9f]"></a>Board_Led_on</STRONG> (Thumb, 46 bytes, Stack size 8 bytes, board.o(i.Board_Led_on))
<BR><BR>[Stack]<UL><LI>Max Depth = 8<LI>Call Chain = Board_Led_on
</UL>
<BR>[Calls]<UL><LI><a href="#[8e]">&gt;&gt;</a>&nbsp;&nbsp;&nbsp;GPIO_ResetBits
</UL>
<BR>[Called By]<UL><LI><a href="#[d8]">&gt;&gt;</a>&nbsp;&nbsp;&nbsp;Module_Mode_Status_Display
</UL>

<P><STRONG><a name="[a0]"></a>Borad_Start_Init</STRONG> (Thumb, 84 bytes, Stack size 16 bytes, board.o(i.Borad_Start_Init))
<BR><BR>[Stack]<UL><LI>Max Depth = 52<LI>Call Chain = Borad_Start_Init &rArr; Ble_IO_Init &rArr; GPIO_Init
</UL>
<BR>[Calls]<UL><LI><a href="#[92]">&gt;&gt;</a>&nbsp;&nbsp;&nbsp;RCC_AHBPeriphClockCmd
<LI><a href="#[8d]">&gt;&gt;</a>&nbsp;&nbsp;&nbsp;GPIO_SetBits
<LI><a href="#[93]">&gt;&gt;</a>&nbsp;&nbsp;&nbsp;GPIO_Init
<LI><a href="#[91]">&gt;&gt;</a>&nbsp;&nbsp;&nbsp;Ble_IO_Init
<LI><a href="#[a1]">&gt;&gt;</a>&nbsp;&nbsp;&nbsp;USB_pullup_pin_cfg
</UL>
<BR>[Called By]<UL><LI><a href="#[44]">&gt;&gt;</a>&nbsp;&nbsp;&nbsp;Mcu_startup_task
</UL>

<P><STRONG><a name="[a5]"></a>CRS_AutomaticCalibrationCmd</STRONG> (Thumb, 32 bytes, Stack size 0 bytes, stm32f0xx_crs.o(i.CRS_AutomaticCalibrationCmd))
<BR><BR>[Called By]<UL><LI><a href="#[a2]">&gt;&gt;</a>&nbsp;&nbsp;&nbsp;CRS_Config
</UL>

<P><STRONG><a name="[a6]"></a>CRS_FrequencyErrorCounterCmd</STRONG> (Thumb, 32 bytes, Stack size 0 bytes, stm32f0xx_crs.o(i.CRS_FrequencyErrorCounterCmd))
<BR><BR>[Called By]<UL><LI><a href="#[a2]">&gt;&gt;</a>&nbsp;&nbsp;&nbsp;CRS_Config
</UL>

<P><STRONG><a name="[a4]"></a>CRS_SynchronizationSourceConfig</STRONG> (Thumb, 24 bytes, Stack size 0 bytes, stm32f0xx_crs.o(i.CRS_SynchronizationSourceConfig))
<BR><BR>[Called By]<UL><LI><a href="#[a2]">&gt;&gt;</a>&nbsp;&nbsp;&nbsp;CRS_Config
</UL>

<P><STRONG><a name="[a7]"></a>CTR</STRONG> (Thumb, 636 bytes, Stack size 24 bytes, usb_dcd_int.o(i.CTR))
<BR><BR>[Stack]<UL><LI>Max Depth = 80<LI>Call Chain = CTR &rArr; DCD_EP_PrepareRx &rArr; SetEPDblBuffCount
</UL>
<BR>[Calls]<UL><LI><a href="#[a8]">&gt;&gt;</a>&nbsp;&nbsp;&nbsp;GetEPTxCount
<LI><a href="#[a9]">&gt;&gt;</a>&nbsp;&nbsp;&nbsp;GetEPRxCount
<LI><a href="#[ad]">&gt;&gt;</a>&nbsp;&nbsp;&nbsp;GetEPDblBuf1Count
<LI><a href="#[ac]">&gt;&gt;</a>&nbsp;&nbsp;&nbsp;GetEPDblBuf0Count
<LI><a href="#[ab]">&gt;&gt;</a>&nbsp;&nbsp;&nbsp;GetENDPOINT
<LI><a href="#[ae]">&gt;&gt;</a>&nbsp;&nbsp;&nbsp;FreeUserBuffer
<LI><a href="#[af]">&gt;&gt;</a>&nbsp;&nbsp;&nbsp;DCD_EP_PrepareRx
<LI><a href="#[aa]">&gt;&gt;</a>&nbsp;&nbsp;&nbsp;PMAToUserBufferCopy
</UL>
<BR>[Called By]<UL><LI><a href="#[10d]">&gt;&gt;</a>&nbsp;&nbsp;&nbsp;USB_Istr
</UL>

<P><STRONG><a name="[120]"></a>Check_Connect_Mode</STRONG> (Thumb, 30 bytes, Stack size 0 bytes, apptask_start.o(i.Check_Connect_Mode))
<BR><BR>[Called By]<UL><LI><a href="#[76]">&gt;&gt;</a>&nbsp;&nbsp;&nbsp;Uart_PassThrough
</UL>

<P><STRONG><a name="[b2]"></a>Check_Sum</STRONG> (Thumb, 46 bytes, Stack size 8 bytes, old_protocol.o(i.Check_Sum))
<BR><BR>[Stack]<UL><LI>Max Depth = 8<LI>Call Chain = Check_Sum
</UL>
<BR>[Called By]<UL><LI><a href="#[6a]">&gt;&gt;</a>&nbsp;&nbsp;&nbsp;Cmd_Unpack
</UL>

<P><STRONG><a name="[bb]"></a>ClearDTOG_RX</STRONG> (Thumb, 42 bytes, Stack size 0 bytes, usb_core.o(i.ClearDTOG_RX))
<BR><BR>[Called By]<UL><LI><a href="#[c0]">&gt;&gt;</a>&nbsp;&nbsp;&nbsp;DCD_EP_Open
<LI><a href="#[b8]">&gt;&gt;</a>&nbsp;&nbsp;&nbsp;DCD_EP_Close
<LI><a href="#[bf]">&gt;&gt;</a>&nbsp;&nbsp;&nbsp;DCD_EP_ClrStall
</UL>

<P><STRONG><a name="[b9]"></a>ClearDTOG_TX</STRONG> (Thumb, 42 bytes, Stack size 0 bytes, usb_core.o(i.ClearDTOG_TX))
<BR><BR>[Called By]<UL><LI><a href="#[c0]">&gt;&gt;</a>&nbsp;&nbsp;&nbsp;DCD_EP_Open
<LI><a href="#[b8]">&gt;&gt;</a>&nbsp;&nbsp;&nbsp;DCD_EP_Close
<LI><a href="#[bf]">&gt;&gt;</a>&nbsp;&nbsp;&nbsp;DCD_EP_ClrStall
</UL>

<P><STRONG><a name="[80]"></a>Cmd_Pack_Send</STRONG> (Thumb, 88 bytes, Stack size 160 bytes, old_protocol.o(i.Cmd_Pack_Send))
<BR><BR>[Stack]<UL><LI>Max Depth = 184<LI>Call Chain = Cmd_Pack_Send &rArr; Uart_Send
</UL>
<BR>[Calls]<UL><LI><a href="#[6c]">&gt;&gt;</a>&nbsp;&nbsp;&nbsp;Uart_Send
<LI><a href="#[82]">&gt;&gt;</a>&nbsp;&nbsp;&nbsp;__aeabi_memclr4
<LI><a href="#[7d]">&gt;&gt;</a>&nbsp;&nbsp;&nbsp;__aeabi_memcpy
</UL>
<BR>[Called By]<UL><LI><a href="#[7f]">&gt;&gt;</a>&nbsp;&nbsp;&nbsp;BleSlave_Send_Broadcast_cmd_Ack
</UL>

<P><STRONG><a name="[6a]"></a>Cmd_Unpack</STRONG> (Thumb, 338 bytes, Stack size 16 bytes, old_protocol.o(i.Cmd_Unpack))
<BR><BR>[Stack]<UL><LI>Max Depth = 200<LI>Call Chain = Cmd_Unpack &rArr; Uart_PassThrough &rArr; USB_CDC_Send &rArr; vTaskDelay &rArr; xTaskResumeAll &rArr; xTaskIncrementTick &rArr; vApplicationTickHook &rArr; Ble_ConnectStatus_Monitor
</UL>
<BR>[Calls]<UL><LI><a href="#[76]">&gt;&gt;</a>&nbsp;&nbsp;&nbsp;Uart_PassThrough
<LI><a href="#[b4]">&gt;&gt;</a>&nbsp;&nbsp;&nbsp;USART_Cmd
<LI><a href="#[7e]">&gt;&gt;</a>&nbsp;&nbsp;&nbsp;BleRecived_Slave_Broadcast_cmd_Ack
<LI><a href="#[7c]">&gt;&gt;</a>&nbsp;&nbsp;&nbsp;BleRecieved_Mater_Broadcast_cmd
<LI><a href="#[7a]">&gt;&gt;</a>&nbsp;&nbsp;&nbsp;BleCmd_Request_Notifiacation
<LI><a href="#[b5]">&gt;&gt;</a>&nbsp;&nbsp;&nbsp;RingBuf_Peeked_Reset
<LI><a href="#[b3]">&gt;&gt;</a>&nbsp;&nbsp;&nbsp;RingBuf_Peeked_Flush
<LI><a href="#[b1]">&gt;&gt;</a>&nbsp;&nbsp;&nbsp;RingBuf_Peeked_Counter
<LI><a href="#[b6]">&gt;&gt;</a>&nbsp;&nbsp;&nbsp;RingBuf_Peek_Pos_Change
<LI><a href="#[b7]">&gt;&gt;</a>&nbsp;&nbsp;&nbsp;RingBuf_PeekCount
<LI><a href="#[b0]">&gt;&gt;</a>&nbsp;&nbsp;&nbsp;RingBuf_Peek
<LI><a href="#[b2]">&gt;&gt;</a>&nbsp;&nbsp;&nbsp;Check_Sum
</UL>
<BR>[Called By]<UL><LI><a href="#[46]">&gt;&gt;</a>&nbsp;&nbsp;&nbsp;AppTask_Uart2
<LI><a href="#[45]">&gt;&gt;</a>&nbsp;&nbsp;&nbsp;AppTask_Uart1
</UL>

<P><STRONG><a name="[157]"></a>Com_Connect_Timeout_Isr</STRONG> (Thumb, 56 bytes, Stack size 0 bytes, apptask_start.o(i.Com_Connect_Timeout_Isr))
<BR><BR>[Called By]<UL><LI><a href="#[156]">&gt;&gt;</a>&nbsp;&nbsp;&nbsp;vApplicationTickHook
</UL>

<P><STRONG><a name="[fd]"></a>DCD_DevConnect</STRONG> (Thumb, 20 bytes, Stack size 0 bytes, usb_dcd.o(i.DCD_DevConnect))
<BR><BR>[Called By]<UL><LI><a href="#[f9]">&gt;&gt;</a>&nbsp;&nbsp;&nbsp;USBD_Init
</UL>

<P><STRONG><a name="[b8]"></a>DCD_EP_Close</STRONG> (Thumb, 168 bytes, Stack size 16 bytes, usb_dcd.o(i.DCD_EP_Close))
<BR><BR>[Stack]<UL><LI>Max Depth = 28<LI>Call Chain = DCD_EP_Close &rArr; SetEPTxStatus
</UL>
<BR>[Calls]<UL><LI><a href="#[b9]">&gt;&gt;</a>&nbsp;&nbsp;&nbsp;ClearDTOG_TX
<LI><a href="#[bb]">&gt;&gt;</a>&nbsp;&nbsp;&nbsp;ClearDTOG_RX
<LI><a href="#[bd]">&gt;&gt;</a>&nbsp;&nbsp;&nbsp;ToggleDTOG_TX
<LI><a href="#[be]">&gt;&gt;</a>&nbsp;&nbsp;&nbsp;ToggleDTOG_RX
<LI><a href="#[ba]">&gt;&gt;</a>&nbsp;&nbsp;&nbsp;SetEPTxStatus
<LI><a href="#[bc]">&gt;&gt;</a>&nbsp;&nbsp;&nbsp;SetEPRxStatus
</UL>
<BR>[Called By]<UL><LI><a href="#[1]">&gt;&gt;</a>&nbsp;&nbsp;&nbsp;usbd_cdc_DeInit
</UL>

<P><STRONG><a name="[bf]"></a>DCD_EP_ClrStall</STRONG> (Thumb, 90 bytes, Stack size 16 bytes, usb_dcd.o(i.DCD_EP_ClrStall))
<BR><BR>[Stack]<UL><LI>Max Depth = 28<LI>Call Chain = DCD_EP_ClrStall &rArr; SetEPTxStatus
</UL>
<BR>[Calls]<UL><LI><a href="#[b9]">&gt;&gt;</a>&nbsp;&nbsp;&nbsp;ClearDTOG_TX
<LI><a href="#[bb]">&gt;&gt;</a>&nbsp;&nbsp;&nbsp;ClearDTOG_RX
<LI><a href="#[ba]">&gt;&gt;</a>&nbsp;&nbsp;&nbsp;SetEPTxStatus
<LI><a href="#[bc]">&gt;&gt;</a>&nbsp;&nbsp;&nbsp;SetEPRxStatus
</UL>
<BR>[Called By]<UL><LI><a href="#[107]">&gt;&gt;</a>&nbsp;&nbsp;&nbsp;USBD_StdEPReq
</UL>

<P><STRONG><a name="[c0]"></a>DCD_EP_Open</STRONG> (Thumb, 330 bytes, Stack size 40 bytes, usb_dcd.o(i.DCD_EP_Open))
<BR><BR>[Stack]<UL><LI>Max Depth = 52<LI>Call Chain = DCD_EP_Open &rArr; SetEPTxStatus
</UL>
<BR>[Calls]<UL><LI><a href="#[b9]">&gt;&gt;</a>&nbsp;&nbsp;&nbsp;ClearDTOG_TX
<LI><a href="#[bb]">&gt;&gt;</a>&nbsp;&nbsp;&nbsp;ClearDTOG_RX
<LI><a href="#[bd]">&gt;&gt;</a>&nbsp;&nbsp;&nbsp;ToggleDTOG_TX
<LI><a href="#[be]">&gt;&gt;</a>&nbsp;&nbsp;&nbsp;ToggleDTOG_RX
<LI><a href="#[c1]">&gt;&gt;</a>&nbsp;&nbsp;&nbsp;SetEPType
<LI><a href="#[ba]">&gt;&gt;</a>&nbsp;&nbsp;&nbsp;SetEPTxStatus
<LI><a href="#[c2]">&gt;&gt;</a>&nbsp;&nbsp;&nbsp;SetEPTxAddr
<LI><a href="#[bc]">&gt;&gt;</a>&nbsp;&nbsp;&nbsp;SetEPRxStatus
<LI><a href="#[c4]">&gt;&gt;</a>&nbsp;&nbsp;&nbsp;SetEPRxCount
<LI><a href="#[c3]">&gt;&gt;</a>&nbsp;&nbsp;&nbsp;SetEPRxAddr
<LI><a href="#[c5]">&gt;&gt;</a>&nbsp;&nbsp;&nbsp;SetEPDoubleBuff
<LI><a href="#[c6]">&gt;&gt;</a>&nbsp;&nbsp;&nbsp;SetEPDblBuffAddr
</UL>
<BR>[Called By]<UL><LI><a href="#[0]">&gt;&gt;</a>&nbsp;&nbsp;&nbsp;usbd_cdc_Init
<LI><a href="#[b]">&gt;&gt;</a>&nbsp;&nbsp;&nbsp;USBD_Reset
</UL>

<P><STRONG><a name="[af]"></a>DCD_EP_PrepareRx</STRONG> (Thumb, 114 bytes, Stack size 40 bytes, usb_dcd.o(i.DCD_EP_PrepareRx))
<BR><BR>[Stack]<UL><LI>Max Depth = 56<LI>Call Chain = DCD_EP_PrepareRx &rArr; SetEPDblBuffCount
</UL>
<BR>[Calls]<UL><LI><a href="#[bc]">&gt;&gt;</a>&nbsp;&nbsp;&nbsp;SetEPRxStatus
<LI><a href="#[c4]">&gt;&gt;</a>&nbsp;&nbsp;&nbsp;SetEPRxCount
<LI><a href="#[c7]">&gt;&gt;</a>&nbsp;&nbsp;&nbsp;SetEPDblBuffCount
</UL>
<BR>[Called By]<UL><LI><a href="#[f0]">&gt;&gt;</a>&nbsp;&nbsp;&nbsp;USBD_CtlPrepareRx
<LI><a href="#[0]">&gt;&gt;</a>&nbsp;&nbsp;&nbsp;usbd_cdc_Init
<LI><a href="#[4]">&gt;&gt;</a>&nbsp;&nbsp;&nbsp;usbd_cdc_DataOut
<LI><a href="#[f1]">&gt;&gt;</a>&nbsp;&nbsp;&nbsp;USBD_CtlReceiveStatus
<LI><a href="#[ee]">&gt;&gt;</a>&nbsp;&nbsp;&nbsp;USBD_CtlContinueRx
<LI><a href="#[a7]">&gt;&gt;</a>&nbsp;&nbsp;&nbsp;CTR
</UL>

<P><STRONG><a name="[f3]"></a>DCD_EP_SetAddress</STRONG> (Thumb, 62 bytes, Stack size 12 bytes, usb_dcd.o(i.DCD_EP_SetAddress))
<BR><BR>[Stack]<UL><LI>Max Depth = 12<LI>Call Chain = DCD_EP_SetAddress
</UL>
<BR>[Called By]<UL><LI><a href="#[10d]">&gt;&gt;</a>&nbsp;&nbsp;&nbsp;USB_Istr
<LI><a href="#[8]">&gt;&gt;</a>&nbsp;&nbsp;&nbsp;USBD_DataInStage
</UL>

<P><STRONG><a name="[c8]"></a>DCD_EP_Stall</STRONG> (Thumb, 136 bytes, Stack size 16 bytes, usb_dcd.o(i.DCD_EP_Stall))
<BR><BR>[Stack]<UL><LI>Max Depth = 28<LI>Call Chain = DCD_EP_Stall &rArr; SetEPTxStatus
</UL>
<BR>[Calls]<UL><LI><a href="#[ba]">&gt;&gt;</a>&nbsp;&nbsp;&nbsp;SetEPTxStatus
<LI><a href="#[bc]">&gt;&gt;</a>&nbsp;&nbsp;&nbsp;SetEPRxStatus
</UL>
<BR>[Called By]<UL><LI><a href="#[ed]">&gt;&gt;</a>&nbsp;&nbsp;&nbsp;USBD_CtlError
<LI><a href="#[107]">&gt;&gt;</a>&nbsp;&nbsp;&nbsp;USBD_StdEPReq
<LI><a href="#[9]">&gt;&gt;</a>&nbsp;&nbsp;&nbsp;USBD_SetupStage
</UL>

<P><STRONG><a name="[c9]"></a>DCD_EP_Tx</STRONG> (Thumb, 180 bytes, Stack size 48 bytes, usb_dcd.o(i.DCD_EP_Tx))
<BR><BR>[Stack]<UL><LI>Max Depth = 72<LI>Call Chain = DCD_EP_Tx &rArr; UserToPMABufferCopy
</UL>
<BR>[Calls]<UL><LI><a href="#[ab]">&gt;&gt;</a>&nbsp;&nbsp;&nbsp;GetENDPOINT
<LI><a href="#[ae]">&gt;&gt;</a>&nbsp;&nbsp;&nbsp;FreeUserBuffer
<LI><a href="#[ca]">&gt;&gt;</a>&nbsp;&nbsp;&nbsp;UserToPMABufferCopy
<LI><a href="#[ba]">&gt;&gt;</a>&nbsp;&nbsp;&nbsp;SetEPTxStatus
<LI><a href="#[cb]">&gt;&gt;</a>&nbsp;&nbsp;&nbsp;SetEPTxCount
<LI><a href="#[c7]">&gt;&gt;</a>&nbsp;&nbsp;&nbsp;SetEPDblBuffCount
</UL>
<BR>[Called By]<UL><LI><a href="#[f2]">&gt;&gt;</a>&nbsp;&nbsp;&nbsp;USBD_CtlSendData
<LI><a href="#[ec]">&gt;&gt;</a>&nbsp;&nbsp;&nbsp;USBD_CtlSendStatus
<LI><a href="#[ef]">&gt;&gt;</a>&nbsp;&nbsp;&nbsp;USBD_CtlContinueSendData
</UL>

<P><STRONG><a name="[cc]"></a>DCD_Init</STRONG> (Thumb, 58 bytes, Stack size 8 bytes, usb_dcd.o(i.DCD_Init))
<BR><BR>[Stack]<UL><LI>Max Depth = 8<LI>Call Chain = DCD_Init
</UL>
<BR>[Calls]<UL><LI><a href="#[ce]">&gt;&gt;</a>&nbsp;&nbsp;&nbsp;SetISTR
<LI><a href="#[cd]">&gt;&gt;</a>&nbsp;&nbsp;&nbsp;SetCNTR
<LI><a href="#[cf]">&gt;&gt;</a>&nbsp;&nbsp;&nbsp;SetBTABLE
</UL>
<BR>[Called By]<UL><LI><a href="#[f9]">&gt;&gt;</a>&nbsp;&nbsp;&nbsp;USBD_Init
</UL>

<P><STRONG><a name="[fe]"></a>DCD_PMA_Config</STRONG> (Thumb, 70 bytes, Stack size 16 bytes, usb_dcd.o(i.DCD_PMA_Config))
<BR><BR>[Stack]<UL><LI>Max Depth = 16<LI>Call Chain = DCD_PMA_Config
</UL>
<BR>[Called By]<UL><LI><a href="#[0]">&gt;&gt;</a>&nbsp;&nbsp;&nbsp;usbd_cdc_Init
<LI><a href="#[b]">&gt;&gt;</a>&nbsp;&nbsp;&nbsp;USBD_Reset
</UL>

<P><STRONG><a name="[2a]"></a>DMA1_Channel2_3_IRQHandler</STRONG> (Thumb, 10 bytes, Stack size 8 bytes, apptask_uart1.o(i.DMA1_Channel2_3_IRQHandler))
<BR><BR>[Stack]<UL><LI>Max Depth = 128<LI>Call Chain = DMA1_Channel2_3_IRQHandler &rArr; Uart1_Dma_RX_ISR &rArr; xTimerPendFunctionCallFromISR &rArr; xQueueGenericSendFromISR &rArr; prvCopyDataToQueue
</UL>
<BR>[Calls]<UL><LI><a href="#[d0]">&gt;&gt;</a>&nbsp;&nbsp;&nbsp;Uart1_Dma_RX_ISR
</UL>
<BR>[Address Reference Count : 1]<UL><LI> startup_stm32f072.o(RESET)
</UL>
<P><STRONG><a name="[2b]"></a>DMA1_Channel4_5_6_7_IRQHandler</STRONG> (Thumb, 14 bytes, Stack size 8 bytes, apptask_uart2.o(i.DMA1_Channel4_5_6_7_IRQHandler))
<BR><BR>[Stack]<UL><LI>Max Depth = 136<LI>Call Chain = DMA1_Channel4_5_6_7_IRQHandler &rArr; Uart3_DMA_isr &rArr; Uart3_Dma_RX_ISR &rArr; xTimerPendFunctionCallFromISR &rArr; xQueueGenericSendFromISR &rArr; prvCopyDataToQueue
</UL>
<BR>[Calls]<UL><LI><a href="#[d2]">&gt;&gt;</a>&nbsp;&nbsp;&nbsp;Uart3_DMA_isr
<LI><a href="#[d1]">&gt;&gt;</a>&nbsp;&nbsp;&nbsp;Uart2_Dma_RX_ISR
</UL>
<BR>[Address Reference Count : 1]<UL><LI> startup_stm32f072.o(RESET)
</UL>
<P><STRONG><a name="[117]"></a>DMA_ClearITPendingBit</STRONG> (Thumb, 22 bytes, Stack size 0 bytes, stm32f0xx_dma.o(i.DMA_ClearITPendingBit))
<BR><BR>[Called By]<UL><LI><a href="#[11f]">&gt;&gt;</a>&nbsp;&nbsp;&nbsp;Uart3_Dma_RX_ISR
<LI><a href="#[d1]">&gt;&gt;</a>&nbsp;&nbsp;&nbsp;Uart2_Dma_RX_ISR
<LI><a href="#[d0]">&gt;&gt;</a>&nbsp;&nbsp;&nbsp;Uart1_Dma_RX_ISR
</UL>

<P><STRONG><a name="[119]"></a>DMA_Cmd</STRONG> (Thumb, 24 bytes, Stack size 0 bytes, stm32f0xx_dma.o(i.DMA_Cmd))
<BR><BR>[Called By]<UL><LI><a href="#[79]">&gt;&gt;</a>&nbsp;&nbsp;&nbsp;Uart3_Rx_Dma_Config
<LI><a href="#[e6]">&gt;&gt;</a>&nbsp;&nbsp;&nbsp;Uart3_IDLE_ISR
<LI><a href="#[74]">&gt;&gt;</a>&nbsp;&nbsp;&nbsp;Uart2_Rx_Dma_Config
<LI><a href="#[e5]">&gt;&gt;</a>&nbsp;&nbsp;&nbsp;Uart2_IDLE_ISR
<LI><a href="#[70]">&gt;&gt;</a>&nbsp;&nbsp;&nbsp;Uart1_Rx_Dma_Config
<LI><a href="#[e4]">&gt;&gt;</a>&nbsp;&nbsp;&nbsp;Uart1_IDLE_ISR
</UL>

<P><STRONG><a name="[118]"></a>DMA_GetCurrDataCounter</STRONG> (Thumb, 8 bytes, Stack size 0 bytes, stm32f0xx_dma.o(i.DMA_GetCurrDataCounter))
<BR><BR>[Called By]<UL><LI><a href="#[e6]">&gt;&gt;</a>&nbsp;&nbsp;&nbsp;Uart3_IDLE_ISR
<LI><a href="#[e5]">&gt;&gt;</a>&nbsp;&nbsp;&nbsp;Uart2_IDLE_ISR
<LI><a href="#[e4]">&gt;&gt;</a>&nbsp;&nbsp;&nbsp;Uart1_IDLE_ISR
</UL>

<P><STRONG><a name="[116]"></a>DMA_GetFlagStatus</STRONG> (Thumb, 42 bytes, Stack size 0 bytes, stm32f0xx_dma.o(i.DMA_GetFlagStatus))
<BR><BR>[Called By]<UL><LI><a href="#[11f]">&gt;&gt;</a>&nbsp;&nbsp;&nbsp;Uart3_Dma_RX_ISR
<LI><a href="#[d1]">&gt;&gt;</a>&nbsp;&nbsp;&nbsp;Uart2_Dma_RX_ISR
<LI><a href="#[d0]">&gt;&gt;</a>&nbsp;&nbsp;&nbsp;Uart1_Dma_RX_ISR
</UL>

<P><STRONG><a name="[11d]"></a>DMA_ITConfig</STRONG> (Thumb, 20 bytes, Stack size 0 bytes, stm32f0xx_dma.o(i.DMA_ITConfig))
<BR><BR>[Called By]<UL><LI><a href="#[79]">&gt;&gt;</a>&nbsp;&nbsp;&nbsp;Uart3_Rx_Dma_Config
<LI><a href="#[74]">&gt;&gt;</a>&nbsp;&nbsp;&nbsp;Uart2_Rx_Dma_Config
<LI><a href="#[70]">&gt;&gt;</a>&nbsp;&nbsp;&nbsp;Uart1_Rx_Dma_Config
</UL>

<P><STRONG><a name="[11b]"></a>DMA_Init</STRONG> (Thumb, 58 bytes, Stack size 8 bytes, stm32f0xx_dma.o(i.DMA_Init))
<BR><BR>[Stack]<UL><LI>Max Depth = 8<LI>Call Chain = DMA_Init
</UL>
<BR>[Called By]<UL><LI><a href="#[79]">&gt;&gt;</a>&nbsp;&nbsp;&nbsp;Uart3_Rx_Dma_Config
<LI><a href="#[74]">&gt;&gt;</a>&nbsp;&nbsp;&nbsp;Uart2_Rx_Dma_Config
<LI><a href="#[70]">&gt;&gt;</a>&nbsp;&nbsp;&nbsp;Uart1_Rx_Dma_Config
</UL>

<P><STRONG><a name="[11c]"></a>DMA_RemapConfig</STRONG> (Thumb, 46 bytes, Stack size 8 bytes, stm32f0xx_dma.o(i.DMA_RemapConfig))
<BR><BR>[Stack]<UL><LI>Max Depth = 8<LI>Call Chain = DMA_RemapConfig
</UL>
<BR>[Called By]<UL><LI><a href="#[79]">&gt;&gt;</a>&nbsp;&nbsp;&nbsp;Uart3_Rx_Dma_Config
<LI><a href="#[74]">&gt;&gt;</a>&nbsp;&nbsp;&nbsp;Uart2_Rx_Dma_Config
<LI><a href="#[70]">&gt;&gt;</a>&nbsp;&nbsp;&nbsp;Uart1_Rx_Dma_Config
</UL>

<P><STRONG><a name="[11a]"></a>DMA_SetCurrDataCounter</STRONG> (Thumb, 4 bytes, Stack size 0 bytes, stm32f0xx_dma.o(i.DMA_SetCurrDataCounter))
<BR><BR>[Called By]<UL><LI><a href="#[e6]">&gt;&gt;</a>&nbsp;&nbsp;&nbsp;Uart3_IDLE_ISR
<LI><a href="#[e5]">&gt;&gt;</a>&nbsp;&nbsp;&nbsp;Uart2_IDLE_ISR
<LI><a href="#[e4]">&gt;&gt;</a>&nbsp;&nbsp;&nbsp;Uart1_IDLE_ISR
</UL>

<P><STRONG><a name="[9a]"></a>FLASH_ClearFlag</STRONG> (Thumb, 6 bytes, Stack size 0 bytes, stm32f0xx_flash.o(i.FLASH_ClearFlag))
<BR><BR>[Called By]<UL><LI><a href="#[96]">&gt;&gt;</a>&nbsp;&nbsp;&nbsp;Ble_Info_Write
</UL>

<P><STRONG><a name="[99]"></a>FLASH_ErasePage</STRONG> (Thumb, 72 bytes, Stack size 12 bytes, stm32f0xx_flash.o(i.FLASH_ErasePage))
<BR><BR>[Stack]<UL><LI>Max Depth = 20<LI>Call Chain = FLASH_ErasePage &rArr; FLASH_WaitForLastOperation
</UL>
<BR>[Calls]<UL><LI><a href="#[d3]">&gt;&gt;</a>&nbsp;&nbsp;&nbsp;FLASH_WaitForLastOperation
</UL>
<BR>[Called By]<UL><LI><a href="#[96]">&gt;&gt;</a>&nbsp;&nbsp;&nbsp;Ble_Info_Write
</UL>

<P><STRONG><a name="[d4]"></a>FLASH_GetStatus</STRONG> (Thumb, 54 bytes, Stack size 0 bytes, stm32f0xx_flash.o(i.FLASH_GetStatus))
<BR><BR>[Called By]<UL><LI><a href="#[d3]">&gt;&gt;</a>&nbsp;&nbsp;&nbsp;FLASH_WaitForLastOperation
</UL>

<P><STRONG><a name="[9c]"></a>FLASH_Lock</STRONG> (Thumb, 14 bytes, Stack size 0 bytes, stm32f0xx_flash.o(i.FLASH_Lock))
<BR><BR>[Called By]<UL><LI><a href="#[96]">&gt;&gt;</a>&nbsp;&nbsp;&nbsp;Ble_Info_Write
</UL>

<P><STRONG><a name="[9b]"></a>FLASH_ProgramWord</STRONG> (Thumb, 104 bytes, Stack size 20 bytes, stm32f0xx_flash.o(i.FLASH_ProgramWord))
<BR><BR>[Stack]<UL><LI>Max Depth = 28<LI>Call Chain = FLASH_ProgramWord &rArr; FLASH_WaitForLastOperation
</UL>
<BR>[Calls]<UL><LI><a href="#[d3]">&gt;&gt;</a>&nbsp;&nbsp;&nbsp;FLASH_WaitForLastOperation
</UL>
<BR>[Called By]<UL><LI><a href="#[96]">&gt;&gt;</a>&nbsp;&nbsp;&nbsp;Ble_Info_Write
</UL>

<P><STRONG><a name="[98]"></a>FLASH_Unlock</STRONG> (Thumb, 24 bytes, Stack size 0 bytes, stm32f0xx_flash.o(i.FLASH_Unlock))
<BR><BR>[Called By]<UL><LI><a href="#[96]">&gt;&gt;</a>&nbsp;&nbsp;&nbsp;Ble_Info_Write
</UL>

<P><STRONG><a name="[d3]"></a>FLASH_WaitForLastOperation</STRONG> (Thumb, 40 bytes, Stack size 8 bytes, stm32f0xx_flash.o(i.FLASH_WaitForLastOperation))
<BR><BR>[Stack]<UL><LI>Max Depth = 8<LI>Call Chain = FLASH_WaitForLastOperation
</UL>
<BR>[Calls]<UL><LI><a href="#[d4]">&gt;&gt;</a>&nbsp;&nbsp;&nbsp;FLASH_GetStatus
</UL>
<BR>[Called By]<UL><LI><a href="#[9b]">&gt;&gt;</a>&nbsp;&nbsp;&nbsp;FLASH_ProgramWord
<LI><a href="#[99]">&gt;&gt;</a>&nbsp;&nbsp;&nbsp;FLASH_ErasePage
</UL>

<P><STRONG><a name="[ae]"></a>FreeUserBuffer</STRONG> (Thumb, 62 bytes, Stack size 8 bytes, usb_core.o(i.FreeUserBuffer))
<BR><BR>[Stack]<UL><LI>Max Depth = 8<LI>Call Chain = FreeUserBuffer
</UL>
<BR>[Called By]<UL><LI><a href="#[a7]">&gt;&gt;</a>&nbsp;&nbsp;&nbsp;CTR
<LI><a href="#[c9]">&gt;&gt;</a>&nbsp;&nbsp;&nbsp;DCD_EP_Tx
</UL>

<P><STRONG><a name="[93]"></a>GPIO_Init</STRONG> (Thumb, 144 bytes, Stack size 20 bytes, stm32f0xx_gpio.o(i.GPIO_Init))
<BR><BR>[Stack]<UL><LI>Max Depth = 20<LI>Call Chain = GPIO_Init
</UL>
<BR>[Called By]<UL><LI><a href="#[78]">&gt;&gt;</a>&nbsp;&nbsp;&nbsp;Uart3_Config
<LI><a href="#[73]">&gt;&gt;</a>&nbsp;&nbsp;&nbsp;Uart2_Config
<LI><a href="#[6f]">&gt;&gt;</a>&nbsp;&nbsp;&nbsp;Uart1_Config
<LI><a href="#[91]">&gt;&gt;</a>&nbsp;&nbsp;&nbsp;Ble_IO_Init
<LI><a href="#[a1]">&gt;&gt;</a>&nbsp;&nbsp;&nbsp;USB_pullup_pin_cfg
<LI><a href="#[a0]">&gt;&gt;</a>&nbsp;&nbsp;&nbsp;Borad_Start_Init
</UL>

<P><STRONG><a name="[114]"></a>GPIO_PinAFConfig</STRONG> (Thumb, 68 bytes, Stack size 20 bytes, stm32f0xx_gpio.o(i.GPIO_PinAFConfig))
<BR><BR>[Stack]<UL><LI>Max Depth = 20<LI>Call Chain = GPIO_PinAFConfig
</UL>
<BR>[Called By]<UL><LI><a href="#[78]">&gt;&gt;</a>&nbsp;&nbsp;&nbsp;Uart3_Config
<LI><a href="#[73]">&gt;&gt;</a>&nbsp;&nbsp;&nbsp;Uart2_Config
<LI><a href="#[6f]">&gt;&gt;</a>&nbsp;&nbsp;&nbsp;Uart1_Config
</UL>

<P><STRONG><a name="[90]"></a>GPIO_ReadInputDataBit</STRONG> (Thumb, 20 bytes, Stack size 0 bytes, stm32f0xx_gpio.o(i.GPIO_ReadInputDataBit))
<BR><BR>[Called By]<UL><LI><a href="#[8f]">&gt;&gt;</a>&nbsp;&nbsp;&nbsp;Ble_ConnectStatus_Monitor
</UL>

<P><STRONG><a name="[8e]"></a>GPIO_ResetBits</STRONG> (Thumb, 4 bytes, Stack size 0 bytes, stm32f0xx_gpio.o(i.GPIO_ResetBits))
<BR><BR>[Called By]<UL><LI><a href="#[8a]">&gt;&gt;</a>&nbsp;&nbsp;&nbsp;Ble_CmdPin_Set
<LI><a href="#[a1]">&gt;&gt;</a>&nbsp;&nbsp;&nbsp;USB_pullup_pin_cfg
<LI><a href="#[9f]">&gt;&gt;</a>&nbsp;&nbsp;&nbsp;Board_Led_on
<LI><a href="#[9d]">&gt;&gt;</a>&nbsp;&nbsp;&nbsp;Board_Led_Toggle
</UL>

<P><STRONG><a name="[8d]"></a>GPIO_SetBits</STRONG> (Thumb, 4 bytes, Stack size 0 bytes, stm32f0xx_gpio.o(i.GPIO_SetBits))
<BR><BR>[Called By]<UL><LI><a href="#[8a]">&gt;&gt;</a>&nbsp;&nbsp;&nbsp;Ble_CmdPin_Set
<LI><a href="#[91]">&gt;&gt;</a>&nbsp;&nbsp;&nbsp;Ble_IO_Init
<LI><a href="#[10a]">&gt;&gt;</a>&nbsp;&nbsp;&nbsp;USB_pullup_High
<LI><a href="#[a0]">&gt;&gt;</a>&nbsp;&nbsp;&nbsp;Borad_Start_Init
<LI><a href="#[9e]">&gt;&gt;</a>&nbsp;&nbsp;&nbsp;Board_Led_off
<LI><a href="#[9d]">&gt;&gt;</a>&nbsp;&nbsp;&nbsp;Board_Led_Toggle
</UL>

<P><STRONG><a name="[ab]"></a>GetENDPOINT</STRONG> (Thumb, 14 bytes, Stack size 0 bytes, usb_core.o(i.GetENDPOINT))
<BR><BR>[Called By]<UL><LI><a href="#[a7]">&gt;&gt;</a>&nbsp;&nbsp;&nbsp;CTR
<LI><a href="#[c9]">&gt;&gt;</a>&nbsp;&nbsp;&nbsp;DCD_EP_Tx
</UL>

<P><STRONG><a name="[ac]"></a>GetEPDblBuf0Count</STRONG> (Thumb, 26 bytes, Stack size 0 bytes, usb_core.o(i.GetEPDblBuf0Count))
<BR><BR>[Called By]<UL><LI><a href="#[a7]">&gt;&gt;</a>&nbsp;&nbsp;&nbsp;CTR
</UL>

<P><STRONG><a name="[ad]"></a>GetEPDblBuf1Count</STRONG> (Thumb, 26 bytes, Stack size 0 bytes, usb_core.o(i.GetEPDblBuf1Count))
<BR><BR>[Called By]<UL><LI><a href="#[a7]">&gt;&gt;</a>&nbsp;&nbsp;&nbsp;CTR
</UL>

<P><STRONG><a name="[a9]"></a>GetEPRxCount</STRONG> (Thumb, 26 bytes, Stack size 0 bytes, usb_core.o(i.GetEPRxCount))
<BR><BR>[Called By]<UL><LI><a href="#[a7]">&gt;&gt;</a>&nbsp;&nbsp;&nbsp;CTR
</UL>

<P><STRONG><a name="[a8]"></a>GetEPTxCount</STRONG> (Thumb, 26 bytes, Stack size 0 bytes, usb_core.o(i.GetEPTxCount))
<BR><BR>[Called By]<UL><LI><a href="#[a7]">&gt;&gt;</a>&nbsp;&nbsp;&nbsp;CTR
</UL>

<P><STRONG><a name="[d5]"></a>Get_SerialNum</STRONG> (Thumb, 40 bytes, Stack size 16 bytes, usbd_desc.o(i.Get_SerialNum))
<BR><BR>[Stack]<UL><LI>Max Depth = 28<LI>Call Chain = Get_SerialNum &rArr; IntToUnicode
</UL>
<BR>[Calls]<UL><LI><a href="#[d6]">&gt;&gt;</a>&nbsp;&nbsp;&nbsp;IntToUnicode
</UL>
<BR>[Called By]<UL><LI><a href="#[f9]">&gt;&gt;</a>&nbsp;&nbsp;&nbsp;USBD_Init
</UL>

<P><STRONG><a name="[1c]"></a>HardFault_Handler</STRONG> (Thumb, 4 bytes, Stack size 0 bytes, stm32_it.o(i.HardFault_Handler))
<BR>[Address Reference Count : 1]<UL><LI> startup_stm32f072.o(RESET)
</UL>
<P><STRONG><a name="[44]"></a>Mcu_startup_task</STRONG> (Thumb, 74 bytes, Stack size 0 bytes, apptask_start.o(i.Mcu_startup_task))
<BR><BR>[Stack]<UL><LI>Max Depth = 408<LI>Call Chain = Mcu_startup_task &rArr; Ble_Info_Init &rArr; USB_Printf &rArr; sendString_ViaUSB &rArr; USB_CDC_Send &rArr; vTaskDelay &rArr; xTaskResumeAll &rArr; xTaskIncrementTick &rArr; vApplicationTickHook &rArr; Ble_ConnectStatus_Monitor
</UL>
<BR>[Calls]<UL><LI><a href="#[85]">&gt;&gt;</a>&nbsp;&nbsp;&nbsp;vTaskDelay
<LI><a href="#[d7]">&gt;&gt;</a>&nbsp;&nbsp;&nbsp;USB_CDC_Init
<LI><a href="#[94]">&gt;&gt;</a>&nbsp;&nbsp;&nbsp;Ble_Info_Init
<LI><a href="#[77]">&gt;&gt;</a>&nbsp;&nbsp;&nbsp;AppTask_Uart3_Create
<LI><a href="#[72]">&gt;&gt;</a>&nbsp;&nbsp;&nbsp;AppTask_Uart2_Create
<LI><a href="#[6e]">&gt;&gt;</a>&nbsp;&nbsp;&nbsp;AppTask_Uart1_Create
<LI><a href="#[d8]">&gt;&gt;</a>&nbsp;&nbsp;&nbsp;Module_Mode_Status_Display
<LI><a href="#[69]">&gt;&gt;</a>&nbsp;&nbsp;&nbsp;USB_Printf
<LI><a href="#[62]">&gt;&gt;</a>&nbsp;&nbsp;&nbsp;AppTask_Ble_Pair_Creat
<LI><a href="#[a0]">&gt;&gt;</a>&nbsp;&nbsp;&nbsp;Borad_Start_Init
</UL>
<BR>[Address Reference Count : 1]<UL><LI> apptask_start.o(i.AppTask_Start_Creat)
</UL>
<P><STRONG><a name="[d8]"></a>Module_Mode_Status_Display</STRONG> (Thumb, 110 bytes, Stack size 8 bytes, apptask_start.o(i.Module_Mode_Status_Display))
<BR><BR>[Stack]<UL><LI>Max Depth = 16<LI>Call Chain = Module_Mode_Status_Display &rArr; Board_Led_on
</UL>
<BR>[Calls]<UL><LI><a href="#[9f]">&gt;&gt;</a>&nbsp;&nbsp;&nbsp;Board_Led_on
<LI><a href="#[9e]">&gt;&gt;</a>&nbsp;&nbsp;&nbsp;Board_Led_off
<LI><a href="#[9d]">&gt;&gt;</a>&nbsp;&nbsp;&nbsp;Board_Led_Toggle
</UL>
<BR>[Called By]<UL><LI><a href="#[44]">&gt;&gt;</a>&nbsp;&nbsp;&nbsp;Mcu_startup_task
</UL>

<P><STRONG><a name="[1b]"></a>NMI_Handler</STRONG> (Thumb, 2 bytes, Stack size 0 bytes, stm32_it.o(i.NMI_Handler))
<BR>[Address Reference Count : 1]<UL><LI> startup_stm32f072.o(RESET)
</UL>
<P><STRONG><a name="[108]"></a>NVIC_Init</STRONG> (Thumb, 106 bytes, Stack size 0 bytes, stm32f0xx_misc.o(i.NVIC_Init))
<BR><BR>[Called By]<UL><LI><a href="#[79]">&gt;&gt;</a>&nbsp;&nbsp;&nbsp;Uart3_Rx_Dma_Config
<LI><a href="#[78]">&gt;&gt;</a>&nbsp;&nbsp;&nbsp;Uart3_Config
<LI><a href="#[74]">&gt;&gt;</a>&nbsp;&nbsp;&nbsp;Uart2_Rx_Dma_Config
<LI><a href="#[73]">&gt;&gt;</a>&nbsp;&nbsp;&nbsp;Uart2_Config
<LI><a href="#[70]">&gt;&gt;</a>&nbsp;&nbsp;&nbsp;Uart1_Rx_Dma_Config
<LI><a href="#[6f]">&gt;&gt;</a>&nbsp;&nbsp;&nbsp;Uart1_Config
<LI><a href="#[fc]">&gt;&gt;</a>&nbsp;&nbsp;&nbsp;USB_BSP_EnableInterrupt
</UL>

<P><STRONG><a name="[aa]"></a>PMAToUserBufferCopy</STRONG> (Thumb, 32 bytes, Stack size 16 bytes, usb_core.o(i.PMAToUserBufferCopy))
<BR><BR>[Stack]<UL><LI>Max Depth = 16<LI>Call Chain = PMAToUserBufferCopy
</UL>
<BR>[Called By]<UL><LI><a href="#[a7]">&gt;&gt;</a>&nbsp;&nbsp;&nbsp;CTR
</UL>

<P><STRONG><a name="[92]"></a>RCC_AHBPeriphClockCmd</STRONG> (Thumb, 28 bytes, Stack size 0 bytes, stm32f0xx_rcc.o(i.RCC_AHBPeriphClockCmd))
<BR><BR>[Called By]<UL><LI><a href="#[79]">&gt;&gt;</a>&nbsp;&nbsp;&nbsp;Uart3_Rx_Dma_Config
<LI><a href="#[78]">&gt;&gt;</a>&nbsp;&nbsp;&nbsp;Uart3_Config
<LI><a href="#[74]">&gt;&gt;</a>&nbsp;&nbsp;&nbsp;Uart2_Rx_Dma_Config
<LI><a href="#[73]">&gt;&gt;</a>&nbsp;&nbsp;&nbsp;Uart2_Config
<LI><a href="#[70]">&gt;&gt;</a>&nbsp;&nbsp;&nbsp;Uart1_Rx_Dma_Config
<LI><a href="#[6f]">&gt;&gt;</a>&nbsp;&nbsp;&nbsp;Uart1_Config
<LI><a href="#[91]">&gt;&gt;</a>&nbsp;&nbsp;&nbsp;Ble_IO_Init
<LI><a href="#[a1]">&gt;&gt;</a>&nbsp;&nbsp;&nbsp;USB_pullup_pin_cfg
<LI><a href="#[a0]">&gt;&gt;</a>&nbsp;&nbsp;&nbsp;Borad_Start_Init
</UL>

<P><STRONG><a name="[a3]"></a>RCC_APB1PeriphClockCmd</STRONG> (Thumb, 28 bytes, Stack size 0 bytes, stm32f0xx_rcc.o(i.RCC_APB1PeriphClockCmd))
<BR><BR>[Called By]<UL><LI><a href="#[78]">&gt;&gt;</a>&nbsp;&nbsp;&nbsp;Uart3_Config
<LI><a href="#[73]">&gt;&gt;</a>&nbsp;&nbsp;&nbsp;Uart2_Config
<LI><a href="#[fa]">&gt;&gt;</a>&nbsp;&nbsp;&nbsp;USB_BSP_Init
<LI><a href="#[a2]">&gt;&gt;</a>&nbsp;&nbsp;&nbsp;CRS_Config
</UL>

<P><STRONG><a name="[e9]"></a>RCC_APB1PeriphResetCmd</STRONG> (Thumb, 28 bytes, Stack size 0 bytes, stm32f0xx_rcc.o(i.RCC_APB1PeriphResetCmd))
<BR><BR>[Called By]<UL><LI><a href="#[e7]">&gt;&gt;</a>&nbsp;&nbsp;&nbsp;USART_DeInit
</UL>

<P><STRONG><a name="[113]"></a>RCC_APB2PeriphClockCmd</STRONG> (Thumb, 28 bytes, Stack size 0 bytes, stm32f0xx_rcc.o(i.RCC_APB2PeriphClockCmd))
<BR><BR>[Called By]<UL><LI><a href="#[6f]">&gt;&gt;</a>&nbsp;&nbsp;&nbsp;Uart1_Config
</UL>

<P><STRONG><a name="[e8]"></a>RCC_APB2PeriphResetCmd</STRONG> (Thumb, 28 bytes, Stack size 0 bytes, stm32f0xx_rcc.o(i.RCC_APB2PeriphResetCmd))
<BR><BR>[Called By]<UL><LI><a href="#[e7]">&gt;&gt;</a>&nbsp;&nbsp;&nbsp;USART_DeInit
</UL>

<P><STRONG><a name="[d9]"></a>RCC_GetClocksFreq</STRONG> (Thumb, 554 bytes, Stack size 32 bytes, stm32f0xx_rcc.o(i.RCC_GetClocksFreq))
<BR><BR>[Stack]<UL><LI>Max Depth = 44<LI>Call Chain = RCC_GetClocksFreq &rArr; __aeabi_uidivmod
</UL>
<BR>[Calls]<UL><LI><a href="#[da]">&gt;&gt;</a>&nbsp;&nbsp;&nbsp;__aeabi_uidivmod
</UL>
<BR>[Called By]<UL><LI><a href="#[ea]">&gt;&gt;</a>&nbsp;&nbsp;&nbsp;USART_Init
</UL>

<P><STRONG><a name="[109]"></a>RCC_USBCLKConfig</STRONG> (Thumb, 22 bytes, Stack size 0 bytes, stm32f0xx_rcc.o(i.RCC_USBCLKConfig))
<BR><BR>[Called By]<UL><LI><a href="#[fa]">&gt;&gt;</a>&nbsp;&nbsp;&nbsp;USB_BSP_Init
</UL>

<P><STRONG><a name="[db]"></a>Resume</STRONG> (Thumb, 206 bytes, Stack size 12 bytes, usbd_pwr.o(i.Resume))
<BR><BR>[Stack]<UL><LI>Max Depth = 20<LI>Call Chain = Resume &rArr; __ARM_common_switch8
</UL>
<BR>[Calls]<UL><LI><a href="#[dc]">&gt;&gt;</a>&nbsp;&nbsp;&nbsp;__ARM_common_switch8
<LI><a href="#[dd]">&gt;&gt;</a>&nbsp;&nbsp;&nbsp;Resume_Init
</UL>
<BR>[Called By]<UL><LI><a href="#[10d]">&gt;&gt;</a>&nbsp;&nbsp;&nbsp;USB_Istr
</UL>

<P><STRONG><a name="[dd]"></a>Resume_Init</STRONG> (Thumb, 28 bytes, Stack size 0 bytes, usbd_pwr.o(i.Resume_Init))
<BR><BR>[Called By]<UL><LI><a href="#[db]">&gt;&gt;</a>&nbsp;&nbsp;&nbsp;Resume
</UL>

<P><STRONG><a name="[6d]"></a>RingBuf_Count</STRONG> (Thumb, 18 bytes, Stack size 0 bytes, ring_buf.o(i.RingBuf_Count))
<BR><BR>[Called By]<UL><LI><a href="#[8c]">&gt;&gt;</a>&nbsp;&nbsp;&nbsp;Ble_ATCmd_ReadMac_Res_Check
<LI><a href="#[88]">&gt;&gt;</a>&nbsp;&nbsp;&nbsp;Ble_ATCmdPassthrough_Res_Check
<LI><a href="#[86]">&gt;&gt;</a>&nbsp;&nbsp;&nbsp;Ble_ATCmdDisconnecct_Res_Check
<LI><a href="#[47]">&gt;&gt;</a>&nbsp;&nbsp;&nbsp;AppTask_Uart3
<LI><a href="#[45]">&gt;&gt;</a>&nbsp;&nbsp;&nbsp;AppTask_Uart1
<LI><a href="#[de]">&gt;&gt;</a>&nbsp;&nbsp;&nbsp;RingBuf_UnusedCount
</UL>

<P><STRONG><a name="[84]"></a>RingBuf_Flush</STRONG> (Thumb, 10 bytes, Stack size 0 bytes, ring_buf.o(i.RingBuf_Flush))
<BR><BR>[Called By]<UL><LI><a href="#[81]">&gt;&gt;</a>&nbsp;&nbsp;&nbsp;Ble_ATCmdDisconnecct
<LI><a href="#[94]">&gt;&gt;</a>&nbsp;&nbsp;&nbsp;Ble_Info_Init
<LI><a href="#[89]">&gt;&gt;</a>&nbsp;&nbsp;&nbsp;Ble_ATCmdPassthrough_Send
<LI><a href="#[8b]">&gt;&gt;</a>&nbsp;&nbsp;&nbsp;Ble_ATCmd_ReadMac
</UL>

<P><STRONG><a name="[66]"></a>RingBuf_Init</STRONG> (Thumb, 14 bytes, Stack size 0 bytes, ring_buf.o(i.RingBuf_Init))
<BR><BR>[Called By]<UL><LI><a href="#[75]">&gt;&gt;</a>&nbsp;&nbsp;&nbsp;AppTask_Uart3_Init
<LI><a href="#[71]">&gt;&gt;</a>&nbsp;&nbsp;&nbsp;AppTask_Uart2_Init
<LI><a href="#[67]">&gt;&gt;</a>&nbsp;&nbsp;&nbsp;AppTask_Uart1_Init
<LI><a href="#[45]">&gt;&gt;</a>&nbsp;&nbsp;&nbsp;AppTask_Uart1
</UL>

<P><STRONG><a name="[b0]"></a>RingBuf_Peek</STRONG> (Thumb, 46 bytes, Stack size 12 bytes, ring_buf.o(i.RingBuf_Peek))
<BR><BR>[Stack]<UL><LI>Max Depth = 12<LI>Call Chain = RingBuf_Peek
</UL>
<BR>[Called By]<UL><LI><a href="#[6a]">&gt;&gt;</a>&nbsp;&nbsp;&nbsp;Cmd_Unpack
</UL>

<P><STRONG><a name="[b7]"></a>RingBuf_PeekCount</STRONG> (Thumb, 18 bytes, Stack size 0 bytes, ring_buf.o(i.RingBuf_PeekCount))
<BR><BR>[Called By]<UL><LI><a href="#[6a]">&gt;&gt;</a>&nbsp;&nbsp;&nbsp;Cmd_Unpack
</UL>

<P><STRONG><a name="[b6]"></a>RingBuf_Peek_Pos_Change</STRONG> (Thumb, 12 bytes, Stack size 0 bytes, ring_buf.o(i.RingBuf_Peek_Pos_Change))
<BR><BR>[Called By]<UL><LI><a href="#[6a]">&gt;&gt;</a>&nbsp;&nbsp;&nbsp;Cmd_Unpack
</UL>

<P><STRONG><a name="[b1]"></a>RingBuf_Peeked_Counter</STRONG> (Thumb, 16 bytes, Stack size 0 bytes, ring_buf.o(i.RingBuf_Peeked_Counter))
<BR><BR>[Called By]<UL><LI><a href="#[6a]">&gt;&gt;</a>&nbsp;&nbsp;&nbsp;Cmd_Unpack
</UL>

<P><STRONG><a name="[b3]"></a>RingBuf_Peeked_Flush</STRONG> (Thumb, 6 bytes, Stack size 0 bytes, ring_buf.o(i.RingBuf_Peeked_Flush))
<BR><BR>[Called By]<UL><LI><a href="#[6a]">&gt;&gt;</a>&nbsp;&nbsp;&nbsp;Cmd_Unpack
</UL>

<P><STRONG><a name="[b5]"></a>RingBuf_Peeked_Reset</STRONG> (Thumb, 6 bytes, Stack size 0 bytes, ring_buf.o(i.RingBuf_Peeked_Reset))
<BR><BR>[Called By]<UL><LI><a href="#[6a]">&gt;&gt;</a>&nbsp;&nbsp;&nbsp;Cmd_Unpack
</UL>

<P><STRONG><a name="[6b]"></a>RingBuf_Read</STRONG> (Thumb, 46 bytes, Stack size 12 bytes, ring_buf.o(i.RingBuf_Read))
<BR><BR>[Stack]<UL><LI>Max Depth = 12<LI>Call Chain = RingBuf_Read
</UL>
<BR>[Called By]<UL><LI><a href="#[8c]">&gt;&gt;</a>&nbsp;&nbsp;&nbsp;Ble_ATCmd_ReadMac_Res_Check
<LI><a href="#[88]">&gt;&gt;</a>&nbsp;&nbsp;&nbsp;Ble_ATCmdPassthrough_Res_Check
<LI><a href="#[86]">&gt;&gt;</a>&nbsp;&nbsp;&nbsp;Ble_ATCmdDisconnecct_Res_Check
<LI><a href="#[76]">&gt;&gt;</a>&nbsp;&nbsp;&nbsp;Uart_PassThrough
<LI><a href="#[45]">&gt;&gt;</a>&nbsp;&nbsp;&nbsp;AppTask_Uart1
</UL>

<P><STRONG><a name="[de]"></a>RingBuf_UnusedCount</STRONG> (Thumb, 20 bytes, Stack size 8 bytes, ring_buf.o(i.RingBuf_UnusedCount))
<BR><BR>[Stack]<UL><LI>Max Depth = 8<LI>Call Chain = RingBuf_UnusedCount
</UL>
<BR>[Calls]<UL><LI><a href="#[6d]">&gt;&gt;</a>&nbsp;&nbsp;&nbsp;RingBuf_Count
</UL>
<BR>[Called By]<UL><LI><a href="#[df]">&gt;&gt;</a>&nbsp;&nbsp;&nbsp;RingBuf_Write
</UL>

<P><STRONG><a name="[df]"></a>RingBuf_Write</STRONG> (Thumb, 62 bytes, Stack size 20 bytes, ring_buf.o(i.RingBuf_Write))
<BR><BR>[Stack]<UL><LI>Max Depth = 28<LI>Call Chain = RingBuf_Write &rArr; RingBuf_UnusedCount
</UL>
<BR>[Calls]<UL><LI><a href="#[de]">&gt;&gt;</a>&nbsp;&nbsp;&nbsp;RingBuf_UnusedCount
</UL>
<BR>[Called By]<UL><LI><a href="#[e6]">&gt;&gt;</a>&nbsp;&nbsp;&nbsp;Uart3_IDLE_ISR
<LI><a href="#[11f]">&gt;&gt;</a>&nbsp;&nbsp;&nbsp;Uart3_Dma_RX_ISR
<LI><a href="#[e5]">&gt;&gt;</a>&nbsp;&nbsp;&nbsp;Uart2_IDLE_ISR
<LI><a href="#[d1]">&gt;&gt;</a>&nbsp;&nbsp;&nbsp;Uart2_Dma_RX_ISR
<LI><a href="#[111]">&gt;&gt;</a>&nbsp;&nbsp;&nbsp;USB_User_Recieve_ISR
<LI><a href="#[e4]">&gt;&gt;</a>&nbsp;&nbsp;&nbsp;Uart1_IDLE_ISR
<LI><a href="#[d0]">&gt;&gt;</a>&nbsp;&nbsp;&nbsp;Uart1_Dma_RX_ISR
</UL>

<P><STRONG><a name="[cf]"></a>SetBTABLE</STRONG> (Thumb, 10 bytes, Stack size 0 bytes, usb_core.o(i.SetBTABLE))
<BR><BR>[Called By]<UL><LI><a href="#[cc]">&gt;&gt;</a>&nbsp;&nbsp;&nbsp;DCD_Init
</UL>

<P><STRONG><a name="[cd]"></a>SetCNTR</STRONG> (Thumb, 6 bytes, Stack size 0 bytes, usb_core.o(i.SetCNTR))
<BR><BR>[Called By]<UL><LI><a href="#[cc]">&gt;&gt;</a>&nbsp;&nbsp;&nbsp;DCD_Init
</UL>

<P><STRONG><a name="[c6]"></a>SetEPDblBuffAddr</STRONG> (Thumb, 46 bytes, Stack size 12 bytes, usb_core.o(i.SetEPDblBuffAddr))
<BR><BR>[Stack]<UL><LI>Max Depth = 12<LI>Call Chain = SetEPDblBuffAddr
</UL>
<BR>[Called By]<UL><LI><a href="#[c0]">&gt;&gt;</a>&nbsp;&nbsp;&nbsp;DCD_EP_Open
</UL>

<P><STRONG><a name="[c7]"></a>SetEPDblBuffCount</STRONG> (Thumb, 194 bytes, Stack size 16 bytes, usb_core.o(i.SetEPDblBuffCount))
<BR><BR>[Stack]<UL><LI>Max Depth = 16<LI>Call Chain = SetEPDblBuffCount
</UL>
<BR>[Called By]<UL><LI><a href="#[af]">&gt;&gt;</a>&nbsp;&nbsp;&nbsp;DCD_EP_PrepareRx
<LI><a href="#[c9]">&gt;&gt;</a>&nbsp;&nbsp;&nbsp;DCD_EP_Tx
</UL>

<P><STRONG><a name="[c5]"></a>SetEPDoubleBuff</STRONG> (Thumb, 30 bytes, Stack size 0 bytes, usb_core.o(i.SetEPDoubleBuff))
<BR><BR>[Called By]<UL><LI><a href="#[c0]">&gt;&gt;</a>&nbsp;&nbsp;&nbsp;DCD_EP_Open
</UL>

<P><STRONG><a name="[c3]"></a>SetEPRxAddr</STRONG> (Thumb, 26 bytes, Stack size 8 bytes, usb_core.o(i.SetEPRxAddr))
<BR><BR>[Stack]<UL><LI>Max Depth = 8<LI>Call Chain = SetEPRxAddr
</UL>
<BR>[Called By]<UL><LI><a href="#[c0]">&gt;&gt;</a>&nbsp;&nbsp;&nbsp;DCD_EP_Open
</UL>

<P><STRONG><a name="[c4]"></a>SetEPRxCount</STRONG> (Thumb, 72 bytes, Stack size 12 bytes, usb_core.o(i.SetEPRxCount))
<BR><BR>[Stack]<UL><LI>Max Depth = 12<LI>Call Chain = SetEPRxCount
</UL>
<BR>[Called By]<UL><LI><a href="#[af]">&gt;&gt;</a>&nbsp;&nbsp;&nbsp;DCD_EP_PrepareRx
<LI><a href="#[c0]">&gt;&gt;</a>&nbsp;&nbsp;&nbsp;DCD_EP_Open
</UL>

<P><STRONG><a name="[bc]"></a>SetEPRxStatus</STRONG> (Thumb, 68 bytes, Stack size 12 bytes, usb_core.o(i.SetEPRxStatus))
<BR><BR>[Stack]<UL><LI>Max Depth = 12<LI>Call Chain = SetEPRxStatus
</UL>
<BR>[Called By]<UL><LI><a href="#[af]">&gt;&gt;</a>&nbsp;&nbsp;&nbsp;DCD_EP_PrepareRx
<LI><a href="#[c0]">&gt;&gt;</a>&nbsp;&nbsp;&nbsp;DCD_EP_Open
<LI><a href="#[b8]">&gt;&gt;</a>&nbsp;&nbsp;&nbsp;DCD_EP_Close
<LI><a href="#[c8]">&gt;&gt;</a>&nbsp;&nbsp;&nbsp;DCD_EP_Stall
<LI><a href="#[bf]">&gt;&gt;</a>&nbsp;&nbsp;&nbsp;DCD_EP_ClrStall
</UL>

<P><STRONG><a name="[c2]"></a>SetEPTxAddr</STRONG> (Thumb, 24 bytes, Stack size 8 bytes, usb_core.o(i.SetEPTxAddr))
<BR><BR>[Stack]<UL><LI>Max Depth = 8<LI>Call Chain = SetEPTxAddr
</UL>
<BR>[Called By]<UL><LI><a href="#[c0]">&gt;&gt;</a>&nbsp;&nbsp;&nbsp;DCD_EP_Open
</UL>

<P><STRONG><a name="[cb]"></a>SetEPTxCount</STRONG> (Thumb, 20 bytes, Stack size 0 bytes, usb_core.o(i.SetEPTxCount))
<BR><BR>[Called By]<UL><LI><a href="#[10b]">&gt;&gt;</a>&nbsp;&nbsp;&nbsp;USB_CDC_Send
<LI><a href="#[c9]">&gt;&gt;</a>&nbsp;&nbsp;&nbsp;DCD_EP_Tx
</UL>

<P><STRONG><a name="[ba]"></a>SetEPTxStatus</STRONG> (Thumb, 60 bytes, Stack size 12 bytes, usb_core.o(i.SetEPTxStatus))
<BR><BR>[Stack]<UL><LI>Max Depth = 12<LI>Call Chain = SetEPTxStatus
</UL>
<BR>[Called By]<UL><LI><a href="#[c0]">&gt;&gt;</a>&nbsp;&nbsp;&nbsp;DCD_EP_Open
<LI><a href="#[b8]">&gt;&gt;</a>&nbsp;&nbsp;&nbsp;DCD_EP_Close
<LI><a href="#[c9]">&gt;&gt;</a>&nbsp;&nbsp;&nbsp;DCD_EP_Tx
<LI><a href="#[c8]">&gt;&gt;</a>&nbsp;&nbsp;&nbsp;DCD_EP_Stall
<LI><a href="#[bf]">&gt;&gt;</a>&nbsp;&nbsp;&nbsp;DCD_EP_ClrStall
</UL>

[...]
</UL>
<BR>[Calls]<UL><LI><a href="#[ed]">&gt;&gt;</a>&nbsp;&nbsp;&nbsp;USBD_CtlError
<LI><a href="#[ec]">&gt;&gt;</a>&nbsp;&nbsp;&nbsp;USBD_CtlSendStatus
<LI><a href="#[101]">&gt;&gt;</a>&nbsp;&nbsp;&nbsp;USBD_SetCfg
<LI><a href="#[102]">&gt;&gt;</a>&nbsp;&nbsp;&nbsp;USBD_ClrCfg
</UL>
<BR>[Called By]<UL><LI><a href="#[105]">&gt;&gt;</a>&nbsp;&nbsp;&nbsp;USBD_StdDevReq
</UL>

<P><STRONG><a name="[103]"></a>USBD_SetFeature</STRONG> (Thumb, 36 bytes, Stack size 16 bytes, usbd_req.o(i.USBD_SetFeature))
<BR><BR>[Stack]<UL><LI>Max Depth = 104<LI>Call Chain = USBD_SetFeature &rArr; USBD_CtlSendStatus &rArr; DCD_EP_Tx &rArr; UserToPMABufferCopy
</UL>
<BR>[Calls]<UL><LI><a href="#[ec]">&gt;&gt;</a>&nbsp;&nbsp;&nbsp;USBD_CtlSendStatus
</UL>
<BR>[Called By]<UL><LI><a href="#[105]">&gt;&gt;</a>&nbsp;&nbsp;&nbsp;USBD_StdDevReq
</UL>

<P><STRONG><a name="[e0]"></a>SetSysClock</STRONG> (Thumb, 206 bytes, Stack size 12 bytes, system_stm32f0xx.o(i.SetSysClock))
<BR><BR>[Stack]<UL><LI>Max Depth = 12<LI>Call Chain = SetSysClock
</UL>
<BR>[Called By]<UL><LI><a href="#[41]">&gt;&gt;</a>&nbsp;&nbsp;&nbsp;SystemInit
</UL>

<P><STRONG><a name="[a2]"></a>CRS_Config</STRONG> (Thumb, 32 bytes, Stack size 8 bytes, usb_bsp.o(i.CRS_Config))
<BR><BR>[Stack]<UL><LI>Max Depth = 8<LI>Call Chain = CRS_Config
</UL>
<BR>[Calls]<UL><LI><a href="#[a3]">&gt;&gt;</a>&nbsp;&nbsp;&nbsp;RCC_APB1PeriphClockCmd
<LI><a href="#[a4]">&gt;&gt;</a>&nbsp;&nbsp;&nbsp;CRS_SynchronizationSourceConfig
<LI><a href="#[a6]">&gt;&gt;</a>&nbsp;&nbsp;&nbsp;CRS_FrequencyErrorCounterCmd
<LI><a href="#[a5]">&gt;&gt;</a>&nbsp;&nbsp;&nbsp;CRS_AutomaticCalibrationCmd
</UL>
<BR>[Called By]<UL><LI><a href="#[fa]">&gt;&gt;</a>&nbsp;&nbsp;&nbsp;USB_BSP_Init
</UL>

<P><STRONG><a name="[d6]"></a>IntToUnicode</STRONG> (Thumb, 54 bytes, Stack size 12 bytes, usbd_desc.o(i.IntToUnicode))
<BR><BR>[Stack]<UL><LI>Max Depth = 12<LI>Call Chain = IntToUnicode
</UL>
<BR>[Called By]<UL><LI><a href="#[d5]">&gt;&gt;</a>&nbsp;&nbsp;&nbsp;Get_SerialNum
</UL>

<P><STRONG><a name="[161]"></a>prvSetupTimerInterrupt</STRONG> (Thumb, 12 bytes, Stack size 0 bytes, port.o(i.prvSetupTimerInterrupt))
<BR><BR>[Called By]<UL><LI><a href="#[15d]">&gt;&gt;</a>&nbsp;&nbsp;&nbsp;xPortStartScheduler
</UL>

<P><STRONG><a name="[4b]"></a>prvTaskExitError</STRONG> (Thumb, 6 bytes, Stack size 0 bytes, port.o(i.prvTaskExitError))
<BR>[Address Reference Count : 1]<UL><LI> port.o(i.pxPortInitialiseStack)
</UL>
<P><STRONG><a name="[15f]"></a>prvTestWaitCondition</STRONG> (Thumb, 34 bytes, Stack size 8 bytes, event_groups.o(i.prvTestWaitCondition))
<BR><BR>[Stack]<UL><LI>Max Depth = 8<LI>Call Chain = prvTestWaitCondition
</UL>
<BR>[Called By]<UL><LI><a href="#[68]">&gt;&gt;</a>&nbsp;&nbsp;&nbsp;xEventGroupWaitBits
</UL>

<P><STRONG><a name="[13e]"></a>prvCopyDataFromQueue</STRONG> (Thumb, 44 bytes, Stack size 16 bytes, queue.o(i.prvCopyDataFromQueue))
<BR><BR>[Stack]<UL><LI>Max Depth = 16<LI>Call Chain = prvCopyDataFromQueue
</UL>
<BR>[Calls]<UL><LI><a href="#[7d]">&gt;&gt;</a>&nbsp;&nbsp;&nbsp;__aeabi_memcpy
</UL>
<BR>[Called By]<UL><LI><a href="#[14b]">&gt;&gt;</a>&nbsp;&nbsp;&nbsp;xQueueGenericReceive
</UL>

<P><STRONG><a name="[13f]"></a>prvCopyDataToQueue</STRONG> (Thumb, 112 bytes, Stack size 24 bytes, queue.o(i.prvCopyDataToQueue))
<BR><BR>[Stack]<UL><LI>Max Depth = 24<LI>Call Chain = prvCopyDataToQueue
</UL>
<BR>[Calls]<UL><LI><a href="#[7d]">&gt;&gt;</a>&nbsp;&nbsp;&nbsp;__aeabi_memcpy
</UL>
<BR>[Called By]<UL><LI><a href="#[16a]">&gt;&gt;</a>&nbsp;&nbsp;&nbsp;xQueueGenericSendFromISR
<LI><a href="#[169]">&gt;&gt;</a>&nbsp;&nbsp;&nbsp;xQueueGenericSend
</UL>

<P><STRONG><a name="[145]"></a>prvIsQueueEmpty</STRONG> (Thumb, 28 bytes, Stack size 16 bytes, queue.o(i.prvIsQueueEmpty))
<BR><BR>[Stack]<UL><LI>Max Depth = 16<LI>Call Chain = prvIsQueueEmpty
</UL>
<BR>[Calls]<UL><LI><a href="#[138]">&gt;&gt;</a>&nbsp;&nbsp;&nbsp;vPortExitCritical
<LI><a href="#[135]">&gt;&gt;</a>&nbsp;&nbsp;&nbsp;vPortEnterCritical
</UL>
<BR>[Called By]<UL><LI><a href="#[14b]">&gt;&gt;</a>&nbsp;&nbsp;&nbsp;xQueueGenericReceive
</UL>

<P><STRONG><a name="[146]"></a>prvIsQueueFull</STRONG> (Thumb, 30 bytes, Stack size 16 bytes, queue.o(i.prvIsQueueFull))
<BR><BR>[Stack]<UL><LI>Max Depth = 16<LI>Call Chain = prvIsQueueFull
</UL>
<BR>[Calls]<UL><LI><a href="#[138]">&gt;&gt;</a>&nbsp;&nbsp;&nbsp;vPortExitCritical
<LI><a href="#[135]">&gt;&gt;</a>&nbsp;&nbsp;&nbsp;vPortEnterCritical
</UL>
<BR>[Called By]<UL><LI><a href="#[169]">&gt;&gt;</a>&nbsp;&nbsp;&nbsp;xQueueGenericSend
</UL>

<P><STRONG><a name="[151]"></a>prvUnlockQueue</STRONG> (Thumb, 138 bytes, Stack size 8 bytes, queue.o(i.prvUnlockQueue))
<BR><BR>[Stack]<UL><LI>Max Depth = 24<LI>Call Chain = prvUnlockQueue &rArr; xTaskRemoveFromEventList
</UL>
<BR>[Calls]<UL><LI><a href="#[152]">&gt;&gt;</a>&nbsp;&nbsp;&nbsp;xTaskRemoveFromEventList
<LI><a href="#[153]">&gt;&gt;</a>&nbsp;&nbsp;&nbsp;vTaskMissedYield
<LI><a href="#[138]">&gt;&gt;</a>&nbsp;&nbsp;&nbsp;vPortExitCritical
<LI><a href="#[135]">&gt;&gt;</a>&nbsp;&nbsp;&nbsp;vPortEnterCritical
</UL>
<BR>[Called By]<UL><LI><a href="#[169]">&gt;&gt;</a>&nbsp;&nbsp;&nbsp;xQueueGenericSend
<LI><a href="#[14b]">&gt;&gt;</a>&nbsp;&nbsp;&nbsp;xQueueGenericReceive
<LI><a href="#[14d]">&gt;&gt;</a>&nbsp;&nbsp;&nbsp;vQueueWaitForMessageRestricted
</UL>

<P><STRONG><a name="[12f]"></a>prvAddCurrentTaskToDelayedList</STRONG> (Thumb, 62 bytes, Stack size 8 bytes, tasks.o(i.prvAddCurrentTaskToDelayedList))
<BR><BR>[Stack]<UL><LI>Max Depth = 16<LI>Call Chain = prvAddCurrentTaskToDelayedList &rArr; vListInsert
</UL>
<BR>[Calls]<UL><LI><a href="#[130]">&gt;&gt;</a>&nbsp;&nbsp;&nbsp;vListInsert
</UL>
<BR>[Called By]<UL><LI><a href="#[85]">&gt;&gt;</a>&nbsp;&nbsp;&nbsp;vTaskDelay
<LI><a href="#[158]">&gt;&gt;</a>&nbsp;&nbsp;&nbsp;vTaskPlaceOnEventListRestricted
<LI><a href="#[159]">&gt;&gt;</a>&nbsp;&nbsp;&nbsp;vTaskPlaceOnEventList
<LI><a href="#[15b]">&gt;&gt;</a>&nbsp;&nbsp;&nbsp;vTaskPlaceOnUnorderedEventList
</UL>

<P><STRONG><a name="[131]"></a>prvAllocateTCBAndStack</STRONG> (Thumb, 56 bytes, Stack size 24 bytes, tasks.o(i.prvAllocateTCBAndStack))
<BR><BR>[Stack]<UL><LI>Max Depth = 104<LI>Call Chain = prvAllocateTCBAndStack &rArr; pvPortMalloc &rArr; xTaskResumeAll &rArr; xTaskIncrementTick &rArr; vApplicationTickHook &rArr; Ble_ConnectStatus_Monitor
</UL>
<BR>[Calls]<UL><LI><a href="#[133]">&gt;&gt;</a>&nbsp;&nbsp;&nbsp;vPortFree
<LI><a href="#[132]">&gt;&gt;</a>&nbsp;&nbsp;&nbsp;pvPortMalloc
</UL>
<BR>[Called By]<UL><LI><a href="#[64]">&gt;&gt;</a>&nbsp;&nbsp;&nbsp;xTaskGenericCreate
</UL>

<P><STRONG><a name="[139]"></a>prvCheckTasksWaitingTermination</STRONG> (Thumb, 90 bytes, Stack size 16 bytes, tasks.o(i.prvCheckTasksWaitingTermination))
<BR><BR>[Stack]<UL><LI>Max Depth = 96<LI>Call Chain = prvCheckTasksWaitingTermination &rArr; prvDeleteTCB &rArr; vPortFree &rArr; xTaskResumeAll &rArr; xTaskIncrementTick &rArr; vApplicationTickHook &rArr; Ble_ConnectStatus_Monitor
</UL>
<BR>[Calls]<UL><LI><a href="#[13d]">&gt;&gt;</a>&nbsp;&nbsp;&nbsp;prvDeleteTCB
<LI><a href="#[13c]">&gt;&gt;</a>&nbsp;&nbsp;&nbsp;uxListRemove
<LI><a href="#[13b]">&gt;&gt;</a>&nbsp;&nbsp;&nbsp;xTaskResumeAll
<LI><a href="#[13a]">&gt;&gt;</a>&nbsp;&nbsp;&nbsp;vTaskSuspendAll
<LI><a href="#[138]">&gt;&gt;</a>&nbsp;&nbsp;&nbsp;vPortExitCritical
<LI><a href="#[135]">&gt;&gt;</a>&nbsp;&nbsp;&nbsp;vPortEnterCritical
</UL>
<BR>[Called By]<UL><LI><a href="#[4c]">&gt;&gt;</a>&nbsp;&nbsp;&nbsp;prvIdleTask
</UL>

<P><STRONG><a name="[13d]"></a>prvDeleteTCB</STRONG> (Thumb, 18 bytes, Stack size 8 bytes, tasks.o(i.prvDeleteTCB))
<BR><BR>[Stack]<UL><LI>Max Depth = 80<LI>Call Chain = prvDeleteTCB &rArr; vPortFree &rArr; xTaskResumeAll &rArr; xTaskIncrementTick &rArr; vApplicationTickHook &rArr; Ble_ConnectStatus_Monitor
</UL>
<BR>[Calls]<UL><LI><a href="#[133]">&gt;&gt;</a>&nbsp;&nbsp;&nbsp;vPortFree
</UL>
<BR>[Called By]<UL><LI><a href="#[139]">&gt;&gt;</a>&nbsp;&nbsp;&nbsp;prvCheckTasksWaitingTermination
</UL>

<P><STRONG><a name="[4c]"></a>prvIdleTask</STRONG> (Thumb, 20 bytes, Stack size 0 bytes, tasks.o(i.prvIdleTask))
<BR><BR>[Stack]<UL><LI>Max Depth = 96<LI>Call Chain = prvIdleTask &rArr; prvCheckTasksWaitingTermination &rArr; prvDeleteTCB &rArr; vPortFree &rArr; xTaskResumeAll &rArr; xTaskIncrementTick &rArr; vApplicationTickHook &rArr; Ble_ConnectStatus_Monitor
</UL>
<BR>[Calls]<UL><LI><a href="#[139]">&gt;&gt;</a>&nbsp;&nbsp;&nbsp;prvCheckTasksWaitingTermination
<LI><a href="#[140]">&gt;&gt;</a>&nbsp;&nbsp;&nbsp;vPortYield
</UL>
<BR>[Address Reference Count : 1]<UL><LI> tasks.o(i.vTaskStartScheduler)
</UL>
<P><STRONG><a name="[141]"></a>prvInitialiseTCBVariables</STRONG> (Thumb, 86 bytes, Stack size 24 bytes, tasks.o(i.prvInitialiseTCBVariables))
<BR><BR>[Stack]<UL><LI>Max Depth = 24<LI>Call Chain = prvInitialiseTCBVariables
</UL>
<BR>[Calls]<UL><LI><a href="#[142]">&gt;&gt;</a>&nbsp;&nbsp;&nbsp;vListInitialiseItem
</UL>
<BR>[Called By]<UL><LI><a href="#[64]">&gt;&gt;</a>&nbsp;&nbsp;&nbsp;xTaskGenericCreate
</UL>

<P><STRONG><a name="[143]"></a>prvInitialiseTaskLists</STRONG> (Thumb, 68 bytes, Stack size 8 bytes, tasks.o(i.prvInitialiseTaskLists))
<BR><BR>[Stack]<UL><LI>Max Depth = 8<LI>Call Chain = prvInitialiseTaskLists
</UL>
<BR>[Calls]<UL><LI><a href="#[136]">&gt;&gt;</a>&nbsp;&nbsp;&nbsp;vListInitialise
</UL>
<BR>[Called By]<UL><LI><a href="#[64]">&gt;&gt;</a>&nbsp;&nbsp;&nbsp;xTaskGenericCreate
</UL>

<P><STRONG><a name="[16c]"></a>prvResetNextTaskUnblockTime</STRONG> (Thumb, 46 bytes, Stack size 0 bytes, tasks.o(i.prvResetNextTaskUnblockTime))
<BR><BR>[Called By]<UL><LI><a href="#[164]">&gt;&gt;</a>&nbsp;&nbsp;&nbsp;xTaskIncrementTick
</UL>

<P><STRONG><a name="[134]"></a>prvCheckForValidListAndQueue</STRONG> (Thumb, 58 bytes, Stack size 8 bytes, timers.o(i.prvCheckForValidListAndQueue))
<BR><BR>[Stack]<UL><LI>Max Depth = 120<LI>Call Chain = prvCheckForValidListAndQueue &rArr; xQueueGenericCreate &rArr; pvPortMalloc &rArr; xTaskResumeAll &rArr; xTaskIncrementTick &rArr; vApplicationTickHook &rArr; Ble_ConnectStatus_Monitor
</UL>
<BR>[Calls]<UL><LI><a href="#[137]">&gt;&gt;</a>&nbsp;&nbsp;&nbsp;xQueueGenericCreate
<LI><a href="#[136]">&gt;&gt;</a>&nbsp;&nbsp;&nbsp;vListInitialise
<LI><a href="#[138]">&gt;&gt;</a>&nbsp;&nbsp;&nbsp;vPortExitCritical
<LI><a href="#[135]">&gt;&gt;</a>&nbsp;&nbsp;&nbsp;vPortEnterCritical
</UL>
<BR>[Called By]<UL><LI><a href="#[15c]">&gt;&gt;</a>&nbsp;&nbsp;&nbsp;xTimerCreateTimerTask
</UL>

<P><STRONG><a name="[150]"></a>prvGetNextExpireTime</STRONG> (Thumb, 40 bytes, Stack size 0 bytes, timers.o(i.prvGetNextExpireTime))
<BR><BR>[Called By]<UL><LI><a href="#[4d]">&gt;&gt;</a>&nbsp;&nbsp;&nbsp;prvTimerTask
</UL>

<P><STRONG><a name="[144]"></a>prvInsertTimerInActiveList</STRONG> (Thumb, 76 bytes, Stack size 24 bytes, timers.o(i.prvInsertTimerInActiveList))
<BR><BR>[Stack]<UL><LI>Max Depth = 32<LI>Call Chain = prvInsertTimerInActiveList &rArr; vListInsert
</UL>
<BR>[Calls]<UL><LI><a href="#[130]">&gt;&gt;</a>&nbsp;&nbsp;&nbsp;vListInsert
</UL>
<BR>[Called By]<UL><LI><a href="#[149]">&gt;&gt;</a>&nbsp;&nbsp;&nbsp;prvProcessReceivedCommands
<LI><a href="#[147]">&gt;&gt;</a>&nbsp;&nbsp;&nbsp;prvProcessExpiredTimer
</UL>

<P><STRONG><a name="[147]"></a>prvProcessExpiredTimer</STRONG> (Thumb, 72 bytes, Stack size 24 bytes, timers.o(i.prvProcessExpiredTimer))
<BR><BR>[Stack]<UL><LI>Max Depth = 168<LI>Call Chain = prvProcessExpiredTimer &rArr; xTimerGenericCommand &rArr; xQueueGenericSend &rArr; xTaskResumeAll &rArr; xTaskIncrementTick &rArr; vApplicationTickHook &rArr; Ble_ConnectStatus_Monitor
</UL>
<BR>[Calls]<UL><LI><a href="#[13c]">&gt;&gt;</a>&nbsp;&nbsp;&nbsp;uxListRemove
<LI><a href="#[148]">&gt;&gt;</a>&nbsp;&nbsp;&nbsp;xTimerGenericCommand
<LI><a href="#[144]">&gt;&gt;</a>&nbsp;&nbsp;&nbsp;prvInsertTimerInActiveList
</UL>
<BR>[Called By]<UL><LI><a href="#[14c]">&gt;&gt;</a>&nbsp;&nbsp;&nbsp;prvProcessTimerOrBlockTask
</UL>

<P><STRONG><a name="[149]"></a>prvProcessReceivedCommands</STRONG> (Thumb, 208 bytes, Stack size 48 bytes, timers.o(i.prvProcessReceivedCommands))
<BR><BR>[Stack]<UL><LI>Max Depth = 240<LI>Call Chain = prvProcessReceivedCommands &rArr; prvSampleTimeNow &rArr; prvSwitchTimerLists &rArr; xTimerGenericCommand &rArr; xQueueGenericSend &rArr; xTaskResumeAll &rArr; xTaskIncrementTick &rArr; vApplicationTickHook &rArr; Ble_ConnectStatus_Monitor
</UL>
<BR>[Calls]<UL><LI><a href="#[dc]">&gt;&gt;</a>&nbsp;&nbsp;&nbsp;__ARM_common_switch8
<LI><a href="#[14b]">&gt;&gt;</a>&nbsp;&nbsp;&nbsp;xQueueGenericReceive
<LI><a href="#[13c]">&gt;&gt;</a>&nbsp;&nbsp;&nbsp;uxListRemove
<LI><a href="#[133]">&gt;&gt;</a>&nbsp;&nbsp;&nbsp;vPortFree
<LI><a href="#[148]">&gt;&gt;</a>&nbsp;&nbsp;&nbsp;xTimerGenericCommand
<LI><a href="#[14a]">&gt;&gt;</a>&nbsp;&nbsp;&nbsp;prvSampleTimeNow
<LI><a href="#[144]">&gt;&gt;</a>&nbsp;&nbsp;&nbsp;prvInsertTimerInActiveList
</UL>
<BR>[Called By]<UL><LI><a href="#[4d]">&gt;&gt;</a>&nbsp;&nbsp;&nbsp;prvTimerTask
</UL>

<P><STRONG><a name="[14c]"></a>prvProcessTimerOrBlockTask</STRONG> (Thumb, 76 bytes, Stack size 24 bytes, timers.o(i.prvProcessTimerOrBlockTask))
<BR><BR>[Stack]<UL><LI>Max Depth = 216<LI>Call Chain = prvProcessTimerOrBlockTask &rArr; prvSampleTimeNow &rArr; prvSwitchTimerLists &rArr; xTimerGenericCommand &rArr; xQueueGenericSend &rArr; xTaskResumeAll &rArr; xTaskIncrementTick &rArr; vApplicationTickHook &rArr; Ble_ConnectStatus_Monitor
</UL>
<BR>[Calls]<UL><LI><a href="#[14d]">&gt;&gt;</a>&nbsp;&nbsp;&nbsp;vQueueWaitForMessageRestricted
<LI><a href="#[13b]">&gt;&gt;</a>&nbsp;&nbsp;&nbsp;xTaskResumeAll
<LI><a href="#[13a]">&gt;&gt;</a>&nbsp;&nbsp;&nbsp;vTaskSuspendAll
<LI><a href="#[140]">&gt;&gt;</a>&nbsp;&nbsp;&nbsp;vPortYield
<LI><a href="#[14a]">&gt;&gt;</a>&nbsp;&nbsp;&nbsp;prvSampleTimeNow
<LI><a href="#[147]">&gt;&gt;</a>&nbsp;&nbsp;&nbsp;prvProcessExpiredTimer
</UL>
<BR>[Called By]<UL><LI><a href="#[4d]">&gt;&gt;</a>&nbsp;&nbsp;&nbsp;prvTimerTask
</UL>

<P><STRONG><a name="[14a]"></a>prvSampleTimeNow</STRONG> (Thumb, 40 bytes, Stack size 16 bytes, timers.o(i.prvSampleTimeNow))
<BR><BR>[Stack]<UL><LI>Max Depth = 192<LI>Call Chain = prvSampleTimeNow &rArr; prvSwitchTimerLists &rArr; xTimerGenericCommand &rArr; xQueueGenericSend &rArr; xTaskResumeAll &rArr; xTaskIncrementTick &rArr; vApplicationTickHook &rArr; Ble_ConnectStatus_Monitor
</UL>
<BR>[Calls]<UL><LI><a href="#[14e]">&gt;&gt;</a>&nbsp;&nbsp;&nbsp;xTaskGetTickCount
<LI><a href="#[14f]">&gt;&gt;</a>&nbsp;&nbsp;&nbsp;prvSwitchTimerLists
</UL>
<BR>[Called By]<UL><LI><a href="#[14c]">&gt;&gt;</a>&nbsp;&nbsp;&nbsp;prvProcessTimerOrBlockTask
<LI><a href="#[149]">&gt;&gt;</a>&nbsp;&nbsp;&nbsp;prvProcessReceivedCommands
</UL>

<P><STRONG><a name="[14f]"></a>prvSwitchTimerLists</STRONG> (Thumb, 120 bytes, Stack size 32 bytes, timers.o(i.prvSwitchTimerLists))
<BR><BR>[Stack]<UL><LI>Max Depth = 176<LI>Call Chain = prvSwitchTimerLists &rArr; xTimerGenericCommand &rArr; xQueueGenericSend &rArr; xTaskResumeAll &rArr; xTaskIncrementTick &rArr; vApplicationTickHook &rArr; Ble_ConnectStatus_Monitor
</UL>
<BR>[Calls]<UL><LI><a href="#[130]">&gt;&gt;</a>&nbsp;&nbsp;&nbsp;vListInsert
<LI><a href="#[13c]">&gt;&gt;</a>&nbsp;&nbsp;&nbsp;uxListRemove
<LI><a href="#[148]">&gt;&gt;</a>&nbsp;&nbsp;&nbsp;xTimerGenericCommand
</UL>
<BR>[Called By]<UL><LI><a href="#[14a]">&gt;&gt;</a>&nbsp;&nbsp;&nbsp;prvSampleTimeNow
</UL>

<P><STRONG><a name="[4d]"></a>prvTimerTask</STRONG> (Thumb, 26 bytes, Stack size 8 bytes, timers.o(i.prvTimerTask))
<BR><BR>[Stack]<UL><LI>Max Depth = 248<LI>Call Chain = prvTimerTask &rArr; prvProcessReceivedCommands &rArr; prvSampleTimeNow &rArr; prvSwitchTimerLists &rArr; xTimerGenericCommand &rArr; xQueueGenericSend &rArr; xTaskResumeAll &rArr; xTaskIncrementTick &rArr; vApplicationTickHook &rArr; Ble_ConnectStatus_Monitor
</UL>
<BR>[Calls]<UL><LI><a href="#[14c]">&gt;&gt;</a>&nbsp;&nbsp;&nbsp;prvProcessTimerOrBlockTask
<LI><a href="#[149]">&gt;&gt;</a>&nbsp;&nbsp;&nbsp;prvProcessReceivedCommands
<LI><a href="#[150]">&gt;&gt;</a>&nbsp;&nbsp;&nbsp;prvGetNextExpireTime
</UL>
<BR>[Address Reference Count : 1]<UL><LI> timers.o(i.xTimerCreateTimerTask)
</UL>
<P><STRONG><a name="[154]"></a>prvHeapInit</STRONG> (Thumb, 38 bytes, Stack size 0 bytes, heap_2.o(i.prvHeapInit))
<BR><BR>[Called By]<UL><LI><a href="#[132]">&gt;&gt;</a>&nbsp;&nbsp;&nbsp;pvPortMalloc
</UL>

<P><STRONG><a name="[124]"></a>_printf_core</STRONG> (Thumb, 768 bytes, Stack size 96 bytes, printf6.o(i._printf_core), UNUSED)
<BR><BR>[Calls]<UL><LI><a href="#[129]">&gt;&gt;</a>&nbsp;&nbsp;&nbsp;_printf_pre_padding
<LI><a href="#[12a]">&gt;&gt;</a>&nbsp;&nbsp;&nbsp;_printf_post_padding
<LI><a href="#[da]">&gt;&gt;</a>&nbsp;&nbsp;&nbsp;__aeabi_uidivmod
</UL>
<BR>[Called By]<UL><LI><a href="#[123]">&gt;&gt;</a>&nbsp;&nbsp;&nbsp;__0sprintf$6
</UL>

<P><STRONG><a name="[12a]"></a>_printf_post_padding</STRONG> (Thumb, 32 bytes, Stack size 24 bytes, printf6.o(i._printf_post_padding), UNUSED)
<BR><BR>[Called By]<UL><LI><a href="#[124]">&gt;&gt;</a>&nbsp;&nbsp;&nbsp;_printf_core
</UL>

<P><STRONG><a name="[129]"></a>_printf_pre_padding</STRONG> (Thumb, 44 bytes, Stack size 40 bytes, printf6.o(i._printf_pre_padding), UNUSED)
<BR><BR>[Called By]<UL><LI><a href="#[124]">&gt;&gt;</a>&nbsp;&nbsp;&nbsp;_printf_core
</UL>

<P><STRONG><a name="[49]"></a>_sputc</STRONG> (Thumb, 10 bytes, Stack size 0 bytes, printf6.o(i._sputc))
<BR><BR>[Called By]<UL><LI><a href="#[123]">&gt;&gt;</a>&nbsp;&nbsp;&nbsp;__0sprintf$6
</UL>
<BR>[Address Reference Count : 1]<UL><LI> printf6.o(i.__0sprintf$6)
</UL>
<P><STRONG><a name="[127]"></a>_fp_digits</STRONG> (Thumb, 316 bytes, Stack size 56 bytes, printfa.o(i._fp_digits), UNUSED)
<BR><BR>[Calls]<UL><LI><a href="#[54]">&gt;&gt;</a>&nbsp;&nbsp;&nbsp;__aeabi_uldivmod
<LI><a href="#[5d]">&gt;&gt;</a>&nbsp;&nbsp;&nbsp;__aeabi_dmul
<LI><a href="#[5e]">&gt;&gt;</a>&nbsp;&nbsp;&nbsp;__aeabi_ddiv
<LI><a href="#[57]">&gt;&gt;</a>&nbsp;&nbsp;&nbsp;__aeabi_dadd
<LI><a href="#[5f]">&gt;&gt;</a>&nbsp;&nbsp;&nbsp;__aeabi_d2ulz
<LI><a href="#[128]">&gt;&gt;</a>&nbsp;&nbsp;&nbsp;__aeabi_cdrcmple
</UL>
<BR>[Called By]<UL><LI><a href="#[126]">&gt;&gt;</a>&nbsp;&nbsp;&nbsp;_printf_core
</UL>

<P><STRONG><a name="[126]"></a>_printf_core</STRONG> (Thumb, 1754 bytes, Stack size 128 bytes, printfa.o(i._printf_core), UNUSED)
<BR><BR>[Calls]<UL><LI><a href="#[54]">&gt;&gt;</a>&nbsp;&nbsp;&nbsp;__aeabi_uldivmod
<LI><a href="#[12b]">&gt;&gt;</a>&nbsp;&nbsp;&nbsp;_printf_pre_padding
<LI><a href="#[12c]">&gt;&gt;</a>&nbsp;&nbsp;&nbsp;_printf_post_padding
<LI><a href="#[127]">&gt;&gt;</a>&nbsp;&nbsp;&nbsp;_fp_digits
<LI><a href="#[da]">&gt;&gt;</a>&nbsp;&nbsp;&nbsp;__aeabi_uidivmod
</UL>
<BR>[Called By]<UL><LI><a href="#[125]">&gt;&gt;</a>&nbsp;&nbsp;&nbsp;__0vsprintf
</UL>

<P><STRONG><a name="[12c]"></a>_printf_post_padding</STRONG> (Thumb, 32 bytes, Stack size 24 bytes, printfa.o(i._printf_post_padding), UNUSED)
<BR><BR>[Called By]<UL><LI><a href="#[126]">&gt;&gt;</a>&nbsp;&nbsp;&nbsp;_printf_core
</UL>

<P><STRONG><a name="[12b]"></a>_printf_pre_padding</STRONG> (Thumb, 44 bytes, Stack size 40 bytes, printfa.o(i._printf_pre_padding), UNUSED)
<BR><BR>[Called By]<UL><LI><a href="#[126]">&gt;&gt;</a>&nbsp;&nbsp;&nbsp;_printf_core
</UL>

<P><STRONG><a name="[4a]"></a>_sputc</STRONG> (Thumb, 10 bytes, Stack size 0 bytes, printfa.o(i._sputc))
<BR><BR>[Called By]<UL><LI><a href="#[125]">&gt;&gt;</a>&nbsp;&nbsp;&nbsp;__0vsprintf
</UL>
<BR>[Address Reference Count : 1]<UL><LI> printfa.o(i.__0vsprintf)
</UL><P>
<H3>
Undefined Global Symbols
</H3><HR></body></html>
