Component: ARM Compiler 5.06 update 2 (build 183) Tool: armlink [4d35b7]

==============================================================================

Section Cross References

    stm32_it.o(i.USB_IRQHandler) refers to usb_dcd_int.o(i.USB_Istr) for USB_Istr
    app.o(i.main) refers to apptask_start.o(i.AppTask_Start_Creat) for AppTask_Start_Creat
    app.o(i.main) refers to tasks.o(i.vTaskStartScheduler) for vTaskStartScheduler
    board.o(i.Board_Led_Toggle) refers to stm32f0xx_gpio.o(i.GPIO_SetBits) for GPIO_SetBits
    board.o(i.Board_Led_Toggle) refers to stm32f0xx_gpio.o(i.GPIO_ResetBits) for GPIO_ResetBits
    board.o(i.Board_Led_Toggle) refers to board.o(.data) for R
    board.o(i.Board_Led_off) refers to stm32f0xx_gpio.o(i.GPIO_SetBits) for GPIO_SetBits
    board.o(i.Board_Led_on) refers to stm32f0xx_gpio.o(i.GPIO_ResetBits) for GPIO_ResetBits
    board.o(i.Borad_Start_Init) refers to stm32f0xx_rcc.o(i.RCC_AHBPeriphClockCmd) for RCC_AHBPeriphClockCmd
    board.o(i.Borad_Start_Init) refers to stm32f0xx_gpio.o(i.GPIO_Init) for GPIO_Init
    board.o(i.Borad_Start_Init) refers to stm32f0xx_gpio.o(i.GPIO_SetBits) for GPIO_SetBits
    board.o(i.Borad_Start_Init) refers to board.o(i.USB_pullup_pin_cfg) for USB_pullup_pin_cfg
    board.o(i.Borad_Start_Init) refers to broadcom_ble.o(i.Ble_IO_Init) for Ble_IO_Init
    board.o(i.USB_pullup_High) refers to stm32f0xx_gpio.o(i.GPIO_SetBits) for GPIO_SetBits
    board.o(i.USB_pullup_pin_cfg) refers to stm32f0xx_rcc.o(i.RCC_AHBPeriphClockCmd) for RCC_AHBPeriphClockCmd
    board.o(i.USB_pullup_pin_cfg) refers to stm32f0xx_gpio.o(i.GPIO_Init) for GPIO_Init
    board.o(i.USB_pullup_pin_cfg) refers to stm32f0xx_gpio.o(i.GPIO_ResetBits) for GPIO_ResetBits
    apptask_broadcomble.o(i.AppTask_Ble_Pair_Creat) refers to event_groups.o(i.xEventGroupCreate) for xEventGroupCreate
    apptask_broadcomble.o(i.AppTask_Ble_Pair_Creat) refers to tasks.o(i.xTaskGenericCreate) for xTaskGenericCreate
    apptask_broadcomble.o(i.AppTask_Ble_Pair_Creat) refers to apptask_broadcomble.o(.bss) for Ble_Pair_Handle
    apptask_broadcomble.o(i.AppTask_Ble_Pair_Creat) refers to apptask_broadcomble.o(.data) for BLE_Pair_EventGroup_Handle
    apptask_broadcomble.o(i.AppTask_Ble_Pair_Creat) refers to apptask_broadcomble.o(i.ble_pair_task) for ble_pair_task
    apptask_broadcomble.o(i.BleCmd_Request_Notifiacation) refers to event_groups.o(i.xEventGroupSetBits) for xEventGroupSetBits
    apptask_broadcomble.o(i.BleCmd_Request_Notifiacation) refers to apptask_broadcomble.o(.data) for BLE_Pair_EventGroup_Handle
    apptask_broadcomble.o(i.BleRecieved_Mater_Broadcast_cmd) refers to memcpya.o(.text) for __aeabi_memcpy
    apptask_broadcomble.o(i.BleRecieved_Mater_Broadcast_cmd) refers to apptask_broadcomble.o(.bss) for Ble_Pair_Handle
    apptask_broadcomble.o(i.BleRecived_Slave_Broadcast_cmd_Ack) refers to memcpya.o(.text) for __aeabi_memcpy
    apptask_broadcomble.o(i.BleRecived_Slave_Broadcast_cmd_Ack) refers to apptask_broadcomble.o(.bss) for Ble_Pair_Handle
    apptask_broadcomble.o(i.BleSlave_Send_Broadcast_cmd_Ack) refers to old_protocol.o(i.Cmd_Pack_Send) for Cmd_Pack_Send
    apptask_broadcomble.o(i.BleSlave_Send_Broadcast_cmd_Ack) refers to apptask_broadcomble.o(.bss) for Ble_Pair_Handle
    apptask_broadcomble.o(i.BleSlave_Send_Broadcast_cmd_Ack) refers to apptask_uart2.o(.bss) for Uart2_Protocol_Unpack_Handle
    apptask_broadcomble.o(i.Ble_Pair_Broadcast_Cmd_Send) refers to serialmanager.o(i.USB_Printf) for USB_Printf
    apptask_broadcomble.o(i.Ble_Pair_Broadcast_Cmd_Send) refers to memcpya.o(.text) for __aeabi_memcpy
    apptask_broadcomble.o(i.Ble_Pair_Broadcast_Cmd_Send) refers to old_protocol.o(i.Cmd_Pack_Send) for Cmd_Pack_Send
    apptask_broadcomble.o(i.Ble_Pair_Broadcast_Cmd_Send) refers to apptask_broadcomble.o(.bss) for Ble_Pair_Handle
    apptask_broadcomble.o(i.Ble_Pair_Broadcast_Cmd_Send) refers to apptask_start.o(.bss) for Passthrough_Handle
    apptask_broadcomble.o(i.Ble_Pair_Broadcast_Cmd_Send) refers to broadcom_ble.o(.bss) for Ble_Cfg_Mac
    apptask_broadcomble.o(i.Ble_Pair_Broadcast_Cmd_Send) refers to apptask_uart1.o(.bss) for Uart1_Protocol_Unpack_Handle
    apptask_broadcomble.o(i.ble_pair_task) refers to event_groups.o(i.xEventGroupWaitBits) for xEventGroupWaitBits
    apptask_broadcomble.o(i.ble_pair_task) refers to serialmanager.o(i.USB_Printf) for USB_Printf
    apptask_broadcomble.o(i.ble_pair_task) refers to memcpya.o(.text) for __aeabi_memcpy
    apptask_broadcomble.o(i.ble_pair_task) refers to broadcom_ble.o(i.Ble_ATCmdPassthrough_Send) for Ble_ATCmdPassthrough_Send
    apptask_broadcomble.o(i.ble_pair_task) refers to broadcom_ble.o(i.Ble_Info_Write) for Ble_Info_Write
    apptask_broadcomble.o(i.ble_pair_task) refers to memcmp.o(.text) for memcmp
    apptask_broadcomble.o(i.ble_pair_task) refers to stm32f0xx_usart.o(i.USART_Cmd) for USART_Cmd
[...]
    R                                        0x20000100   Data           1  board.o(.data)
    G                                        0x20000101   Data           1  board.o(.data)
    B                                        0x20000102   Data           1  board.o(.data)
    .data                                    0x20000104   Section        4  apptask_broadcomble.o(.data)
    BLE_Pair_EventGroup_Handle               0x20000104   Data           4  apptask_broadcomble.o(.data)
    .data                                    0x20000108   Section        4  apptask_uart1.o(.data)
    Uart1_EventGroup_Handle                  0x20000108   Data           4  apptask_uart1.o(.data)
    .data                                    0x2000010c   Section        4  apptask_uart2.o(.data)
    Uart2_EventGroup_Handle                  0x2000010c   Data           4  apptask_uart2.o(.data)
    .data                                    0x20000110   Section        4  apptask_uart3.o(.data)
    Uart3_EventGroup_Handle                  0x20000110   Data           4  apptask_uart3.o(.data)
    .data                                    0x20000114   Section        5  broadcom_ble.o(.data)
    Com_Rx_Handle                            0x20000114   Data           4  broadcom_ble.o(.data)
    send_counter                             0x20000118   Data           1  broadcom_ble.o(.data)
    .data                                    0x2000011c   Section       68  usbd_cdc_core.o(.data)
    usbd_cdc_AltSet                          0x2000011c   Data           4  usbd_cdc_core.o(.data)
    cdcCmd                                   0x20000130   Data           4  usbd_cdc_core.o(.data)
    cdcLen                                   0x20000134   Data           4  usbd_cdc_core.o(.data)
    FrameCount                               0x2000015c   Data           4  usbd_cdc_core.o(.data)
    .data                                    0x20000160   Section        4  usb_dcd.o(.data)
    .data                                    0x20000164   Section       32  usbd_core.o(.data)
    .data                                    0x20000184   Section        5  usbd_req.o(.data)
    cfgidx                                   0x20000188   Data           1  usbd_req.o(.data)
    .data                                    0x20000189   Section       16  stm32f0xx_rcc.o(.data)
    APBAHBPrescTable                         0x20000189   Data          16  stm32f0xx_rcc.o(.data)
    .data                                    0x20000199   Section        1  hw_config.o(.data)
    .data                                    0x2000019c   Section       54  usbd_desc.o(.data)
    .data                                    0x200001d4   Section        8  usbd_pwr.o(.data)
    .data                                    0x200001dc   Section       20  usbd_usr.o(.data)
    .data                                    0x200001f0   Section        4  port.o(.data)
    uxCriticalNesting                        0x200001f0   Data           4  port.o(.data)
    .data                                    0x200001f4   Section       56  tasks.o(.data)
    pxDelayedTaskList                        0x200001f8   Data           4  tasks.o(.data)
    pxOverflowDelayedTaskList                0x200001fc   Data           4  tasks.o(.data)
    uxTasksDeleted                           0x20000200   Data           4  tasks.o(.data)
    uxCurrentNumberOfTasks                   0x20000204   Data           4  tasks.o(.data)
    xTickCount                               0x20000208   Data           4  tasks.o(.data)
    uxTopReadyPriority                       0x2000020c   Data           4  tasks.o(.data)
    xSchedulerRunning                        0x20000210   Data           4  tasks.o(.data)
    uxPendedTicks                            0x20000214   Data           4  tasks.o(.data)
    xYieldPending                            0x20000218   Data           4  tasks.o(.data)
    xNumOfOverflows                          0x2000021c   Data           4  tasks.o(.data)
    uxTaskNumber                             0x20000220   Data           4  tasks.o(.data)
    xNextTaskUnblockTime                     0x20000224   Data           4  tasks.o(.data)
    uxSchedulerSuspended                     0x20000228   Data           4  tasks.o(.data)
    .data                                    0x2000022c   Section       16  timers.o(.data)
    pxCurrentTimerList                       0x2000022c   Data           4  timers.o(.data)
    pxOverflowTimerList                      0x20000230   Data           4  timers.o(.data)
    xTimerQueue                              0x20000234   Data           4  timers.o(.data)
    xLastTime                                0x20000238   Data           4  timers.o(.data)
    .data                                    0x2000023c   Section       24  heap_2.o(.data)
    xStart                                   0x2000023c   Data           8  heap_2.o(.data)
    xEnd                                     0x20000244   Data           8  heap_2.o(.data)
    xFreeBytesRemaining                      0x2000024c   Data           4  heap_2.o(.data)
    xHeapHasBeenInitialised                  0x20000250   Data           4  heap_2.o(.data)
    .bss                                     0x20000254   Section       17  apptask_broadcomble.o(.bss)
    .bss                                     0x20000266   Section       12  apptask_start.o(.bss)
    .bss                                     0x20000274   Section      804  apptask_uart1.o(.bss)
    UART1_Rx_Buf                             0x20000284   Data         256  apptask_uart1.o(.bss)
    UART1_DMA_Rx_Buf                         0x20000384   Data         256  apptask_uart1.o(.bss)
    Uart1_Unpack_Cache                       0x20000498   Data         256  apptask_uart1.o(.bss)
    .bss                                     0x20000598   Section      804  apptask_uart2.o(.bss)
    UART2_Rx_Buf                             0x200005a8   Data         256  apptask_uart2.o(.bss)
    UART2_DMA_Rx_Buf                         0x200006a8   Data         256  apptask_uart2.o(.bss)
    Uart2_Unpack_Cache                       0x200007bc   Data         256  apptask_uart2.o(.bss)
    .bss                                     0x200008bc   Section      804  apptask_uart3.o(.bss)
    UART3_Rx_Buf                             0x200008cc   Data         256  apptask_uart3.o(.bss)
    UART3_DMA_Rx_Buf                         0x200009cc   Data         256  apptask_uart3.o(.bss)
    Uart3_Unpack_Cache                       0x20000ae0   Data         256  apptask_uart3.o(.bss)
    .bss                                     0x20000be0   Section       26  broadcom_ble.o(.bss)
    .bss                                     0x20000bfc   Section      528  ring_buf.o(.bss)
    .bss                                     0x20000e0c   Section      196  usbd_cdc_core.o(.bss)
    .bss                                     0x20000ed0   Section      255  usbd_req.o(.bss)
    .bss                                     0x20000fd0   Section      360  hw_config.o(.bss)
    .bss                                     0x20001138   Section      200  tasks.o(.bss)
    pxReadyTasksLists                        0x20001138   Data         100  tasks.o(.bss)
    xDelayedTaskList1                        0x2000119c   Data          20  tasks.o(.bss)
    xDelayedTaskList2                        0x200011b0   Data          20  tasks.o(.bss)
    xPendingReadyList                        0x200011c4   Data          20  tasks.o(.bss)
    xTasksWaitingTermination                 0x200011d8   Data          20  tasks.o(.bss)
    xSuspendedTaskList                       0x200011ec   Data          20  tasks.o(.bss)
    .bss                                     0x20001200   Section       40  timers.o(.bss)
    xActiveTimerList1                        0x20001200   Data          20  timers.o(.bss)
    xActiveTimerList2                        0x20001214   Data          20  timers.o(.bss)
    .bss                                     0x20001228   Section     6144  heap_2.o(.bss)
    ucHeap                                   0x20001228   Data        6144  heap_2.o(.bss)
    STACK                                    0x20002a28   Section     1024  startup_stm32f072.o(STACK)

    Global Symbols

    Symbol Name                              Value     Ov Type        Size  Object(Section)

    BuildAttributes$$THM_ISAv3M$S$PE$A:L22$X:L11$S22$IEEE1$IW$USESV6$~STKCKD$USESV7$~SHL$OSPACE$ROPI$EBA8$MICROLIB$REQ8$PRES8$EABIv2 0x00000000   Number         0  anon$$obj.o ABSOLUTE
    __ARM_use_no_argv                        0x00000000   Number         0  app.o ABSOLUTE
    _printf_a                                0x00000000   Number         0  stubs.o ABSOLUTE
    _printf_c                                0x00000000   Number         0  stubs.o ABSOLUTE
    _printf_charcount                        0x00000000   Number         0  stubs.o ABSOLUTE
    _printf_d                                0x00000000   Number         0  stubs.o ABSOLUTE
    _printf_e                                0x00000000   Number         0  stubs.o ABSOLUTE
    _printf_f                                0x00000000   Number         0  stubs.o ABSOLUTE
    _printf_flags                            0x00000000   Number         0  stubs.o ABSOLUTE
    _printf_fp_dec                           0x00000000   Number         0  stubs.o ABSOLUTE
    _printf_fp_hex                           0x00000000   Number         0  stubs.o ABSOLUTE
    _printf_g                                0x00000000   Number         0  stubs.o ABSOLUTE
    _printf_i                                0x00000000   Number         0  stubs.o ABSOLUTE
    _printf_int_dec                          0x00000000   Number         0  stubs.o ABSOLUTE
    _printf_l                                0x00000000   Number         0  stubs.o ABSOLUTE
    _printf_lc                               0x00000000   Number         0  stubs.o ABSOLUTE
    _printf_ll                               0x00000000   Number         0  stubs.o ABSOLUTE
    _printf_lld                              0x00000000   Number         0  stubs.o ABSOLUTE
    _printf_lli                              0x00000000   Number         0  stubs.o ABSOLUTE
    _printf_llo                              0x00000000   Number         0  stubs.o ABSOLUTE
    _printf_llu                              0x00000000   Number         0  stubs.o ABSOLUTE
    _printf_llx                              0x00000000   Number         0  stubs.o ABSOLUTE
    _printf_longlong_dec                     0x00000000   Number         0  stubs.o ABSOLUTE
    _printf_longlong_hex                     0x00000000   Number         0  stubs.o ABSOLUTE
    _printf_longlong_oct                     0x00000000   Number         0  stubs.o ABSOLUTE
    _printf_ls                               0x00000000   Number         0  stubs.o ABSOLUTE
    _printf_mbtowc                           0x00000000   Number         0  stubs.o ABSOLUTE
    _printf_n                                0x00000000   Number         0  stubs.o ABSOLUTE
    _printf_o                                0x00000000   Number         0  stubs.o ABSOLUTE
    _printf_p                                0x00000000   Number         0  stubs.o ABSOLUTE
    _printf_percent                          0x00000000   Number         0  stubs.o ABSOLUTE
    _printf_pre_padding                      0x00000000   Number         0  stubs.o ABSOLUTE
    _printf_return_value                     0x00000000   Number         0  stubs.o ABSOLUTE
    _printf_s                                0x00000000   Number         0  stubs.o ABSOLUTE
    _printf_sizespec                         0x00000000   Number         0  stubs.o ABSOLUTE
    _printf_str                              0x00000000   Number         0  stubs.o ABSOLUTE
    _printf_truncate_signed                  0x00000000   Number         0  stubs.o ABSOLUTE
    _printf_truncate_unsigned                0x00000000   Number         0  stubs.o ABSOLUTE
    _printf_u                                0x00000000   Number         0  stubs.o ABSOLUTE
    _printf_wc                               0x00000000   Number         0  stubs.o ABSOLUTE
    _printf_wctomb                           0x00000000   Number         0  stubs.o ABSOLUTE
    _printf_widthprec                        0x00000000   Number         0  stubs.o ABSOLUTE
    _printf_x                                0x00000000   Number         0  stubs.o ABSOLUTE
    __cpp_initialize__aeabi_                  - Undefined Weak Reference
    __cxa_finalize                            - Undefined Weak Reference
    _clock_init                               - Undefined Weak Reference
    _microlib_exit                            - Undefined Weak Reference
    __Vectors_Size                           0x000000c0   Number         0  startup_stm32f072.o ABSOLUTE
    __Vectors                                0x08000000   Data           4  startup_stm32f072.o(RESET)
    __Vectors_End                            0x080000c0   Data           0  startup_stm32f072.o(RESET)
    __main                                   0x080000c1   Thumb Code     0  entry.o(.ARM.Collect$$$$00000000)
    _main_stk                                0x080000c1   Thumb Code     0  entry2.o(.ARM.Collect$$$$00000001)
    _main_scatterload                        0x080000c5   Thumb Code     0  entry5.o(.ARM.Collect$$$$00000004)
    __main_after_scatterload                 0x080000c9   Thumb Code     0  entry5.o(.ARM.Collect$$$$00000004)
    _main_clock                              0x080000c9   Thumb Code     0  entry7b.o(.ARM.Collect$$$$00000008)
    _main_cpp_init                           0x080000c9   Thumb Code     0  entry8b.o(.ARM.Collect$$$$0000000A)
    _main_init                               0x080000c9   Thumb Code     0  entry9a.o(.ARM.Collect$$$$0000000B)
    __rt_final_cpp                           0x080000d1   Thumb Code     0  entry10a.o(.ARM.Collect$$$$0000000D)
    __rt_final_exit                          0x080000d1   Thumb Code     0  entry11a.o(.ARM.Collect$$$$0000000F)
    __asm___6_port_c_39a90d8d__prvPortStartFirstTask 0x080000d5   Thumb Code    28  port.o(.emb_text)
    ulSetInterruptMaskFromISR                0x080000f5   Thumb Code     8  port.o(.emb_text)
    vClearInterruptMaskFromISR               0x080000fd   Thumb Code     6  port.o(.emb_text)
    xPortPendSVHandler                       0x08000103   Thumb Code    62  port.o(.emb_text)
    Reset_Handler                            0x08000145   Thumb Code    38  startup_stm32f072.o(.text)
    ADC1_COMP_IRQHandler                     0x08000175   Thumb Code     0  startup_stm32f072.o(.text)
    CEC_CAN_IRQHandler                       0x08000175   Thumb Code     0  startup_stm32f072.o(.text)
    DMA1_Channel1_IRQHandler                 0x08000175   Thumb Code     0  startup_stm32f072.o(.text)
    EXTI0_1_IRQHandler                       0x08000175   Thumb Code     0  startup_stm32f072.o(.text)
    EXTI2_3_IRQHandler                       0x08000175   Thumb Code     0  startup_stm32f072.o(.text)
    EXTI4_15_IRQHandler                      0x08000175   Thumb Code     0  startup_stm32f072.o(.text)
    FLASH_IRQHandler                         0x08000175   Thumb Code     0  startup_stm32f072.o(.text)
    I2C1_IRQHandler                          0x08000175   Thumb Code     0  startup_stm32f072.o(.text)
    I2C2_IRQHandler                          0x08000175   Thumb Code     0  startup_stm32f072.o(.text)
    PVD_VDDIO2_IRQHandler                    0x08000175   Thumb Code     0  startup_stm32f072.o(.text)
    RCC_CRS_IRQHandler                       0x08000175   Thumb Code     0  startup_stm32f072.o(.text)
    RTC_IRQHandler                           0x08000175   Thumb Code     0  startup_stm32f072.o(.text)
    SPI1_IRQHandler                          0x08000175   Thumb Code     0  startup_stm32f072.o(.text)
    SPI2_IRQHandler                          0x08000175   Thumb Code     0  startup_stm32f072.o(.text)
    TIM14_IRQHandler                         0x08000175   Thumb Code     0  startup_stm32f072.o(.text)
    TIM15_IRQHandler                         0x08000175   Thumb Code     0  startup_stm32f072.o(.text)
    TIM16_IRQHandler                         0x08000175   Thumb Code     0  startup_stm32f072.o(.text)
    TIM17_IRQHandler                         0x08000175   Thumb Code     0  startup_stm32f072.o(.text)
    TIM1_BRK_UP_TRG_COM_IRQHandler           0x08000175   Thumb Code     0  startup_stm32f072.o(.text)
    TIM1_CC_IRQHandler                       0x08000175   Thumb Code     0  startup_stm32f072.o(.text)
    TIM2_IRQHandler                          0x08000175   Thumb Code     0  startup_stm32f072.o(.text)
    TIM3_IRQHandler                          0x08000175   Thumb Code     0  startup_stm32f072.o(.text)
    TIM6_DAC_IRQHandler                      0x08000175   Thumb Code     0  startup_stm32f072.o(.text)
    TIM7_IRQHandler                          0x08000175   Thumb Code     0  startup_stm32f072.o(.text)
    TSC_IRQHandler                           0x08000175   Thumb Code     0  startup_stm32f072.o(.text)
    WWDG_IRQHandler                          0x08000175   Thumb Code     0  startup_stm32f072.o(.text)
    __aeabi_uidiv                            0x0800019d   Thumb Code     0  uidiv.o(.text)
    __aeabi_uidivmod                         0x0800019d   Thumb Code    44  uidiv.o(.text)
    __aeabi_memcpy                           0x080001c9   Thumb Code    36  memcpya.o(.text)
    __aeabi_memcpy4                          0x080001c9   Thumb Code     0  memcpya.o(.text)
    __aeabi_memcpy8                          0x080001c9   Thumb Code     0  memcpya.o(.text)
    __aeabi_memset                           0x080001ed   Thumb Code    14  memseta.o(.text)
    __aeabi_memset4                          0x080001ed   Thumb Code     0  memseta.o(.text)
    __aeabi_memset8                          0x080001ed   Thumb Code     0  memseta.o(.text)
    __aeabi_memclr                           0x080001fb   Thumb Code     4  memseta.o(.text)
    __aeabi_memclr4                          0x080001fb   Thumb Code     0  memseta.o(.text)
    __aeabi_memclr8                          0x080001fb   Thumb Code     0  memseta.o(.text)
    _memset$wrapper                          0x080001ff   Thumb Code    18  memseta.o(.text)
    memcmp                                   0x08000211   Thumb Code    26  memcmp.o(.text)
    __aeabi_uldivmod                         0x0800022b   Thumb Code    96  uldiv.o(.text)
    __I$use$fp                               0x0800028b   Thumb Code     0  iusefp.o(.text)
    __aeabi_dadd                             0x0800028d   Thumb Code   328  dadd.o(.text)
    __aeabi_dsub                             0x080003d5   Thumb Code    12  dadd.o(.text)
    __aeabi_drsub                            0x080003e1   Thumb Code    12  dadd.o(.text)
    __aeabi_dmul                             0x080003f1   Thumb Code   202  dmul.o(.text)
    __aeabi_ddiv                             0x080004c1   Thumb Code   234  ddiv.o(.text)
    __aeabi_d2ulz                            0x080005b1   Thumb Code    54  dfixul.o(.text)
    __aeabi_cdrcmple                         0x080005f1   Thumb Code    38  cdrcmple.o(.text)
    __scatterload                            0x08000619   Thumb Code    28  init.o(.text)
    __scatterload_rt2                        0x08000619   Thumb Code     0  init.o(.text)
    __aeabi_llsl                             0x0800063d   Thumb Code    32  llshl.o(.text)
    _ll_shift_l                              0x0800063d   Thumb Code     0  llshl.o(.text)
    __aeabi_llsr                             0x0800065d   Thumb Code    34  llushr.o(.text)
    _ll_ushift_r                             0x0800065d   Thumb Code     0  llushr.o(.text)
    __aeabi_lasr                             0x0800067f   Thumb Code    38  llsshr.o(.text)
    _ll_sshift_r                             0x0800067f   Thumb Code     0  llsshr.o(.text)
    _double_round                            0x080006a5   Thumb Code    26  depilogue.o(.text)
    _double_epilogue                         0x080006bf   Thumb Code   164  depilogue.o(.text)
    __decompress                             0x08000763   Thumb Code     0  __dczerorl2.o(.text)
    __decompress1                            0x08000763   Thumb Code    86  __dczerorl2.o(.text)
    AppTask_Ble_Pair_Creat                   0x080007b9   Thumb Code    50  apptask_broadcomble.o(i.AppTask_Ble_Pair_Creat)
    AppTask_Start_Creat                      0x08000805   Thumb Code    26  apptask_start.o(i.AppTask_Start_Creat)
    AppTask_Uart1_Create                     0x080008ed   Thumb Code    42  apptask_uart1.o(i.AppTask_Uart1_Create)
    AppTask_Uart1_Init                       0x08000931   Thumb Code    56  apptask_uart1.o(i.AppTask_Uart1_Init)
    AppTask_Uart2_Create                     0x080009f1   Thumb Code    42  apptask_uart2.o(i.AppTask_Uart2_Create)
    AppTask_Uart2_Init                       0x08000a35   Thumb Code    56  apptask_uart2.o(i.AppTask_Uart2_Init)
    AppTask_Uart3_Create                     0x08000af9   Thumb Code    42  apptask_uart3.o(i.AppTask_Uart3_Create)
    AppTask_Uart3_Init                       0x08000b3d   Thumb Code    56  apptask_uart3.o(i.AppTask_Uart3_Init)
    BleCmd_Request_Notifiacation             0x08000b8d   Thumb Code    14  apptask_broadcomble.o(i.BleCmd_Request_Notifiacation)
    BleRecieved_Mater_Broadcast_cmd          0x08000ba1   Thumb Code    40  apptask_broadcomble.o(i.BleRecieved_Mater_Broadcast_cmd)
    BleRecived_Slave_Broadcast_cmd_Ack       0x08000bcd   Thumb Code    38  apptask_broadcomble.o(i.BleRecived_Slave_Broadcast_cmd_Ack)
    Ble_ATCmdPassthrough_Send                0x08000d21   Thumb Code   330  broadcom_ble.o(i.Ble_ATCmdPassthrough_Send)
    Ble_ATCmd_ReadMac                        0x08000ec1   Thumb Code   182  broadcom_ble.o(i.Ble_ATCmd_ReadMac)
    Ble_ConnectStatus_Monitor                0x08001019   Thumb Code    30  broadcom_ble.o(i.Ble_ConnectStatus_Monitor)
    Ble_IO_Init                              0x08001041   Thumb Code   120  broadcom_ble.o(i.Ble_IO_Init)
    Ble_Info_Init                            0x080010c1   Thumb Code    80  broadcom_ble.o(i.Ble_Info_Init)
    Ble_Info_Read                            0x08001155   Thumb Code    40  broadcom_ble.o(i.Ble_Info_Read)
    Ble_Info_Write                           0x08001181   Thumb Code    86  broadcom_ble.o(i.Ble_Info_Write)
    Board_Led_Toggle                         0x080011dd   Thumb Code   136  board.o(i.Board_Led_Toggle)
    Board_Led_off                            0x08001275   Thumb Code    46  board.o(i.Board_Led_off)
    Board_Led_on                             0x080012a9   Thumb Code    46  board.o(i.Board_Led_on)
    Borad_Start_Init                         0x080012dd   Thumb Code    84  board.o(i.Borad_Start_Init)
    CRS_AutomaticCalibrationCmd              0x08001335   Thumb Code    32  stm32f0xx_crs.o(i.CRS_AutomaticCalibrationCmd)
    CRS_FrequencyErrorCounterCmd             0x08001379   Thumb Code    32  stm32f0xx_crs.o(i.CRS_FrequencyErrorCounterCmd)
    CRS_SynchronizationSourceConfig          0x0800139d   Thumb Code    24  stm32f0xx_crs.o(i.CRS_SynchronizationSourceConfig)
    CTR                                      0x080013b9   Thumb Code   636  usb_dcd_int.o(i.CTR)
    Check_Connect_Mode                       0x08001651   Thumb Code    30  apptask_start.o(i.Check_Connect_Mode)
    Check_Sum                                0x0800166f   Thumb Code    46  old_protocol.o(i.Check_Sum)
    ClearDTOG_RX                             0x0800169d   Thumb Code    42  usb_core.o(i.ClearDTOG_RX)
    ClearDTOG_TX                             0x080016d5   Thumb Code    42  usb_core.o(i.ClearDTOG_TX)
    Cmd_Pack_Send                            0x0800170d   Thumb Code    88  old_protocol.o(i.Cmd_Pack_Send)
    Cmd_Unpack                               0x08001765   Thumb Code   338  old_protocol.o(i.Cmd_Unpack)
    Com_Connect_Timeout_Isr                  0x080018c1   Thumb Code    56  apptask_start.o(i.Com_Connect_Timeout_Isr)
    DCD_DevConnect                           0x080018f9   Thumb Code    20  usb_dcd.o(i.DCD_DevConnect)
    DCD_EP_Close                             0x08001911   Thumb Code   168  usb_dcd.o(i.DCD_EP_Close)
    DCD_EP_ClrStall                          0x080019b9   Thumb Code    90  usb_dcd.o(i.DCD_EP_ClrStall)
    DCD_EP_Open                              0x08001a13   Thumb Code   330  usb_dcd.o(i.DCD_EP_Open)
    DCD_EP_PrepareRx                         0x08001b5d   Thumb Code   114  usb_dcd.o(i.DCD_EP_PrepareRx)
    DCD_EP_SetAddress                        0x08001bd1   Thumb Code    62  usb_dcd.o(i.DCD_EP_SetAddress)
    DCD_EP_Stall                             0x08001c1d   Thumb Code   136  usb_dcd.o(i.DCD_EP_Stall)
    DCD_EP_Tx                                0x08001cad   Thumb Code   180  usb_dcd.o(i.DCD_EP_Tx)
    DCD_Init                                 0x08001d61   Thumb Code    58  usb_dcd.o(i.DCD_Init)
    DCD_PMA_Config                           0x08001da1   Thumb Code    70  usb_dcd.o(i.DCD_PMA_Config)
    DMA1_Channel2_3_IRQHandler               0x08001de9   Thumb Code    10  apptask_uart1.o(i.DMA1_Channel2_3_IRQHandler)
    DMA1_Channel4_5_6_7_IRQHandler           0x08001df9   Thumb Code    14  apptask_uart2.o(i.DMA1_Channel4_5_6_7_IRQHandler)
    DMA_ClearITPendingBit                    0x08001e0d   Thumb Code    22  stm32f0xx_dma.o(i.DMA_ClearITPendingBit)
    DMA_Cmd                                  0x08001e2d   Thumb Code    24  stm32f0xx_dma.o(i.DMA_Cmd)
    DMA_GetCurrDataCounter                   0x08001e49   Thumb Code     8  stm32f0xx_dma.o(i.DMA_GetCurrDataCounter)
    DMA_GetFlagStatus                        0x08001e51   Thumb Code    42  stm32f0xx_dma.o(i.DMA_GetFlagStatus)
    DMA_ITConfig                             0x08001e85   Thumb Code    20  stm32f0xx_dma.o(i.DMA_ITConfig)
    DMA_Init                                 0x08001e99   Thumb Code    58  stm32f0xx_dma.o(i.DMA_Init)
    DMA_RemapConfig                          0x08001ed9   Thumb Code    46  stm32f0xx_dma.o(i.DMA_RemapConfig)
    DMA_SetCurrDataCounter                   0x08001f0d   Thumb Code     4  stm32f0xx_dma.o(i.DMA_SetCurrDataCounter)
    FLASH_ClearFlag                          0x08001f11   Thumb Code     6  stm32f0xx_flash.o(i.FLASH_ClearFlag)
    FLASH_ErasePage                          0x08001f1d   Thumb Code    72  stm32f0xx_flash.o(i.FLASH_ErasePage)
    FLASH_GetStatus                          0x08001f69   Thumb Code    54  stm32f0xx_flash.o(i.FLASH_GetStatus)
    FLASH_Lock                               0x08001fa5   Thumb Code    14  stm32f0xx_flash.o(i.FLASH_Lock)
    FLASH_ProgramWord                        0x08001fb9   Thumb Code   104  stm32f0xx_flash.o(i.FLASH_ProgramWord)
    FLASH_Unlock                             0x08002025   Thumb Code    24  stm32f0xx_flash.o(i.FLASH_Unlock)
    FLASH_WaitForLastOperation               0x08002049   Thumb Code    40  stm32f0xx_flash.o(i.FLASH_WaitForLastOperation)
    FreeUserBuffer                           0x08002071   Thumb Code    62  usb_core.o(i.FreeUserBuffer)
    GPIO_Init                                0x080020c1   Thumb Code   144  stm32f0xx_gpio.o(i.GPIO_Init)
    GPIO_PinAFConfig                         0x08002151   Thumb Code    68  stm32f0xx_gpio.o(i.GPIO_PinAFConfig)
    GPIO_ReadInputDataBit                    0x08002195   Thumb Code    20  stm32f0xx_gpio.o(i.GPIO_ReadInputDataBit)
    GPIO_ResetBits                           0x080021a9   Thumb Code     4  stm32f0xx_gpio.o(i.GPIO_ResetBits)
    GPIO_SetBits                             0x080021ad   Thumb Code     4  stm32f0xx_gpio.o(i.GPIO_SetBits)
    GetENDPOINT                              0x080021b1   Thumb Code    14  usb_core.o(i.GetENDPOINT)
    GetEPDblBuf0Count                        0x080021c5   Thumb Code    26  usb_core.o(i.GetEPDblBuf0Count)
    GetEPDblBuf1Count                        0x080021e9   Thumb Code    26  usb_core.o(i.GetEPDblBuf1Count)
    GetEPRxCount                             0x0800220d   Thumb Code    26  usb_core.o(i.GetEPRxCount)
    GetEPTxCount                             0x08002231   Thumb Code    26  usb_core.o(i.GetEPTxCount)
    Get_SerialNum                            0x08002255   Thumb Code    40  usbd_desc.o(i.Get_SerialNum)
    HardFault_Handler                        0x08002287   Thumb Code     4  stm32_it.o(i.HardFault_Handler)
    Mcu_startup_task                         0x080022c1   Thumb Code    74  apptask_start.o(i.Mcu_startup_task)
    Module_Mode_Status_Display               0x08002329   Thumb Code   110  apptask_start.o(i.Module_Mode_Status_Display)
    NMI_Handler                              0x080023a1   Thumb Code     2  stm32_it.o(i.NMI_Handler)
    NVIC_Init                                0x080023a5   Thumb Code   106  stm32f0xx_misc.o(i.NVIC_Init)
    PMAToUserBufferCopy                      0x08002415   Thumb Code    32  usb_core.o(i.PMAToUserBufferCopy)
    RCC_AHBPeriphClockCmd                    0x08002439   Thumb Code    28  stm32f0xx_rcc.o(i.RCC_AHBPeriphClockCmd)
    RCC_APB1PeriphClockCmd                   0x08002459   Thumb Code    28  stm32f0xx_rcc.o(i.RCC_APB1PeriphClockCmd)
    RCC_APB1PeriphResetCmd                   0x08002479   Thumb Code    28  stm32f0xx_rcc.o(i.RCC_APB1PeriphResetCmd)
    RCC_APB2PeriphClockCmd                   0x08002499   Thumb Code    28  stm32f0xx_rcc.o(i.RCC_APB2PeriphClockCmd)
    RCC_APB2PeriphResetCmd                   0x080024b9   Thumb Code    28  stm32f0xx_rcc.o(i.RCC_APB2PeriphResetCmd)
    RCC_GetClocksFreq                        0x080024d9   Thumb Code   554  stm32f0xx_rcc.o(i.RCC_GetClocksFreq)
    RCC_USBCLKConfig                         0x08002721   Thumb Code    22  stm32f0xx_rcc.o(i.RCC_USBCLKConfig)
    Resume                                   0x0800273d   Thumb Code   206  usbd_pwr.o(i.Resume)
    Resume_Init                              0x08002819   Thumb Code    28  usbd_pwr.o(i.Resume_Init)
    RingBuf_Count                            0x08002839   Thumb Code    18  ring_buf.o(i.RingBuf_Count)
    RingBuf_Flush                            0x0800284b   Thumb Code    10  ring_buf.o(i.RingBuf_Flush)
    RingBuf_Init                             0x08002855   Thumb Code    14  ring_buf.o(i.RingBuf_Init)
    RingBuf_Peek                             0x08002863   Thumb Code    46  ring_buf.o(i.RingBuf_Peek)
    RingBuf_PeekCount                        0x08002891   Thumb Code    18  ring_buf.o(i.RingBuf_PeekCount)
    RingBuf_Peek_Pos_Change                  0x080028a3   Thumb Code    12  ring_buf.o(i.RingBuf_Peek_Pos_Change)
    RingBuf_Peeked_Counter                   0x080028af   Thumb Code    16  ring_buf.o(i.RingBuf_Peeked_Counter)
    RingBuf_Peeked_Flush                     0x080028bf   Thumb Code     6  ring_buf.o(i.RingBuf_Peeked_Flush)
    RingBuf_Peeked_Reset                     0x080028c5   Thumb Code     6  ring_buf.o(i.RingBuf_Peeked_Reset)
    RingBuf_Read                             0x080028cb   Thumb Code    46  ring_buf.o(i.RingBuf_Read)
    RingBuf_UnusedCount                      0x080028f9   Thumb Code    20  ring_buf.o(i.RingBuf_UnusedCount)
    RingBuf_Write                            0x0800290d   Thumb Code    62  ring_buf.o(i.RingBuf_Write)
    SetBTABLE                                0x0800294d   Thumb Code    10  usb_core.o(i.SetBTABLE)
    SetCNTR                                  0x08002961   Thumb Code     6  usb_core.o(i.SetCNTR)
    SetEPDblBuffAddr                         0x0800296d   Thumb Code    46  usb_core.o(i.SetEPDblBuffAddr)
    SetEPDblBuffCount                        0x080029a5   Thumb Code   194  usb_core.o(i.SetEPDblBuffCount)
    SetEPDoubleBuff                          0x08002a71   Thumb Code    30  usb_core.o(i.SetEPDoubleBuff)
    SetEPRxAddr                              0x08002a9d   Thumb Code    26  usb_core.o(i.SetEPRxAddr)
    SetEPRxCount                             0x08002ac1   Thumb Code    72  usb_core.o(i.SetEPRxCount)
    SetEPRxStatus                            0x08002b11   Thumb Code    68  usb_core.o(i.SetEPRxStatus)
    SetEPTxAddr                              0x08002b5d   Thumb Code    24  usb_core.o(i.SetEPTxAddr)
    SetEPTxCount                             0x08002b7d   Thumb Code    20  usb_core.o(i.SetEPTxCount)
    SetEPTxStatus                            0x08002b99   Thumb Code    60  usb_core.o(i.SetEPTxStatus)
    SetEPTxValid                             0x08002bdd   Thumb Code    42  usb_core.o(i.SetEPTxValid)
    SetEPType                                0x08002c11   Thumb Code    26  usb_core.o(i.SetEPType)
    SetISTR                                  0x08002c35   Thumb Code     6  usb_core.o(i.SetISTR)
    Suspend                                  0x08002d69   Thumb Code    28  usbd_pwr.o(i.Suspend)
    SystemInit                               0x08002d89   Thumb Code   110  system_stm32f0xx.o(i.SystemInit)
    ToggleDTOG_RX                            0x08002e05   Thumb Code    26  usb_core.o(i.ToggleDTOG_RX)
    ToggleDTOG_TX                            0x08002e2d   Thumb Code    26  usb_core.o(i.ToggleDTOG_TX)
    USART1_IRQHandler                        0x08002e55   Thumb Code    36  apptask_uart1.o(i.USART1_IRQHandler)
    USART2_IRQHandler                        0x08002e85   Thumb Code    36  apptask_uart2.o(i.USART2_IRQHandler)
    USART3_4_IRQHandler                      0x08002eb5   Thumb Code    36  apptask_uart3.o(i.USART3_4_IRQHandler)
    USART_ClearITPendingBit                  0x08002ee5   Thumb Code    18  stm32f0xx_usart.o(i.USART_ClearITPendingBit)
    USART_Cmd                                0x08002ef7   Thumb Code    24  stm32f0xx_usart.o(i.USART_Cmd)
    USART_DMACmd                             0x08002f0f   Thumb Code    20  stm32f0xx_usart.o(i.USART_DMACmd)
    USART_DeInit                             0x08002f25   Thumb Code   206  stm32f0xx_usart.o(i.USART_DeInit)
    USART_GetFlagStatus                      0x08003015   Thumb Code    20  stm32f0xx_usart.o(i.USART_GetFlagStatus)
    USART_GetITStatus                        0x08003029   Thumb Code    78  stm32f0xx_usart.o(i.USART_GetITStatus)
    USART_ITConfig                           0x08003077   Thumb Code    66  stm32f0xx_usart.o(i.USART_ITConfig)
    USART_Init                               0x080030b9   Thumb Code   226  stm32f0xx_usart.o(i.USART_Init)
    USART_ReceiveData                        0x080031b1   Thumb Code    10  stm32f0xx_usart.o(i.USART_ReceiveData)
    USART_SendData                           0x080031bb   Thumb Code     8  stm32f0xx_usart.o(i.USART_SendData)
    USBD_ClrCfg                              0x080031c3   Thumb Code    24  usbd_core.o(i.USBD_ClrCfg)
    USBD_CtlContinueRx                       0x0800321d   Thumb Code    26  usbd_ioreq.o(i.USBD_CtlContinueRx)
    USBD_CtlContinueSendData                 0x08003237   Thumb Code    26  usbd_ioreq.o(i.USBD_CtlContinueSendData)
    USBD_CtlError                            0x08003251   Thumb Code    16  usbd_req.o(i.USBD_CtlError)
    USBD_CtlPrepareRx                        0x08003261   Thumb Code    38  usbd_ioreq.o(i.USBD_CtlPrepareRx)
    USBD_CtlReceiveStatus                    0x08003287   Thumb Code    26  usbd_ioreq.o(i.USBD_CtlReceiveStatus)
    USBD_CtlSendData                         0x080032a1   Thumb Code    34  usbd_ioreq.o(i.USBD_CtlSendData)
    USBD_CtlSendStatus                       0x080032c3   Thumb Code    26  usbd_ioreq.o(i.USBD_CtlSendStatus)
    USBD_DeInit                              0x08003431   Thumb Code     6  usbd_core.o(i.USBD_DeInit)
    USBD_GetString                           0x08003605   Thumb Code    78  usbd_req.o(i.USBD_GetString)
    USBD_Init                                0x08003653   Thumb Code    70  usbd_core.o(i.USBD_Init)
    USBD_ParseSetupRequest                   0x08003699   Thumb Code    48  usbd_req.o(i.USBD_ParseSetupRequest)
    USBD_SetCfg                              0x0800379d   Thumb Code    34  usbd_core.o(i.USBD_SetCfg)
    USBD_StdDevReq                           0x080038fd   Thumb Code   114  usbd_req.o(i.USBD_StdDevReq)
    USBD_StdEPReq                            0x0800396f   Thumb Code   344  usbd_req.o(i.USBD_StdEPReq)
    USBD_StdItfReq                           0x08003ac7   Thumb Code    80  usbd_req.o(i.USBD_StdItfReq)
    USBD_USR_ConfigStrDescriptor             0x08003b31   Thumb Code    20  usbd_desc.o(i.USBD_USR_ConfigStrDescriptor)
    USBD_USR_DeviceConfigured                0x08003b55   Thumb Code     2  usbd_usr.o(i.USBD_USR_DeviceConfigured)
    USBD_USR_DeviceDescriptor                0x08003b59   Thumb Code    10  usbd_desc.o(i.USBD_USR_DeviceDescriptor)
    USBD_USR_DeviceReset                     0x08003b69   Thumb Code     2  usbd_usr.o(i.USBD_USR_DeviceReset)
    USBD_USR_DeviceResumed                   0x08003b6b   Thumb Code     2  usbd_usr.o(i.USBD_USR_DeviceResumed)
    USBD_USR_DeviceSuspended                 0x08003b6d   Thumb Code     2  usbd_usr.o(i.USBD_USR_DeviceSuspended)
    USBD_USR_Init                            0x08003b6f   Thumb Code     2  usbd_usr.o(i.USBD_USR_Init)
    USBD_USR_InterfaceStrDescriptor          0x08003b71   Thumb Code    20  usbd_desc.o(i.USBD_USR_InterfaceStrDescriptor)
    USBD_USR_LangIDStrDescriptor             0x08003b99   Thumb Code    10  usbd_desc.o(i.USBD_USR_LangIDStrDescriptor)
    USBD_USR_ManufacturerStrDescriptor       0x08003ba9   Thumb Code    20  usbd_desc.o(i.USBD_USR_ManufacturerStrDescriptor)
    USBD_USR_ProductStrDescriptor            0x08003bd5   Thumb Code    20  usbd_desc.o(i.USBD_USR_ProductStrDescriptor)
    USBD_USR_SerialStrDescriptor             0x08003c11   Thumb Code    10  usbd_desc.o(i.USBD_USR_SerialStrDescriptor)
    USB_BSP_EnableInterrupt                  0x08003c31   Thumb Code    24  usb_bsp.o(i.USB_BSP_EnableInterrupt)
    USB_BSP_Init                             0x08003c49   Thumb Code    24  usb_bsp.o(i.USB_BSP_Init)
    USB_CDC_Init                             0x08003c61   Thumb Code    20  hw_config.o(i.USB_CDC_Init)
    USB_CDC_Send                             0x08003c85   Thumb Code   196  hw_config.o(i.USB_CDC_Send)
    USB_IRQHandler                           0x08003d4d   Thumb Code     8  stm32_it.o(i.USB_IRQHandler)
    USB_Istr                                 0x08003d55   Thumb Code   272  usb_dcd_int.o(i.USB_Istr)
    USB_Printf                               0x08003e91   Thumb Code    38  serialmanager.o(i.USB_Printf)
    USB_User_Recieve_ISR                     0x08003eb9   Thumb Code    36  apptask_uart1.o(i.USB_User_Recieve_ISR)
    USB_pullup_High                          0x08003ee9   Thumb Code    12  board.o(i.USB_pullup_High)
    USB_pullup_pin_cfg                       0x08003ef9   Thumb Code    46  board.o(i.USB_pullup_pin_cfg)
    Uart3_DMA_isr                            0x08004455   Thumb Code    10  apptask_uart3.o(i.Uart3_DMA_isr)
    Uart_PassThrough                         0x080045e9   Thumb Code   706  old_protocol.o(i.Uart_PassThrough)
    Uart_Send                                0x080048b9   Thumb Code    46  serialmanager.o(i.Uart_Send)
    UserToPMABufferCopy                      0x080048e9   Thumb Code    40  usb_core.o(i.UserToPMABufferCopy)
    __0sprintf$6                             0x08004915   Thumb Code    36  printf6.o(i.__0sprintf$6)
    __1sprintf$6                             0x08004915   Thumb Code     0  printf6.o(i.__0sprintf$6)
    __2sprintf                               0x08004915   Thumb Code     0  printf6.o(i.__0sprintf$6)
    __0vsprintf                              0x0800493d   Thumb Code    30  printfa.o(i.__0vsprintf)
    __1vsprintf                              0x0800493d   Thumb Code     0  printfa.o(i.__0vsprintf)
    __2vsprintf                              0x0800493d   Thumb Code     0  printfa.o(i.__0vsprintf)
    __c89vsprintf                            0x0800493d   Thumb Code     0  printfa.o(i.__0vsprintf)
    vsprintf                                 0x0800493d   Thumb Code     0  printfa.o(i.__0vsprintf)
    __ARM_clz                                0x08004961   Thumb Code    46  depilogue.o(i.__ARM_clz)
    __ARM_common_switch8                     0x0800498f   Thumb Code    28  usbd_req.o(i.__ARM_common_switch8)
    __scatterload_copy                       0x080049ab   Thumb Code    14  handlers.o(i.__scatterload_copy)
    __scatterload_null                       0x080049b9   Thumb Code     2  handlers.o(i.__scatterload_null)
    __scatterload_zeroinit                   0x080049bb   Thumb Code    14  handlers.o(i.__scatterload_zeroinit)
    main                                     0x08005ae9   Thumb Code    14  app.o(i.main)
    pvPortMalloc                             0x080061e9   Thumb Code   166  heap_2.o(i.pvPortMalloc)
    pxPortInitialiseStack                    0x080062a5   Thumb Code    26  port.o(i.pxPortInitialiseStack)
    sendString_ViaUSB                        0x080062c5   Thumb Code    50  serialmanager.o(i.sendString_ViaUSB)
    usbd_cdc_DataOut                         0x080062f9   Thumb Code    44  usbd_cdc_core.o(i.usbd_cdc_DataOut)
    usbd_cdc_DeInit                          0x08006329   Thumb Code    34  usbd_cdc_core.o(i.usbd_cdc_DeInit)
    usbd_cdc_EP0_RxReady                     0x0800634d   Thumb Code    20  usbd_cdc_core.o(i.usbd_cdc_EP0_RxReady)
    usbd_cdc_Init                            0x08006365   Thumb Code    98  usbd_cdc_core.o(i.usbd_cdc_Init)
    usbd_cdc_SOF                             0x080063cd   Thumb Code    36  usbd_cdc_core.o(i.usbd_cdc_SOF)
    usbd_cdc_Setup                           0x080063f5   Thumb Code   190  usbd_cdc_core.o(i.usbd_cdc_Setup)
    uxListRemove                             0x080064c9   Thumb Code    40  list.o(i.uxListRemove)
    uxTaskResetEventItemValue                0x080064f1   Thumb Code    24  tasks.o(i.uxTaskResetEventItemValue)
    vApplicationTickHook                     0x0800650d   Thumb Code    14  apptask_start.o(i.vApplicationTickHook)
    vEventGroupSetBitsCallback               0x08006521   Thumb Code    16  event_groups.o(i.vEventGroupSetBitsCallback)
    vListInitialise                          0x08006531   Thumb Code    26  list.o(i.vListInitialise)
    vListInitialiseItem                      0x0800654b   Thumb Code     6  list.o(i.vListInitialiseItem)
    vListInsert                              0x08006551   Thumb Code    54  list.o(i.vListInsert)
    vListInsertEnd                           0x08006587   Thumb Code    24  list.o(i.vListInsertEnd)
    vPortEnterCritical                       0x080065a1   Thumb Code    22  port.o(i.vPortEnterCritical)
    vPortExitCritical                        0x080065bd   Thumb Code    22  port.o(i.vPortExitCritical)
    vPortFree                                0x080065d9   Thumb Code    58  heap_2.o(i.vPortFree)
    vPortSVCHandler                          0x0800661d   Thumb Code     2  port.o(i.vPortSVCHandler)
    vPortYield                               0x08006621   Thumb Code    18  port.o(i.vPortYield)
    vQueueWaitForMessageRestricted           0x08006639   Thumb Code    60  queue.o(i.vQueueWaitForMessageRestricted)
    vTaskDelay                               0x08006675   Thumb Code    52  tasks.o(i.vTaskDelay)
    vTaskMissedYield                         0x080066b1   Thumb Code     8  tasks.o(i.vTaskMissedYield)
    vTaskPlaceOnEventList                    0x080066bd   Thumb Code    62  tasks.o(i.vTaskPlaceOnEventList)
    vTaskPlaceOnEventListRestricted          0x08006709   Thumb Code    42  tasks.o(i.vTaskPlaceOnEventListRestricted)
    vTaskPlaceOnUnorderedEventList           0x0800673d   Thumb Code    76  tasks.o(i.vTaskPlaceOnUnorderedEventList)
    vTaskSetTimeOutState                     0x08006795   Thumb Code    14  tasks.o(i.vTaskSetTimeOutState)
    vTaskStartScheduler                      0x080067ad   Thumb Code    62  tasks.o(i.vTaskStartScheduler)
    vTaskSuspendAll                          0x08006801   Thumb Code    12  tasks.o(i.vTaskSuspendAll)
    vTaskSwitchContext                       0x08006811   Thumb Code   106  tasks.o(i.vTaskSwitchContext)
    xEventGroupCreate                        0x08006891   Thumb Code    28  event_groups.o(i.xEventGroupCreate)
    xEventGroupSetBits                       0x080068ad   Thumb Code   166  event_groups.o(i.xEventGroupSetBits)
    xEventGroupWaitBits                      0x08006953   Thumb Code   202  event_groups.o(i.xEventGroupWaitBits)
    xPortStartScheduler                      0x08006a1d   Thumb Code    48  port.o(i.xPortStartScheduler)
    xPortSysTickHandler                      0x08006a55   Thumb Code    32  port.o(i.xPortSysTickHandler)
    xQueueGenericCreate                      0x08006a79   Thumb Code    76  queue.o(i.xQueueGenericCreate)
    xQueueGenericReceive                     0x08006ac5   Thumb Code   268  queue.o(i.xQueueGenericReceive)
    xQueueGenericReset                       0x08006bd1   Thumb Code   116  queue.o(i.xQueueGenericReset)
    xQueueGenericSend                        0x08006c45   Thumb Code   240  queue.o(i.xQueueGenericSend)
    xQueueGenericSendFromISR                 0x08006d35   Thumb Code   110  queue.o(i.xQueueGenericSendFromISR)
    xTaskCheckForTimeOut                     0x08006da5   Thumb Code    86  tasks.o(i.xTaskCheckForTimeOut)
    xTaskGenericCreate                       0x08006e05   Thumb Code   224  tasks.o(i.xTaskGenericCreate)
    xTaskGetSchedulerState                   0x08006efd   Thumb Code    28  tasks.o(i.xTaskGetSchedulerState)
    xTaskGetTickCount                        0x08006f21   Thumb Code     6  tasks.o(i.xTaskGetTickCount)
    xTaskIncrementTick                       0x08006f2d   Thumb Code   262  tasks.o(i.xTaskIncrementTick)
    xTaskRemoveFromEventList                 0x08007061   Thumb Code   102  tasks.o(i.xTaskRemoveFromEventList)
    xTaskRemoveFromUnorderedEventList        0x080070e1   Thumb Code    88  tasks.o(i.xTaskRemoveFromUnorderedEventList)
    xTaskResumeAll                           0x08007149   Thumb Code   188  tasks.o(i.xTaskResumeAll)
    xTimerCreateTimerTask                    0x08007225   Thumb Code    50  timers.o(i.xTimerCreateTimerTask)
    xTimerGenericCommand                     0x08007269   Thumb Code   100  timers.o(i.xTimerGenericCommand)
    xTimerPendFunctionCallFromISR            0x080072d1   Thumb Code    46  timers.o(i.xTimerPendFunctionCallFromISR)
    usbd_cdc_CfgDesc                         0x08007304   Data          67  usbd_cdc_core.o(.constdata)
    USBD_DeviceDesc                          0x08007347   Data          18  usbd_desc.o(.constdata)
    USBD_DeviceQualifierDesc                 0x08007359   Data          10  usbd_desc.o(.constdata)
    USBD_LangIDDesc                          0x08007363   Data           4  usbd_desc.o(.constdata)
    Region$$Table$$Base                      0x08007368   Number         0  anon$$obj.o(Region$$Table)
    Region$$Table$$Limit                     0x08007388   Number         0  anon$$obj.o(Region$$Table)
    CmdBuff                                  0x20000120   Data           8  usbd_cdc_core.o(.data)
    last_packet                              0x20000128   Data           4  usbd_cdc_core.o(.data)
    USB_Tx_State                             0x2000012c   Data           1  usbd_cdc_core.o(.data)
    USBD_CDC_cb                              0x20000138   Data          36  usbd_cdc_core.o(.data)
    wInterrupt_Mask                          0x20000160   Data           4  usb_dcd.o(.data)
    USBD_DCD_INT_cb                          0x20000164   Data          28  usbd_core.o(.data)
    USBD_DCD_INT_fops                        0x20000180   Data           4  usbd_core.o(.data)
    ADDRESS                                  0x20000184   Data           4  usbd_req.o(.data)
    usb_send_finish_flag                     0x20000199   Data           1  hw_config.o(.data)
    USR_desc                                 0x2000019c   Data          28  usbd_desc.o(.data)
    USBD_StringSerial                        0x200001b8   Data          26  usbd_desc.o(.data)
    ResumeS                                  0x200001d4   Data           2  usbd_pwr.o(.data)
    remotewakeupon                           0x200001d8   Data           4  usbd_pwr.o(.data)
    USR_cb                                   0x200001dc   Data          20  usbd_usr.o(.data)
    pxCurrentTCB                             0x200001f4   Data           4  tasks.o(.data)
    Ble_Pair_Handle                          0x20000254   Data          17  apptask_broadcomble.o(.bss)
    Passthrough_Handle                       0x20000266   Data          12  apptask_start.o(.bss)
    UART1_Recieve_Ringbuf                    0x20000274   Data          16  apptask_uart1.o(.bss)
    Uart1_Protocol_Unpack_Handle             0x20000484   Data          20  apptask_uart1.o(.bss)
    UART2_Recieve_Ringbuf                    0x20000598   Data          16  apptask_uart2.o(.bss)
    Uart2_Protocol_Unpack_Handle             0x200007a8   Data          20  apptask_uart2.o(.bss)
    UART3_Recieve_Ringbuf                    0x200008bc   Data          16  apptask_uart3.o(.bss)
    Uart3_Protocol_Unpack_Handle             0x20000acc   Data          20  apptask_uart3.o(.bss)
    Ble_Cfg_Mac                              0x20000be0   Data          26  broadcom_ble.o(.bss)
    USB_Recieve_Ringbuf                      0x20000bfc   Data          16  ring_buf.o(.bss)
    USB_Rx_Buf                               0x20000c0c   Data         512  ring_buf.o(.bss)
    usbd_cdc_OtherCfgDesc                    0x20000e0c   Data          67  usbd_cdc_core.o(.bss)
    USB_Rx_Buffer                            0x20000e50   Data          64  usbd_cdc_core.o(.bss)
    APP_Rx_Buffer                            0x20000e90   Data          64  usbd_cdc_core.o(.bss)
    USBD_StrDesc                             0x20000ed0   Data         255  usbd_req.o(.bss)
    USB_Device_dev                           0x20000fd0   Data         360  hw_config.o(.bss)
    __initial_sp                             0x20002e28   Data           0  startup_stm32f072.o(STACK)



==============================================================================

Memory Map of the image

  Image Entry point : 0x080000c1

  Load Region LR_IROM1 (Base: 0x08000000, Size: 0x000074dc, Max: 0x00020000, ABSOLUTE, COMPRESSED[0x0000740c])

    Execution Region ER_IROM1 (Base: 0x08000000, Size: 0x00007388, Max: 0x00020000, ABSOLUTE)

    Base Addr    Size         Type   Attr      Idx    E Section Name        Object

    0x08000000   0x000000c0   Data   RO         1942    RESET               startup_stm32f072.o
    0x080000c0   0x00000000   Code   RO         4934  * .ARM.Collect$$$$00000000  mc_p.l(entry.o)
    0x080000c0   0x00000004   Code   RO         5210    .ARM.Collect$$$$00000001  mc_p.l(entry2.o)
    0x080000c4   0x00000004   Code   RO         5213    .ARM.Collect$$$$00000004  mc_p.l(entry5.o)
    0x080000c8   0x00000000   Code   RO         5215    .ARM.Collect$$$$00000008  mc_p.l(entry7b.o)
    0x080000c8   0x00000000   Code   RO         5217    .ARM.Collect$$$$0000000A  mc_p.l(entry8b.o)
    0x080000c8   0x00000008   Code   RO         5218    .ARM.Collect$$$$0000000B  mc_p.l(entry9a.o)
    0x080000d0   0x00000000   Code   RO         5220    .ARM.Collect$$$$0000000D  mc_p.l(entry10a.o)
    0x080000d0   0x00000000   Code   RO         5222    .ARM.Collect$$$$0000000F  mc_p.l(entry11a.o)
    0x080000d0   0x00000004   Code   RO         5211    .ARM.Collect$$$$00002712  mc_p.l(entry2.o)
    0x080000d4   0x00000070   Code   RO         4213    .emb_text           port.o
    0x08000144   0x00000058   Code   RO         1943    .text               startup_stm32f072.o
    0x0800019c   0x0000002c   Code   RO         4937    .text               mc_p.l(uidiv.o)
    0x080001c8   0x00000024   Code   RO         4941    .text               mc_p.l(memcpya.o)
    0x080001ec   0x00000024   Code   RO         4943    .text               mc_p.l(memseta.o)
    0x08000210   0x0000001a   Code   RO         4945    .text               mc_p.l(memcmp.o)
    0x0800022a   0x00000060   Code   RO         5225    .text               mc_p.l(uldiv.o)
    0x0800028a   0x00000000   Code   RO         5227    .text               mc_p.l(iusefp.o)
    0x0800028a   0x00000002   PAD
    0x0800028c   0x00000164   Code   RO         5228    .text               mf_p.l(dadd.o)
    0x080003f0   0x000000d0   Code   RO         5230    .text               mf_p.l(dmul.o)
    0x080004c0   0x000000f0   Code   RO         5232    .text               mf_p.l(ddiv.o)
    0x080005b0   0x00000040   Code   RO         5234    .text               mf_p.l(dfixul.o)
    0x080005f0   0x00000028   Code   RO         5236    .text               mf_p.l(cdrcmple.o)
    0x08000618   0x00000024   Code   RO         5238    .text               mc_p.l(init.o)
    0x0800063c   0x00000020   Code   RO         5240    .text               mc_p.l(llshl.o)
    0x0800065c   0x00000022   Code   RO         5242    .text               mc_p.l(llushr.o)
    0x0800067e   0x00000026   Code   RO         5244    .text               mc_p.l(llsshr.o)
    0x080006a4   0x000000be   Code   RO         5246    .text               mf_p.l(depilogue.o)
    0x08000762   0x00000056   Code   RO         5258    .text               mc_p.l(__dczerorl2.o)
    0x080007b8   0x0000004c   Code   RO          312    i.AppTask_Ble_Pair_Creat  apptask_broadcomble.o
    0x08000804   0x00000030   Code   RO          399    i.AppTask_Start_Creat  apptask_start.o
    0x08000834   0x000000b8   Code   RO          471    i.AppTask_Uart1     apptask_uart1.o
    0x080008ec   0x00000044   Code   RO          472    i.AppTask_Uart1_Create  apptask_uart1.o
    0x08000930   0x00000050   Code   RO          473    i.AppTask_Uart1_Init  apptask_uart1.o
    0x08000980   0x00000070   Code   RO          545    i.AppTask_Uart2     apptask_uart2.o
    0x080009f0   0x00000044   Code   RO          546    i.AppTask_Uart2_Create  apptask_uart2.o
    0x08000a34   0x00000050   Code   RO          547    i.AppTask_Uart2_Init  apptask_uart2.o
    0x08000a84   0x00000074   Code   RO          619    i.AppTask_Uart3     apptask_uart3.o
    0x08000af8   0x00000044   Code   RO          620    i.AppTask_Uart3_Create  apptask_uart3.o
    0x08000b3c   0x00000050   Code   RO          621    i.AppTask_Uart3_Init  apptask_uart3.o
    0x08000b8c   0x00000014   Code   RO          313    i.BleCmd_Request_Notifiacation  apptask_broadcomble.o
    0x08000ba0   0x0000002c   Code   RO          314    i.BleRecieved_Mater_Broadcast_cmd  apptask_broadcomble.o
    0x08000bcc   0x0000002c   Code   RO          315    i.BleRecived_Slave_Broadcast_cmd_Ack  apptask_broadcomble.o
    0x08000bf8   0x00000024   Code   RO          316    i.BleSlave_Send_Broadcast_cmd_Ack  apptask_broadcomble.o
    0x08000c1c   0x0000006c   Code   RO          688    i.Ble_ATCmdDisconnecct  broadcom_ble.o
    0x08000c88   0x0000004c   Code   RO          689    i.Ble_ATCmdDisconnecct_Res_Check  broadcom_ble.o
    0x08000cd4   0x0000004c   Code   RO          690    i.Ble_ATCmdPassthrough_Res_Check  broadcom_ble.o
    0x08000d20   0x000001a0   Code   RO          691    i.Ble_ATCmdPassthrough_Send  broadcom_ble.o
    0x08000ec0   0x000000cc   Code   RO          692    i.Ble_ATCmd_ReadMac  broadcom_ble.o
    0x08000f8c   0x00000068   Code   RO          693    i.Ble_ATCmd_ReadMac_Res_Check  broadcom_ble.o
    0x08000ff4   0x00000024   Code   RO          696    i.Ble_CmdPin_Set    broadcom_ble.o
    0x08001018   0x00000028   Code   RO          697    i.Ble_ConnectStatus_Monitor  broadcom_ble.o
    0x08001040   0x00000080   Code   RO          698    i.Ble_IO_Init       broadcom_ble.o
    0x080010c0   0x00000094   Code   RO          699    i.Ble_Info_Init     broadcom_ble.o
    0x08001154   0x0000002c   Code   RO          700    i.Ble_Info_Read     broadcom_ble.o
    0x08001180   0x0000005c   Code   RO          701    i.Ble_Info_Write    broadcom_ble.o
    0x080011dc   0x00000098   Code   RO          243    i.Board_Led_Toggle  board.o
    0x08001274   0x00000034   Code   RO          244    i.Board_Led_off     board.o
    0x080012a8   0x00000034   Code   RO          245    i.Board_Led_on      board.o
    0x080012dc   0x00000058   Code   RO          246    i.Borad_Start_Init  board.o
    0x08001334   0x00000024   Code   RO         1987    i.CRS_AutomaticCalibrationCmd  stm32f0xx_crs.o
    0x08001358   0x00000020   Code   RO         4017    i.CRS_Config        usb_bsp.o
    0x08001378   0x00000024   Code   RO         1991    i.CRS_FrequencyErrorCounterCmd  stm32f0xx_crs.o
    0x0800139c   0x0000001c   Code   RO         2004    i.CRS_SynchronizationSourceConfig  stm32f0xx_crs.o
    0x080013b8   0x00000298   Code   RO         1679    i.CTR               usb_dcd_int.o
    0x08001650   0x0000001e   Code   RO          400    i.Check_Connect_Mode  apptask_start.o
    0x0800166e   0x0000002e   Code   RO          841    i.Check_Sum         old_protocol.o
    0x0800169c   0x00000038   Code   RO         1198    i.ClearDTOG_RX      usb_core.o
    0x080016d4   0x00000038   Code   RO         1199    i.ClearDTOG_TX      usb_core.o
    0x0800170c   0x00000058   Code   RO          842    i.Cmd_Pack_Send     old_protocol.o
    0x08001764   0x0000015c   Code   RO          843    i.Cmd_Unpack        old_protocol.o
    0x080018c0   0x00000038   Code   RO          401    i.Com_Connect_Timeout_Isr  apptask_start.o
    0x080018f8   0x00000018   Code   RO         1578    i.DCD_DevConnect    usb_dcd.o
    0x08001910   0x000000a8   Code   RO         1580    i.DCD_EP_Close      usb_dcd.o
    0x080019b8   0x0000005a   Code   RO         1581    i.DCD_EP_ClrStall   usb_dcd.o
    0x08001a12   0x0000014a   Code   RO         1582    i.DCD_EP_Open       usb_dcd.o
    0x08001b5c   0x00000072   Code   RO         1583    i.DCD_EP_PrepareRx  usb_dcd.o
    0x08001bce   0x00000002   PAD
    0x08001bd0   0x0000004c   Code   RO         1584    i.DCD_EP_SetAddress  usb_dcd.o
    0x08001c1c   0x00000090   Code   RO         1585    i.DCD_EP_Stall      usb_dcd.o
    0x08001cac   0x000000b4   Code   RO         1586    i.DCD_EP_Tx         usb_dcd.o
    0x08001d60   0x00000040   Code   RO         1588    i.DCD_Init          usb_dcd.o
    0x08001da0   0x00000046   Code   RO         1589    i.DCD_PMA_Config    usb_dcd.o
    0x08001de6   0x00000002   PAD
    0x08001de8   0x00000010   Code   RO          474    i.DMA1_Channel2_3_IRQHandler  apptask_uart1.o
    0x08001df8   0x00000014   Code   RO          548    i.DMA1_Channel4_5_6_7_IRQHandler  apptask_uart2.o
    0x08001e0c   0x00000020   Code   RO         2115    i.DMA_ClearITPendingBit  stm32f0xx_dma.o
    0x08001e2c   0x0000001c   Code   RO         2116    i.DMA_Cmd           stm32f0xx_dma.o
    0x08001e48   0x00000008   Code   RO         2118    i.DMA_GetCurrDataCounter  stm32f0xx_dma.o
    0x08001e50   0x00000034   Code   RO         2119    i.DMA_GetFlagStatus  stm32f0xx_dma.o
    0x08001e84   0x00000014   Code   RO         2121    i.DMA_ITConfig      stm32f0xx_dma.o
    0x08001e98   0x00000040   Code   RO         2122    i.DMA_Init          stm32f0xx_dma.o
    0x08001ed8   0x00000034   Code   RO         2123    i.DMA_RemapConfig   stm32f0xx_dma.o
    0x08001f0c   0x00000004   Code   RO         2124    i.DMA_SetCurrDataCounter  stm32f0xx_dma.o
    0x08001f10   0x0000000c   Code   RO         2262    i.FLASH_ClearFlag   stm32f0xx_flash.o
    0x08001f1c   0x0000004c   Code   RO         2264    i.FLASH_ErasePage   stm32f0xx_flash.o
    0x08001f68   0x0000003c   Code   RO         2267    i.FLASH_GetStatus   stm32f0xx_flash.o
    0x08001fa4   0x00000014   Code   RO         2269    i.FLASH_Lock        stm32f0xx_flash.o
    0x08001fb8   0x0000006c   Code   RO         2289    i.FLASH_ProgramWord  stm32f0xx_flash.o
    0x08002024   0x00000024   Code   RO         2291    i.FLASH_Unlock      stm32f0xx_flash.o
    0x08002048   0x00000028   Code   RO         2292    i.FLASH_WaitForLastOperation  stm32f0xx_flash.o
    0x08002070   0x00000050   Code   RO         1205    i.FreeUserBuffer    usb_core.o
    0x080020c0   0x00000090   Code   RO         2463    i.GPIO_Init         stm32f0xx_gpio.o
    0x08002150   0x00000044   Code   RO         2464    i.GPIO_PinAFConfig  stm32f0xx_gpio.o
    0x08002194   0x00000014   Code   RO         2467    i.GPIO_ReadInputDataBit  stm32f0xx_gpio.o
    0x080021a8   0x00000004   Code   RO         2470    i.GPIO_ResetBits    stm32f0xx_gpio.o
    0x080021ac   0x00000004   Code   RO         2471    i.GPIO_SetBits      stm32f0xx_gpio.o
    0x080021b0   0x00000014   Code   RO         1209    i.GetENDPOINT       usb_core.o
    0x080021c4   0x00000024   Code   RO         1212    i.GetEPDblBuf0Count  usb_core.o
    0x080021e8   0x00000024   Code   RO         1214    i.GetEPDblBuf1Count  usb_core.o
    0x0800220c   0x00000024   Code   RO         1217    i.GetEPRxCount      usb_core.o
    0x08002230   0x00000024   Code   RO         1220    i.GetEPTxCount      usb_core.o
    0x08002254   0x00000030   Code   RO         4048    i.Get_SerialNum     usbd_desc.o
    0x08002284   0x00000002   Code   RO         1104    i.Handle_USBAsynchXfer  usbd_cdc_core.o
    0x08002286   0x00000004   Code   RO            3    i.HardFault_Handler  stm32_it.o
    0x0800228a   0x00000036   Code   RO         4049    i.IntToUnicode      usbd_desc.o
    0x080022c0   0x00000068   Code   RO          402    i.Mcu_startup_task  apptask_start.o
    0x08002328   0x00000078   Code   RO          403    i.Module_Mode_Status_Display  apptask_start.o
    0x080023a0   0x00000002   Code   RO            4    i.NMI_Handler       stm32_it.o
    0x080023a2   0x00000002   PAD
    0x080023a4   0x00000070   Code   RO         2554    i.NVIC_Init         stm32f0xx_misc.o
    0x08002414   0x00000024   Code   RO         1228    i.PMAToUserBufferCopy  usb_core.o
    0x08002438   0x00000020   Code   RO         2661    i.RCC_AHBPeriphClockCmd  stm32f0xx_rcc.o
    0x08002458   0x00000020   Code   RO         2663    i.RCC_APB1PeriphClockCmd  stm32f0xx_rcc.o
    0x08002478   0x00000020   Code   RO         2664    i.RCC_APB1PeriphResetCmd  stm32f0xx_rcc.o
    0x08002498   0x00000020   Code   RO         2665    i.RCC_APB2PeriphClockCmd  stm32f0xx_rcc.o
    0x080024b8   0x00000020   Code   RO         2666    i.RCC_APB2PeriphResetCmd  stm32f0xx_rcc.o
    0x080024d8   0x00000248   Code   RO         2675    i.RCC_GetClocksFreq  stm32f0xx_rcc.o
    0x08002720   0x0000001c   Code   RO         2699    i.RCC_USBCLKConfig  stm32f0xx_rcc.o
    0x0800273c   0x000000dc   Code   RO         4125    i.Resume            usbd_pwr.o
    0x08002818   0x00000020   Code   RO         4126    i.Resume_Init       usbd_pwr.o
    0x08002838   0x00000012   Code   RO          893    i.RingBuf_Count     ring_buf.o
    0x0800284a   0x0000000a   Code   RO          894    i.RingBuf_Flush     ring_buf.o
    0x08002854   0x0000000e   Code   RO          895    i.RingBuf_Init      ring_buf.o
    0x08002862   0x0000002e   Code   RO          896    i.RingBuf_Peek      ring_buf.o
    0x08002890   0x00000012   Code   RO          897    i.RingBuf_PeekCount  ring_buf.o
    0x080028a2   0x0000000c   Code   RO          898    i.RingBuf_Peek_Pos_Change  ring_buf.o
    0x080028ae   0x00000010   Code   RO          899    i.RingBuf_Peeked_Counter  ring_buf.o
    0x080028be   0x00000006   Code   RO          900    i.RingBuf_Peeked_Flush  ring_buf.o
    0x080028c4   0x00000006   Code   RO          901    i.RingBuf_Peeked_Reset  ring_buf.o
    0x080028ca   0x0000002e   Code   RO          902    i.RingBuf_Read      ring_buf.o
    0x080028f8   0x00000014   Code   RO          903    i.RingBuf_UnusedCount  ring_buf.o
    0x0800290c   0x0000003e   Code   RO          904    i.RingBuf_Write     ring_buf.o
    0x0800294a   0x00000002   PAD
    0x0800294c   0x00000014   Code   RO         1229    i.SetBTABLE         usb_core.o
    0x08002960   0x0000000c   Code   RO         1230    i.SetCNTR           usb_core.o
    0x0800296c   0x00000038   Code   RO         1240    i.SetEPDblBuffAddr  usb_core.o
    0x080029a4   0x000000cc   Code   RO         1241    i.SetEPDblBuffCount  usb_core.o
    0x08002a70   0x0000002c   Code   RO         1242    i.SetEPDoubleBuff   usb_core.o
    0x08002a9c   0x00000024   Code   RO         1243    i.SetEPRxAddr       usb_core.o
    0x08002ac0   0x00000050   Code   RO         1244    i.SetEPRxCount      usb_core.o
    0x08002b10   0x0000004c   Code   RO         1245    i.SetEPRxStatus     usb_core.o
    0x08002b5c   0x00000020   Code   RO         1247    i.SetEPTxAddr       usb_core.o
    0x08002b7c   0x0000001c   Code   RO         1248    i.SetEPTxCount      usb_core.o
    0x08002b98   0x00000044   Code   RO         1249    i.SetEPTxStatus     usb_core.o
    0x08002bdc   0x00000034   Code   RO         1250    i.SetEPTxValid      usb_core.o
    0x08002c10   0x00000024   Code   RO         1251    i.SetEPType         usb_core.o
    0x08002c34   0x0000000c   Code   RO         1253    i.SetISTR           usb_core.o
    0x08002c40   0x000000d8   Code   RO         1949    i.SetSysClock       system_stm32f0xx.o
    0x08002d18   0x0000004e   Code   RO          702    i.StringFind        broadcom_ble.o
    0x08002d66   0x00000002   PAD
    0x08002d68   0x00000020   Code   RO         4127    i.Suspend           usbd_pwr.o
    0x08002d88   0x0000007c   Code   RO         1951    i.SystemInit        system_stm32f0xx.o
    0x08002e04   0x00000028   Code   RO         1256    i.ToggleDTOG_RX     usb_core.o
    0x08002e2c   0x00000028   Code   RO         1257    i.ToggleDTOG_TX     usb_core.o
    0x08002e54   0x00000030   Code   RO          475    i.USART1_IRQHandler  apptask_uart1.o
    0x08002e84   0x00000030   Code   RO          549    i.USART2_IRQHandler  apptask_uart2.o
    0x08002eb4   0x00000030   Code   RO          622    i.USART3_4_IRQHandler  apptask_uart3.o
    0x08002ee4   0x00000012   Code   RO         3466    i.USART_ClearITPendingBit  stm32f0xx_usart.o
    0x08002ef6   0x00000018   Code   RO         3469    i.USART_Cmd         stm32f0xx_usart.o
    0x08002f0e   0x00000014   Code   RO         3472    i.USART_DMACmd      stm32f0xx_usart.o
    0x08002f22   0x00000002   PAD
    0x08002f24   0x000000f0   Code   RO         3475    i.USART_DeInit      stm32f0xx_usart.o
    0x08003014   0x00000014   Code   RO         3477    i.USART_GetFlagStatus  stm32f0xx_usart.o
    0x08003028   0x0000004e   Code   RO         3478    i.USART_GetITStatus  stm32f0xx_usart.o
    0x08003076   0x00000042   Code   RO         3480    i.USART_ITConfig    stm32f0xx_usart.o
    0x080030b8   0x000000f8   Code   RO         3481    i.USART_Init        stm32f0xx_usart.o
    0x080031b0   0x0000000a   Code   RO         3493    i.USART_ReceiveData  stm32f0xx_usart.o
    0x080031ba   0x00000008   Code   RO         3498    i.USART_SendData    stm32f0xx_usart.o
    0x080031c2   0x00000018   Code   RO         1706    i.USBD_ClrCfg       usbd_core.o
    0x080031da   0x00000042   Code   RO         1842    i.USBD_ClrFeature   usbd_req.o
    0x0800321c   0x0000001a   Code   RO         1786    i.USBD_CtlContinueRx  usbd_ioreq.o
    0x08003236   0x0000001a   Code   RO         1787    i.USBD_CtlContinueSendData  usbd_ioreq.o
    0x08003250   0x00000010   Code   RO         1843    i.USBD_CtlError     usbd_req.o
    0x08003260   0x00000026   Code   RO         1788    i.USBD_CtlPrepareRx  usbd_ioreq.o
    0x08003286   0x0000001a   Code   RO         1789    i.USBD_CtlReceiveStatus  usbd_ioreq.o
    0x080032a0   0x00000022   Code   RO         1790    i.USBD_CtlSendData  usbd_ioreq.o
    0x080032c2   0x0000001a   Code   RO         1791    i.USBD_CtlSendStatus  usbd_ioreq.o
    0x080032dc   0x000000cc   Code   RO         1707    i.USBD_DataInStage  usbd_core.o
    0x080033a8   0x00000088   Code   RO         1708    i.USBD_DataOutStage  usbd_core.o
    0x08003430   0x00000006   Code   RO         1709    i.USBD_DeInit       usbd_core.o
    0x08003436   0x0000004c   Code   RO         1844    i.USBD_GetConfig    usbd_req.o
    0x08003482   0x0000012a   Code   RO         1845    i.USBD_GetDescriptor  usbd_req.o
    0x080035ac   0x00000014   Code   RO         1846    i.USBD_GetLen       usbd_req.o
    0x080035c0   0x00000044   Code   RO         1847    i.USBD_GetStatus    usbd_req.o
    0x08003604   0x0000004e   Code   RO         1848    i.USBD_GetString    usbd_req.o
    0x08003652   0x00000046   Code   RO         1710    i.USBD_Init         usbd_core.o
    0x08003698   0x00000030   Code   RO         1849    i.USBD_ParseSetupRequest  usbd_req.o
    0x080036c8   0x00000048   Code   RO         1711    i.USBD_Reset        usbd_core.o
    0x08003710   0x00000016   Code   RO         1712    i.USBD_Resume       usbd_core.o
    0x08003726   0x00000020   Code   RO         1713    i.USBD_SOF          usbd_core.o
    0x08003746   0x00000002   PAD
    0x08003748   0x00000054   Code   RO         1850    i.USBD_SetAddress   usbd_req.o
    0x0800379c   0x00000022   Code   RO         1714    i.USBD_SetCfg       usbd_core.o
    0x080037be   0x00000002   PAD
    0x080037c0   0x000000c0   Code   RO         1851    i.USBD_SetConfig    usbd_req.o
    0x08003880   0x00000024   Code   RO         1852    i.USBD_SetFeature   usbd_req.o
    0x080038a4   0x00000058   Code   RO         1715    i.USBD_SetupStage   usbd_core.o
    0x080038fc   0x00000072   Code   RO         1853    i.USBD_StdDevReq    usbd_req.o
    0x0800396e   0x00000158   Code   RO         1854    i.USBD_StdEPReq     usbd_req.o
    0x08003ac6   0x00000050   Code   RO         1855    i.USBD_StdItfReq    usbd_req.o
    0x08003b16   0x0000001a   Code   RO         1716    i.USBD_Suspend      usbd_core.o
    0x08003b30   0x00000024   Code   RO         4050    i.USBD_USR_ConfigStrDescriptor  usbd_desc.o
    0x08003b54   0x00000002   Code   RO         4165    i.USBD_USR_DeviceConfigured  usbd_usr.o
    0x08003b56   0x00000002   PAD
    0x08003b58   0x00000010   Code   RO         4051    i.USBD_USR_DeviceDescriptor  usbd_desc.o
    0x08003b68   0x00000002   Code   RO         4166    i.USBD_USR_DeviceReset  usbd_usr.o
    0x08003b6a   0x00000002   Code   RO         4167    i.USBD_USR_DeviceResumed  usbd_usr.o
    0x08003b6c   0x00000002   Code   RO         4168    i.USBD_USR_DeviceSuspended  usbd_usr.o
    0x08003b6e   0x00000002   Code   RO         4169    i.USBD_USR_Init     usbd_usr.o
    0x08003b70   0x00000028   Code   RO         4052    i.USBD_USR_InterfaceStrDescriptor  usbd_desc.o
    0x08003b98   0x00000010   Code   RO         4053    i.USBD_USR_LangIDStrDescriptor  usbd_desc.o
    0x08003ba8   0x0000002c   Code   RO         4054    i.USBD_USR_ManufacturerStrDescriptor  usbd_desc.o
    0x08003bd4   0x0000003c   Code   RO         4055    i.USBD_USR_ProductStrDescriptor  usbd_desc.o
    0x08003c10   0x00000010   Code   RO         4056    i.USBD_USR_SerialStrDescriptor  usbd_desc.o
    0x08003c20   0x00000010   Code   RO         1105    i.USBD_cdc_GetCfgDesc  usbd_cdc_core.o
    0x08003c30   0x00000018   Code   RO         4018    i.USB_BSP_EnableInterrupt  usb_bsp.o
    0x08003c48   0x00000018   Code   RO         4019    i.USB_BSP_Init      usb_bsp.o
    0x08003c60   0x00000024   Code   RO         3964    i.USB_CDC_Init      hw_config.o
    0x08003c84   0x000000c8   Code   RO         3966    i.USB_CDC_Send      hw_config.o
    0x08003d4c   0x00000008   Code   RO            8    i.USB_IRQHandler    stm32_it.o
    0x08003d54   0x0000013c   Code   RO         1680    i.USB_Istr          usb_dcd_int.o
    0x08003e90   0x00000026   Code   RO          976    i.USB_Printf        serialmanager.o
    0x08003eb6   0x00000002   PAD
    0x08003eb8   0x00000030   Code   RO          476    i.USB_User_Recieve_ISR  apptask_uart1.o
    0x08003ee8   0x00000010   Code   RO          248    i.USB_pullup_High   board.o
    0x08003ef8   0x00000034   Code   RO          249    i.USB_pullup_pin_cfg  board.o
    0x08003f2c   0x000000b8   Code   RO          477    i.Uart1_Config      apptask_uart1.o
    0x08003fe4   0x00000070   Code   RO          478    i.Uart1_Dma_RX_ISR  apptask_uart1.o
    0x08004054   0x00000078   Code   RO          479    i.Uart1_IDLE_ISR    apptask_uart1.o
    0x080040cc   0x0000009c   Code   RO          480    i.Uart1_Rx_Dma_Config  apptask_uart1.o
    0x08004168   0x000000b4   Code   RO          550    i.Uart2_Config      apptask_uart2.o
    0x0800421c   0x00000070   Code   RO          551    i.Uart2_Dma_RX_ISR  apptask_uart2.o
    0x0800428c   0x00000078   Code   RO          552    i.Uart2_IDLE_ISR    apptask_uart2.o
    0x08004304   0x0000009c   Code   RO          554    i.Uart2_Rx_Dma_Config  apptask_uart2.o
    0x080043a0   0x000000b4   Code   RO          623    i.Uart3_Config      apptask_uart3.o
    0x08004454   0x00000010   Code   RO          624    i.Uart3_DMA_isr     apptask_uart3.o
    0x08004464   0x00000070   Code   RO          625    i.Uart3_Dma_RX_ISR  apptask_uart3.o
    0x080044d4   0x00000078   Code   RO          626    i.Uart3_IDLE_ISR    apptask_uart3.o
    0x0800454c   0x0000009c   Code   RO          627    i.Uart3_Rx_Dma_Config  apptask_uart3.o
    0x080045e8   0x000002d0   Code   RO          844    i.Uart_PassThrough  old_protocol.o
    0x080048b8   0x0000002e   Code   RO          977    i.Uart_Send         serialmanager.o
    0x080048e6   0x00000002   PAD
    0x080048e8   0x0000002c   Code   RO         1258    i.UserToPMABufferCopy  usb_core.o
    0x08004914   0x00000028   Code   RO         5106    i.__0sprintf$6      mc_p.l(printf6.o)
    0x0800493c   0x00000024   Code   RO         5188    i.__0vsprintf       mc_p.l(printfa.o)
    0x08004960   0x0000002e   Code   RO         5248    i.__ARM_clz         mf_p.l(depilogue.o)
    0x0800498e   0x0000001c   Code   RO         1931    i.__ARM_common_switch8  usbd_req.o
    0x080049aa   0x0000000e   Code   RO         5252    i.__scatterload_copy  mc_p.l(handlers.o)
    0x080049b8   0x00000002   Code   RO         5253    i.__scatterload_null  mc_p.l(handlers.o)
    0x080049ba   0x0000000e   Code   RO         5254    i.__scatterload_zeroinit  mc_p.l(handlers.o)
    0x080049c8   0x00000158   Code   RO         5189    i._fp_digits        mc_p.l(printfa.o)
    0x08004b20   0x00000304   Code   RO         5111    i._printf_core      mc_p.l(printf6.o)
    0x08004e24   0x000006ec   Code   RO         5190    i._printf_core      mc_p.l(printfa.o)
    0x08005510   0x00000020   Code   RO         5112    i._printf_post_padding  mc_p.l(printf6.o)
    0x08005530   0x00000020   Code   RO         5191    i._printf_post_padding  mc_p.l(printfa.o)
    0x08005550   0x0000002c   Code   RO         5113    i._printf_pre_padding  mc_p.l(printf6.o)
    0x0800557c   0x0000002c   Code   RO         5192    i._printf_pre_padding  mc_p.l(printfa.o)
    0x080055a8   0x0000000a   Code   RO         5115    i._sputc            mc_p.l(printf6.o)
    0x080055b2   0x0000000a   Code   RO         5194    i._sputc            mc_p.l(printfa.o)
    0x080055bc   0x0000052c   Code   RO          318    i.ble_pair_task     apptask_broadcomble.o
    0x08005ae8   0x0000000e   Code   RO          177    i.main              app.o
    0x08005af6   0x00000002   PAD
    0x08005af8   0x00000054   Code   RO         4526    i.prvAddCurrentTaskToDelayedList  tasks.o
    0x08005b4c   0x00000038   Code   RO         4527    i.prvAllocateTCBAndStack  tasks.o
    0x08005b84   0x00000050   Code   RO         4789    i.prvCheckForValidListAndQueue  timers.o
    0x08005bd4   0x00000068   Code   RO         4528    i.prvCheckTasksWaitingTermination  tasks.o
    0x08005c3c   0x0000002c   Code   RO         4402    i.prvCopyDataFromQueue  queue.o
    0x08005c68   0x00000070   Code   RO         4403    i.prvCopyDataToQueue  queue.o
    0x08005cd8   0x00000012   Code   RO         4529    i.prvDeleteTCB      tasks.o
    0x08005cea   0x00000002   PAD
    0x08005cec   0x0000002c   Code   RO         4790    i.prvGetNextExpireTime  timers.o
    0x08005d18   0x00000038   Code   RO         4896    i.prvHeapInit       heap_2.o
    0x08005d50   0x00000018   Code   RO         4530    i.prvIdleTask       tasks.o
    0x08005d68   0x00000056   Code   RO         4531    i.prvInitialiseTCBVariables  tasks.o
    0x08005dbe   0x00000002   PAD
    0x08005dc0   0x00000064   Code   RO         4532    i.prvInitialiseTaskLists  tasks.o
    0x08005e24   0x00000054   Code   RO         4791    i.prvInsertTimerInActiveList  timers.o
    0x08005e78   0x0000001c   Code   RO         4404    i.prvIsQueueEmpty   queue.o
    0x08005e94   0x0000001e   Code   RO         4405    i.prvIsQueueFull    queue.o
    0x08005eb2   0x00000002   PAD
    0x08005eb4   0x0000004c   Code   RO         4792    i.prvProcessExpiredTimer  timers.o
    0x08005f00   0x000000d4   Code   RO         4793    i.prvProcessReceivedCommands  timers.o
    0x08005fd4   0x00000050   Code   RO         4794    i.prvProcessTimerOrBlockTask  timers.o
    0x08006024   0x00000038   Code   RO         4533    i.prvResetNextTaskUnblockTime  tasks.o
    0x0800605c   0x0000002c   Code   RO         4795    i.prvSampleTimeNow  timers.o
    0x08006088   0x00000014   Code   RO         4214    i.prvSetupTimerInterrupt  port.o
    0x0800609c   0x00000080   Code   RO         4796    i.prvSwitchTimerLists  timers.o
    0x0800611c   0x00000006   Code   RO         4215    i.prvTaskExitError  port.o
    0x08006122   0x00000022   Code   RO         4292    i.prvTestWaitCondition  event_groups.o
    0x08006144   0x0000001a   Code   RO         4797    i.prvTimerTask      timers.o
    0x0800615e   0x0000008a   Code   RO         4406    i.prvUnlockQueue    queue.o
    0x080061e8   0x000000bc   Code   RO         4897    i.pvPortMalloc      heap_2.o
    0x080062a4   0x00000020   Code   RO         4216    i.pxPortInitialiseStack  port.o
    0x080062c4   0x00000032   Code   RO          979    i.sendString_ViaUSB  serialmanager.o
    0x080062f6   0x00000002   PAD
    0x080062f8   0x00000030   Code   RO         1107    i.usbd_cdc_DataOut  usbd_cdc_core.o
    0x08006328   0x00000022   Code   RO         1108    i.usbd_cdc_DeInit   usbd_cdc_core.o
    0x0800634a   0x00000002   PAD
    0x0800634c   0x00000018   Code   RO         1109    i.usbd_cdc_EP0_RxReady  usbd_cdc_core.o
    0x08006364   0x00000068   Code   RO         1110    i.usbd_cdc_Init     usbd_cdc_core.o
    0x080063cc   0x00000028   Code   RO         1111    i.usbd_cdc_SOF      usbd_cdc_core.o
    0x080063f4   0x000000d4   Code   RO         1112    i.usbd_cdc_Setup    usbd_cdc_core.o
    0x080064c8   0x00000028   Code   RO         4366    i.uxListRemove      list.o
    0x080064f0   0x0000001c   Code   RO         4539    i.uxTaskResetEventItemValue  tasks.o
    0x0800650c   0x00000014   Code   RO          405    i.vApplicationTickHook  apptask_start.o
    0x08006520   0x00000010   Code   RO         4295    i.vEventGroupSetBitsCallback  event_groups.o
    0x08006530   0x0000001a   Code   RO         4367    i.vListInitialise   list.o
    0x0800654a   0x00000006   Code   RO         4368    i.vListInitialiseItem  list.o
    0x08006550   0x00000036   Code   RO         4369    i.vListInsert       list.o
    0x08006586   0x00000018   Code   RO         4370    i.vListInsertEnd    list.o
    0x0800659e   0x00000002   PAD
    0x080065a0   0x0000001c   Code   RO         4218    i.vPortEnterCritical  port.o
    0x080065bc   0x0000001c   Code   RO         4219    i.vPortExitCritical  port.o
    0x080065d8   0x00000044   Code   RO         4898    i.vPortFree         heap_2.o
    0x0800661c   0x00000002   Code   RO         4220    i.vPortSVCHandler   port.o
    0x0800661e   0x00000002   PAD
    0x08006620   0x00000018   Code   RO         4221    i.vPortYield        port.o
    0x08006638   0x0000003c   Code   RO         4411    i.vQueueWaitForMessageRestricted  queue.o
    0x08006674   0x0000003c   Code   RO         4540    i.vTaskDelay        tasks.o
    0x080066b0   0x0000000c   Code   RO         4544    i.vTaskMissedYield  tasks.o
    0x080066bc   0x0000004c   Code   RO         4546    i.vTaskPlaceOnEventList  tasks.o
    0x08006708   0x00000034   Code   RO         4547    i.vTaskPlaceOnEventListRestricted  tasks.o
    0x0800673c   0x00000058   Code   RO         4548    i.vTaskPlaceOnUnorderedEventList  tasks.o
    0x08006794   0x00000018   Code   RO         4551    i.vTaskSetTimeOutState  tasks.o
    0x080067ac   0x00000054   Code   RO         4552    i.vTaskStartScheduler  tasks.o
    0x08006800   0x00000010   Code   RO         4554    i.vTaskSuspendAll   tasks.o
    0x08006810   0x00000080   Code   RO         4555    i.vTaskSwitchContext  tasks.o
    0x08006890   0x0000001c   Code   RO         4297    i.xEventGroupCreate  event_groups.o
    0x080068ac   0x000000a6   Code   RO         4299    i.xEventGroupSetBits  event_groups.o
    0x08006952   0x000000ca   Code   RO         4301    i.xEventGroupWaitBits  event_groups.o
    0x08006a1c   0x00000038   Code   RO         4222    i.xPortStartScheduler  port.o
    0x08006a54   0x00000024   Code   RO         4223    i.xPortSysTickHandler  port.o
    0x08006a78   0x0000004c   Code   RO         4412    i.xQueueGenericCreate  queue.o
    0x08006ac4   0x0000010c   Code   RO         4413    i.xQueueGenericReceive  queue.o
    0x08006bd0   0x00000074   Code   RO         4414    i.xQueueGenericReset  queue.o
    0x08006c44   0x000000f0   Code   RO         4415    i.xQueueGenericSend  queue.o
    0x08006d34   0x0000006e   Code   RO         4416    i.xQueueGenericSendFromISR  queue.o
    0x08006da2   0x00000002   PAD
    0x08006da4   0x00000060   Code   RO         4556    i.xTaskCheckForTimeOut  tasks.o
    0x08006e04   0x000000f8   Code   RO         4557    i.xTaskGenericCreate  tasks.o
    0x08006efc   0x00000024   Code   RO         4559    i.xTaskGetSchedulerState  tasks.o
    0x08006f20   0x0000000c   Code   RO         4560    i.xTaskGetTickCount  tasks.o
    0x08006f2c   0x00000134   Code   RO         4562    i.xTaskIncrementTick  tasks.o
    0x08007060   0x00000080   Code   RO         4565    i.xTaskRemoveFromEventList  tasks.o
    0x080070e0   0x00000068   Code   RO         4566    i.xTaskRemoveFromUnorderedEventList  tasks.o
    0x08007148   0x000000dc   Code   RO         4567    i.xTaskResumeAll    tasks.o
    0x08007224   0x00000044   Code   RO         4801    i.xTimerCreateTimerTask  timers.o
    0x08007268   0x00000068   Code   RO         4802    i.xTimerGenericCommand  timers.o
    0x080072d0   0x00000034   Code   RO         4805    i.xTimerPendFunctionCallFromISR  timers.o
    0x08007304   0x00000043   Data   RO         1114    .constdata          usbd_cdc_core.o
    0x08007347   0x00000020   Data   RO         4058    .constdata          usbd_desc.o
    0x08007367   0x00000001   PAD
    0x08007368   0x00000020   Data   RO         5250    Region$$Table       anon$$obj.o


    Execution Region RW_IRAM1 (Base: 0x20000100, Size: 0x00002d28, Max: 0x00003f00, ABSOLUTE, COMPRESSED[0x00000084])

    Base Addr    Size         Type   Attr      Idx    E Section Name        Object

    0x20000100   0x00000003   Data   RW          250    .data               board.o
    0x20000103   0x00000001   PAD
    0x20000104   0x00000004   Data   RW          320    .data               apptask_broadcomble.o
    0x20000108   0x00000004   Data   RW          482    .data               apptask_uart1.o
    0x2000010c   0x00000004   Data   RW          556    .data               apptask_uart2.o
    0x20000110   0x00000004   Data   RW          629    .data               apptask_uart3.o
    0x20000114   0x00000005   Data   RW          704    .data               broadcom_ble.o
    0x20000119   0x00000003   PAD
    0x2000011c   0x00000044   Data   RW         1115    .data               usbd_cdc_core.o
    0x20000160   0x00000004   Data   RW         1592    .data               usb_dcd.o
    0x20000164   0x00000020   Data   RW         1717    .data               usbd_core.o
    0x20000184   0x00000005   Data   RW         1857    .data               usbd_req.o
    0x20000189   0x00000010   Data   RW         2701    .data               stm32f0xx_rcc.o
    0x20000199   0x00000001   Data   RW         3969    .data               hw_config.o
    0x2000019a   0x00000002   PAD
    0x2000019c   0x00000036   Data   RW         4059    .data               usbd_desc.o
    0x200001d2   0x00000002   PAD
    0x200001d4   0x00000008   Data   RW         4128    .data               usbd_pwr.o
    0x200001dc   0x00000014   Data   RW         4170    .data               usbd_usr.o
    0x200001f0   0x00000004   Data   RW         4224    .data               port.o
    0x200001f4   0x00000038   Data   RW         4570    .data               tasks.o
    0x2000022c   0x00000010   Data   RW         4807    .data               timers.o
    0x2000023c   0x00000018   Data   RW         4902    .data               heap_2.o
    0x20000254   0x00000011   Zero   RW          319    .bss                apptask_broadcomble.o
    0x20000265   0x00000001   PAD
    0x20000266   0x0000000c   Zero   RW          406    .bss                apptask_start.o
    0x20000272   0x00000002   PAD
    0x20000274   0x00000324   Zero   RW          481    .bss                apptask_uart1.o
    0x20000598   0x00000324   Zero   RW          555    .bss                apptask_uart2.o
    0x200008bc   0x00000324   Zero   RW          628    .bss                apptask_uart3.o
    0x20000be0   0x0000001a   Zero   RW          703    .bss                broadcom_ble.o
    0x20000bfa   0x00000002   PAD
    0x20000bfc   0x00000210   Zero   RW          905    .bss                ring_buf.o
    0x20000e0c   0x000000c4   Zero   RW         1113    .bss                usbd_cdc_core.o
    0x20000ed0   0x000000ff   Zero   RW         1856    .bss                usbd_req.o
    0x20000fcf   0x00000001   PAD
    0x20000fd0   0x00000168   Zero   RW         3968    .bss                hw_config.o
    0x20001138   0x000000c8   Zero   RW         4569    .bss                tasks.o
    0x20001200   0x00000028   Zero   RW         4806    .bss                timers.o
    0x20001228   0x00001800   Zero   RW         4901    .bss                heap_2.o
    0x20002a28   0x00000400   Zero   RW         1940    STACK               startup_stm32f072.o


==============================================================================

Image component sizes


      Code (inc. data)   RO Data    RW Data    ZI Data      Debug   Object Name

        14          0          0          0          0       9659   app.o
      1544        694          0          4         17       9917   apptask_broadcomble.o
       378         68          0          0         12       4447   apptask_start.o
      1016        188          0          4        804       7711   apptask_uart1.o
       896        162          0          4        804       6659   apptask_uart2.o
       896        166          0          4        804       6600   apptask_uart3.o
       412         42          0          3          0       4440   board.o
      1550        258          0          5         26      10696   broadcom_ble.o
       446          0          0          0          0       6872   event_groups.o
       312         50          0         24       6144       4015   heap_2.o
       236         20          0          1        360       2520   hw_config.o
       150          0          0          0          0       3610   list.o
      1202         24          0          0          0       3976   old_protocol.o
       344         54          0          4          0       7464   port.o
      1222          0          0          0          0      10726   queue.o
       274          0          0          0        528       7797   ring_buf.o
       134          0          0          0          0       6249   serialmanager.o
        88         38        192          0       1024        796   startup_stm32f072.o
        14          0          0          0          0     229660   stm32_it.o
       100         12          0          0          0       1919   stm32f0xx_crs.o
       260         36          0          0          0       7128   stm32f0xx_dma.o
       352         38          0          0          0       5143   stm32f0xx_flash.o
       240          0          0          0          0       4091   stm32f0xx_gpio.o
       112          6          0          0          0       1148   stm32f0xx_misc.o
       772         56          0         16          0       6191   stm32f0xx_rcc.o
       732         56          0          0          0       8385   stm32f0xx_usart.o
       340         24          0          0          0       1913   system_stm32f0xx.o
      2248        360          0         56        200      21492   tasks.o
       998         98          0         16         40      10475   timers.o
        80          0          0          0          0       2105   usb_bsp.o
      1272        254          0          0          0      17461   usb_core.o
      1260         32          0          4          0       8892   usb_dcd.o
       980         72          0          0          0       2463   usb_dcd_int.o
       480         46         67         68        196       7272   usbd_cdc_core.o
       714          4          0         32          0       9420   usbd_core.o
       330        126         32         54          0       7166   usbd_desc.o
       176          0          0          0          0       5020   usbd_ioreq.o
       284         32          0          8          0       2522   usbd_pwr.o
      1548         42          0          5        255      11455   usbd_req.o
        10          0          0         20          0       2804   usbd_usr.o

    ----------------------------------------------------------------------
     24456       3058        324        340      11220     488279   Object Totals
         0          0         32          0          0          0   (incl. Generated)
        40          0          1          8          6          0   (incl. Padding)

    ----------------------------------------------------------------------

      Code (inc. data)   RO Data    RW Data    ZI Data      Debug   Library Member Name

        86          0          0          0          0          0   __dczerorl2.o
         0          0          0          0          0          0   entry.o
         0          0          0          0          0          0   entry10a.o
         0          0          0          0          0          0   entry11a.o
         8          4          0          0          0          0   entry2.o
         4          0          0          0          0          0   entry5.o
         0          0          0          0          0          0   entry7b.o
         0          0          0          0          0          0   entry8b.o
         8          4          0          0          0          0   entry9a.o
        30          0          0          0          0          0   handlers.o
        36          8          0          0          0         68   init.o
         0          0          0          0          0          0   iusefp.o
        32          0          0          0          0         68   llshl.o
        38          0          0          0          0         68   llsshr.o
        34          0          0          0          0         68   llushr.o
        26          0          0          0          0         72   memcmp.o
        36          0          0          0          0         60   memcpya.o
        36          0          0          0          0        100   memseta.o
       898          8          0          0          0        384   printf6.o
      2238         96          0          0          0        460   printfa.o
        44          0          0          0          0         72   uidiv.o
        96          0          0          0          0         84   uldiv.o
        40          2          0          0          0         68   cdrcmple.o
       356          4          0          0          0        140   dadd.o
       240          6          0          0          0         84   ddiv.o
       236          0          0          0          0        216   depilogue.o
        64         10          0          0          0         68   dfixul.o
       208          6          0          0          0         88   dmul.o

    ----------------------------------------------------------------------
      4796        148          0          0          0       2168   Library Totals
         2          0          0          0          0          0   (incl. Padding)

    ----------------------------------------------------------------------

      Code (inc. data)   RO Data    RW Data    ZI Data      Debug   Library Name

      3650        120          0          0          0       1504   mc_p.l
      1144         28          0          0          0        664   mf_p.l

    ----------------------------------------------------------------------
      4796        148          0          0          0       2168   Library Totals

    ----------------------------------------------------------------------

==============================================================================


      Code (inc. data)   RO Data    RW Data    ZI Data      Debug   

     29252       3206        324        340      11220     476663   Grand Totals
     29252       3206        324        132      11220     476663   ELF Image Totals (compressed)
     29252       3206        324        132          0          0   ROM Totals

==============================================================================

    Total RO  Size (Code + RO Data)                29576 (  28.88kB)
    Total RW  Size (RW Data + ZI Data)             11560 (  11.29kB)
    Total ROM Size (Code + RO Data + RW Data)      29708 (  29.01kB)

==============================================================================

