Component: ARM Compiler 5.06 update 2 (build 183) Tool: armlink [4d35b7]

==============================================================================

Section Cross References

    main.o(i.DFU_Service_Init) refers to ble_dfu.o(i.ble_dfu_init) for ble_dfu_init
    main.o(i.DFU_Service_Init) refers to app_error.o(i.app_error_handler) for app_error_handler
    main.o(i.DFU_Service_Init) refers to dfu_app_handler.o(i.dfu_app_reset_prepare_set) for dfu_app_reset_prepare_set
    main.o(i.DFU_Service_Init) refers to dfu_app_handler.o(i.dfu_app_on_dfu_evt) for dfu_app_on_dfu_evt
    main.o(i.DFU_Service_Init) refers to main.o(.bss) for m_dfus
    main.o(i.DFU_Service_Init) refers to main.o(i.reset_prepare) for reset_prepare
    main.o(i.Uart_Poll_Send) refers to ble_passthrough_handle.o(i.Ble_TxFifo_Datalen) for Ble_TxFifo_Datalen
    main.o(i.Uart_Poll_Send) refers to ble_passthrough_handle.o(i.Ble_TxFifo_DataPop) for Ble_TxFifo_DataPop
    main.o(i.Uart_Poll_Send) refers to app_uart_fifo.o(i.app_uart_put) for app_uart_put
    main.o(i.advertising_init) refers to memseta.o(.text) for __aeabi_memclr4
    main.o(i.advertising_init) refers to ble_advertising.o(i.ble_advertising_init) for ble_advertising_init
    main.o(i.advertising_init) refers to app_error.o(i.app_error_handler) for app_error_handler
    main.o(i.advertising_init) refers to main.o(.data) for m_adv_uuids
    main.o(i.advertising_init) refers to main.o(i.on_adv_evt) for on_adv_evt
    main.o(i.advertising_stop) refers to app_error.o(i.app_error_handler) for app_error_handler
    main.o(i.advertising_stop) refers to bsp.o(i.bsp_indication_set) for bsp_indication_set
    main.o(i.assert_nrf_callback) refers to app_error.o(i.app_error_handler) for app_error_handler
    main.o(i.ble_evt_dispatch) refers to ble_conn_params.o(i.ble_conn_params_on_ble_evt) for ble_conn_params_on_ble_evt
    main.o(i.ble_evt_dispatch) refers to ble_nus.o(i.ble_nus_on_ble_evt) for ble_nus_on_ble_evt
    main.o(i.ble_evt_dispatch) refers to main.o(i.on_ble_evt) for on_ble_evt
    main.o(i.ble_evt_dispatch) refers to ble_advertising.o(i.ble_advertising_on_ble_evt) for ble_advertising_on_ble_evt
    main.o(i.ble_evt_dispatch) refers to ble_dfu.o(i.ble_dfu_on_ble_evt) for ble_dfu_on_ble_evt
    main.o(i.ble_evt_dispatch) refers to ble_passthrough_handle.o(i.Ble_tx_complete_handler) for Ble_tx_complete_handler
    main.o(i.ble_evt_dispatch) refers to main.o(.bss) for m_nus
    main.o(i.ble_stack_init) refers to softdevice_handler.o(i.softdevice_handler_init) for softdevice_handler_init
    main.o(i.ble_stack_init) refers to app_error.o(i.app_error_handler) for app_error_handler
    main.o(i.ble_stack_init) refers to softdevice_handler.o(i.softdevice_ble_evt_handler_set) for softdevice_ble_evt_handler_set
    main.o(i.ble_stack_init) refers to softdevice_handler.o(i.softdevice_sys_evt_handler_set) for softdevice_sys_evt_handler_set
    main.o(i.ble_stack_init) refers to main.o(.bss) for BLE_EVT_BUFFER
    main.o(i.ble_stack_init) refers to main.o(i.ble_evt_dispatch) for ble_evt_dispatch
    main.o(i.ble_stack_init) refers to main.o(i.sys_evt_dispatch) for sys_evt_dispatch
    main.o(i.conn_params_error_handler) refers to app_error.o(i.app_error_handler) for app_error_handler
    main.o(i.conn_params_init) refers to memseta.o(.text) for __aeabi_memclr4
    main.o(i.conn_params_init) refers to ble_conn_params.o(i.ble_conn_params_init) for ble_conn_params_init
    main.o(i.conn_params_init) refers to app_error.o(i.app_error_handler) for app_error_handler
    main.o(i.conn_params_init) refers to main.o(i.on_conn_params_evt) for on_conn_params_evt
    main.o(i.conn_params_init) refers to main.o(i.conn_params_error_handler) for conn_params_error_handler
    main.o(i.gap_params_init) refers to memseta.o(.text) for __aeabi_memclr4
    main.o(i.gap_params_init) refers to memcpya.o(.text) for __aeabi_memcpy
    main.o(i.gap_params_init) refers to printf8.o(i.__0sprintf$8) for __2sprintf
    main.o(i.gap_params_init) refers to app_error.o(i.app_error_handler) for app_error_handler
    main.o(i.gap_params_init) refers to ble_firmwareinfo.o(.bss) for ble_cfg_firmwareinfo
    main.o(i.main) refers to ble_passthrough_handle.o(i.Ble_Fifo_Init) for Ble_Fifo_Init
    main.o(i.main) refers to app_timer.o(i.app_timer_init) for app_timer_init
    main.o(i.main) refers to app_error.o(i.app_error_handler) for app_error_handler
    main.o(i.main) refers to main.o(i.uart_init) for uart_init
    main.o(i.main) refers to ble_firmwareinfo.o(i.FirmwareInfo_Default) for FirmwareInfo_Default
    main.o(i.main) refers to main.o(i.board_init) for board_init
    main.o(i.main) refers to at.o(i.ATcmd_Pin_Configuration) for ATcmd_Pin_Configuration
    main.o(i.main) refers to at.o(i.Ble_ConnectStatusPin_Configuration) for Ble_ConnectStatusPin_Configuration
    main.o(i.main) refers to main.o(i.time_init) for time_init
[...]
    i.rx_byte                                0x0001d918   Section        0  nrf_drv_uart.o(i.rx_byte)
    rx_byte                                  0x0001d919   Thumb Code    48  nrf_drv_uart.o(i.rx_byte)
    i.rx_char_add                            0x0001d950   Section        0  ble_nus.o(i.rx_char_add)
    rx_char_add                              0x0001d951   Thumb Code   302  ble_nus.o(i.rx_char_add)
    i.rx_done_event                          0x0001da80   Section        0  nrf_drv_uart.o(i.rx_done_event)
    rx_done_event                            0x0001da81   Thumb Code    38  nrf_drv_uart.o(i.rx_done_event)
    i.rx_enable                              0x0001daac   Section        0  nrf_drv_uart.o(i.rx_enable)
    rx_enable                                0x0001daad   Thumb Code    32  nrf_drv_uart.o(i.rx_enable)
    i.sec_mgr_oob_flags_encode               0x0001dad0   Section        0  ble_advdata.o(i.sec_mgr_oob_flags_encode)
    sec_mgr_oob_flags_encode                 0x0001dad1   Thumb Code    54  ble_advdata.o(i.sec_mgr_oob_flags_encode)
    i.service_data_encode                    0x0001db06   Section        0  ble_advdata.o(i.service_data_encode)
    service_data_encode                      0x0001db07   Thumb Code   150  ble_advdata.o(i.service_data_encode)
    i.services_init                          0x0001db9c   Section        0  main.o(i.services_init)
    services_init                            0x0001db9d   Thumb Code    46  main.o(i.services_init)
    i.sm_state_change                        0x0001dbd4   Section        0  pstorage.o(i.sm_state_change)
    sm_state_change                          0x0001dbd5   Thumb Code    14  pstorage.o(i.sm_state_change)
    i.softdevice_assertion_handler           0x0001dbe8   Section        0  softdevice_handler.o(i.softdevice_assertion_handler)
    i.softdevice_ble_evt_handler_set         0x0001dbfc   Section        0  softdevice_handler.o(i.softdevice_ble_evt_handler_set)
    i.softdevice_handler_init                0x0001dc14   Section        0  softdevice_handler.o(i.softdevice_handler_init)
    i.softdevice_sys_evt_handler_set         0x0001dc7c   Section        0  softdevice_handler.o(i.softdevice_sys_evt_handler_set)
    i.srdata_check                           0x0001dc94   Section        0  ble_advdata.o(i.srdata_check)
    srdata_check                             0x0001dc95   Thumb Code    16  ble_advdata.o(i.srdata_check)
    i.state_data_erase_entry_run             0x0001dca4   Section        0  pstorage.o(i.state_data_erase_entry_run)
    state_data_erase_entry_run               0x0001dca5   Thumb Code    12  pstorage.o(i.state_data_erase_entry_run)
    i.state_data_erase_swap_entry_run        0x0001dcb4   Section        0  pstorage.o(i.state_data_erase_swap_entry_run)
    state_data_erase_swap_entry_run          0x0001dcb5   Thumb Code   136  pstorage.o(i.state_data_erase_swap_entry_run)
    i.state_entry_action_run                 0x0001dd4c   Section        0  pstorage.o(i.state_entry_action_run)
    state_entry_action_run                   0x0001dd4d   Thumb Code    54  pstorage.o(i.state_entry_action_run)
    i.state_erase_data_page_entry_run        0x0001dd88   Section        0  pstorage.o(i.state_erase_data_page_entry_run)
    state_erase_data_page_entry_run          0x0001dd89   Thumb Code    12  pstorage.o(i.state_erase_data_page_entry_run)
    i.state_idle_entry_run                   0x0001dd98   Section        0  pstorage.o(i.state_idle_entry_run)
    state_idle_entry_run                     0x0001dd99   Thumb Code    18  pstorage.o(i.state_idle_entry_run)
    i.state_restore_head_entry_run           0x0001ddb4   Section        0  pstorage.o(i.state_restore_head_entry_run)
    state_restore_head_entry_run             0x0001ddb5   Thumb Code    44  pstorage.o(i.state_restore_head_entry_run)
    i.state_restore_tail_entry_run           0x0001dde8   Section        0  pstorage.o(i.state_restore_tail_entry_run)
    state_restore_tail_entry_run             0x0001dde9   Thumb Code    76  pstorage.o(i.state_restore_tail_entry_run)
    i.state_store_entry_run                  0x0001de3c   Section        0  pstorage.o(i.state_store_entry_run)
    state_store_entry_run                    0x0001de3d   Thumb Code     8  pstorage.o(i.state_store_entry_run)
    i.state_swap_erase_entry_run             0x0001de44   Section        0  pstorage.o(i.state_swap_erase_entry_run)
    state_swap_erase_entry_run               0x0001de45   Thumb Code    38  pstorage.o(i.state_swap_erase_entry_run)
    i.state_write_data_swap_entry_run        0x0001de6c   Section        0  pstorage.o(i.state_write_data_swap_entry_run)
    state_write_data_swap_entry_run          0x0001de6d   Thumb Code    46  pstorage.o(i.state_write_data_swap_entry_run)
    i.store_cmd_flash_write_execute          0x0001dea0   Section        0  pstorage.o(i.store_cmd_flash_write_execute)
    store_cmd_flash_write_execute            0x0001dea1   Thumb Code    92  pstorage.o(i.store_cmd_flash_write_execute)
    i.store_operation_execute                0x0001df04   Section        0  pstorage.o(i.store_operation_execute)
    store_operation_execute                  0x0001df05   Thumb Code    10  pstorage.o(i.store_operation_execute)
    i.store_sub_state_sm_run                 0x0001df10   Section        0  pstorage.o(i.store_sub_state_sm_run)
    store_sub_state_sm_run                   0x0001df11   Thumb Code    62  pstorage.o(i.store_sub_state_sm_run)
    i.swap_erase_state_run                   0x0001df5c   Section        0  pstorage.o(i.swap_erase_state_run)
    swap_erase_state_run                     0x0001df5d   Thumb Code    28  pstorage.o(i.swap_erase_state_run)
    i.swap_sub_sm_exit_action_run            0x0001df7c   Section        0  pstorage.o(i.swap_sub_sm_exit_action_run)
    swap_sub_sm_exit_action_run              0x0001df7d   Thumb Code     8  pstorage.o(i.swap_sub_sm_exit_action_run)
    i.swap_sub_state_entry_action_run        0x0001df84   Section        0  pstorage.o(i.swap_sub_state_entry_action_run)
    swap_sub_state_entry_action_run          0x0001df85   Thumb Code    16  pstorage.o(i.swap_sub_state_entry_action_run)
    i.swap_sub_state_err_busy_process        0x0001df9c   Section        0  pstorage.o(i.swap_sub_state_err_busy_process)
    swap_sub_state_err_busy_process          0x0001df9d   Thumb Code    24  pstorage.o(i.swap_sub_state_err_busy_process)
    i.swap_sub_state_sm_run                  0x0001dfbc   Section        0  pstorage.o(i.swap_sub_state_sm_run)
    swap_sub_state_sm_run                    0x0001dfbd   Thumb Code    16  pstorage.o(i.swap_sub_state_sm_run)
    i.swap_sub_state_state_change            0x0001dfd4   Section        0  pstorage.o(i.swap_sub_state_state_change)
    swap_sub_state_state_change              0x0001dfd5   Thumb Code    14  pstorage.o(i.swap_sub_state_state_change)
    i.sys_evt_dispatch                       0x0001dfe8   Section        0  main.o(i.sys_evt_dispatch)
    sys_evt_dispatch                         0x0001dfe9   Thumb Code    12  main.o(i.sys_evt_dispatch)
    i.tail_restore_state_run                 0x0001dff4   Section        0  pstorage.o(i.tail_restore_state_run)
    tail_restore_state_run                   0x0001dff5   Thumb Code    26  pstorage.o(i.tail_restore_state_run)
    i.tail_word_size_calculate               0x0001e014   Section        0  pstorage.o(i.tail_word_size_calculate)
    tail_word_size_calculate                 0x0001e015   Thumb Code    84  pstorage.o(i.tail_word_size_calculate)
    i.ticks_diff_get                         0x0001e06c   Section        0  app_timer.o(i.ticks_diff_get)
    ticks_diff_get                           0x0001e06d   Thumb Code    10  app_timer.o(i.ticks_diff_get)
    i.time_init                              0x0001e078   Section        0  main.o(i.time_init)
    i.timeout_handler_exec                   0x0001e0cc   Section        0  app_timer.o(i.timeout_handler_exec)
    timeout_handler_exec                     0x0001e0cd   Thumb Code    58  app_timer.o(i.timeout_handler_exec)
    i.timer_event_handler                    0x0001e10c   Section        0  main.o(i.timer_event_handler)
    i.timer_list_handler                     0x0001e15c   Section        0  app_timer.o(i.timer_list_handler)
    timer_list_handler                       0x0001e15d   Thumb Code    74  app_timer.o(i.timer_list_handler)
    i.timer_list_handler_sched               0x0001e1b4   Section        0  app_timer.o(i.timer_list_handler_sched)
    timer_list_handler_sched                 0x0001e1b5   Thumb Code    10  app_timer.o(i.timer_list_handler_sched)
    i.timer_list_insert                      0x0001e1c0   Section        0  app_timer.o(i.timer_list_insert)
    timer_list_insert                        0x0001e1c1   Thumb Code   104  app_timer.o(i.timer_list_insert)
    i.timer_list_remove                      0x0001e22c   Section        0  app_timer.o(i.timer_list_remove)
    timer_list_remove                        0x0001e22d   Thumb Code    96  app_timer.o(i.timer_list_remove)
    i.timer_start_op_schedule                0x0001e29c   Section        0  app_timer.o(i.timer_start_op_schedule)
    timer_start_op_schedule                  0x0001e29d   Thumb Code    82  app_timer.o(i.timer_start_op_schedule)
    i.timer_stop_op_schedule                 0x0001e2f4   Section        0  app_timer.o(i.timer_stop_op_schedule)
    timer_stop_op_schedule                   0x0001e2f5   Thumb Code    60  app_timer.o(i.timer_stop_op_schedule)
    i.timer_timeouts_check                   0x0001e334   Section        0  app_timer.o(i.timer_timeouts_check)
    timer_timeouts_check                     0x0001e335   Thumb Code   128  app_timer.o(i.timer_timeouts_check)
    i.timer_timeouts_check_sched             0x0001e3c8   Section        0  app_timer.o(i.timer_timeouts_check_sched)
    timer_timeouts_check_sched               0x0001e3c9   Thumb Code    10  app_timer.o(i.timer_timeouts_check_sched)
    i.tk_value_encode                        0x0001e3d2   Section        0  ble_advdata.o(i.tk_value_encode)
    tk_value_encode                          0x0001e3d3   Thumb Code    70  ble_advdata.o(i.tk_value_encode)
    i.tx_byte                                0x0001e418   Section        0  nrf_drv_uart.o(i.tx_byte)
    tx_byte                                  0x0001e419   Thumb Code    48  nrf_drv_uart.o(i.tx_byte)
    i.tx_char_add                            0x0001e450   Section        0  ble_nus.o(i.tx_char_add)
    tx_char_add                              0x0001e451   Thumb Code   236  ble_nus.o(i.tx_char_add)
    i.tx_done_event                          0x0001e53c   Section        0  nrf_drv_uart.o(i.tx_done_event)
    tx_done_event                            0x0001e53d   Thumb Code    38  nrf_drv_uart.o(i.tx_done_event)
    i.tx_power_level_encode                  0x0001e568   Section        0  ble_advdata.o(i.tx_power_level_encode)
    tx_power_level_encode                    0x0001e569   Thumb Code    54  ble_advdata.o(i.tx_power_level_encode)
    i.uart_event_handle                      0x0001e5a0   Section        0  main.o(i.uart_event_handle)
    i.uart_event_handler                     0x0001e604   Section        0  app_uart_fifo.o(i.uart_event_handler)
    uart_event_handler                       0x0001e605   Thumb Code   170  app_uart_fifo.o(i.uart_event_handler)
    i.uart_init                              0x0001e6c4   Section        0  main.o(i.uart_init)
    uart_init                                0x0001e6c5   Thumb Code    78  main.o(i.uart_init)
    i.uart_printf                            0x0001e724   Section        0  at.o(i.uart_printf)
    i.uint16_decode                          0x0001e726   Section        0  ble_dfu.o(i.uint16_decode)
    uint16_decode                            0x0001e727   Thumb Code    12  ble_dfu.o(i.uint16_decode)
    i.uint16_encode                          0x0001e732   Section        0  ble_advdata.o(i.uint16_encode)
    uint16_encode                            0x0001e733   Thumb Code    18  ble_advdata.o(i.uint16_encode)
    i.update_operation_execute               0x0001e744   Section        0  pstorage.o(i.update_operation_execute)
    update_operation_execute                 0x0001e745   Thumb Code     8  pstorage.o(i.update_operation_execute)
    i.update_timeout_handler                 0x0001e74c   Section        0  ble_conn_params.o(i.update_timeout_handler)
    update_timeout_handler                   0x0001e74d   Thumb Code   136  ble_conn_params.o(i.update_timeout_handler)
    i.user_id_get                            0x0001e7e8   Section        0  app_timer.o(i.user_id_get)
    user_id_get                              0x0001e7e9   Thumb Code    34  app_timer.o(i.user_id_get)
    i.user_op_alloc                          0x0001e80a   Section        0  app_timer.o(i.user_op_alloc)
    user_op_alloc                            0x0001e80b   Thumb Code    46  app_timer.o(i.user_op_alloc)
    i.user_op_enque                          0x0001e838   Section        0  app_timer.o(i.user_op_enque)
    user_op_enque                            0x0001e839   Thumb Code     4  app_timer.o(i.user_op_enque)
    i.uuid_list_encode                       0x0001e83c   Section        0  ble_advdata.o(i.uuid_list_encode)
    uuid_list_encode                         0x0001e83d   Thumb Code    68  ble_advdata.o(i.uuid_list_encode)
    i.uuid_list_sized_encode                 0x0001e880   Section        0  ble_advdata.o(i.uuid_list_sized_encode)
    uuid_list_sized_encode                   0x0001e881   Thumb Code   216  ble_advdata.o(i.uuid_list_sized_encode)
    i.whitelist_has_entries                  0x0001e958   Section        0  ble_advertising.o(i.whitelist_has_entries)
    whitelist_has_entries                    0x0001e959   Thumb Code    22  ble_advertising.o(i.whitelist_has_entries)
    .constdata                               0x0001e970   Section       20  main.o(.constdata)
    .constdata                               0x0001e984   Section        4  ble_conn_params.o(.constdata)
    m_conn_params_timer_id                   0x0001e984   Data           4  ble_conn_params.o(.constdata)
    .constdata                               0x0001e988   Section       16  ble_nus.o(.constdata)
    .constdata                               0x0001e998   Section       16  ble_dfu.o(.constdata)
    .constdata                               0x0001e9a8   Section       32  app_uart_fifo.o(.constdata)
    .constdata                               0x0001e9c8   Section       32  nrf_drv_uart.o(.constdata)
    m_default_config                         0x0001e9c8   Data          32  nrf_drv_uart.o(.constdata)
    .constdata                               0x0001e9e8   Section       40  pstorage.o(.constdata)
    swap_sub_state_sm_lut                    0x0001e9e8   Data          20  pstorage.o(.constdata)
    swap_sub_state_sm_lut                    0x0001e9fc   Data          20  pstorage.o(.constdata)
    .constdata                               0x0001ea10   Section        8  nrf_drv_timer.o(.constdata)
    m_default_config                         0x0001ea10   Data           8  nrf_drv_timer.o(.constdata)
    .data                                    0x20002000   Section        6  main.o(.data)
    m_conn_handle                            0x20002000   Data           2  main.o(.data)
    m_adv_uuids                              0x20002002   Data           4  main.o(.data)
    .data                                    0x20002006   Section        3  ble_passthrough_handle.o(.data)
    tx_count                                 0x20002008   Data           1  ble_passthrough_handle.o(.data)
    .data                                    0x2000200c   Section       16  ble_firmwareinfo.o(.data)
    firmwareinfo_handle                      0x2000200c   Data           8  ble_firmwareinfo.o(.data)
    param                                    0x20002014   Data           8  ble_firmwareinfo.o(.data)
    .data                                    0x2000201c   Section       25  bsp.o(.data)
    m_stable_state                           0x2000201c   Data           1  bsp.o(.data)
    m_app_ticks_per_100ms                    0x20002020   Data           4  bsp.o(.data)
    m_indication_type                        0x20002024   Data           4  bsp.o(.data)
    m_alert_mask                             0x20002028   Data           4  bsp.o(.data)
    m_registered_callback                    0x2000202c   Data           4  bsp.o(.data)
    current_long_push_pin_no                 0x20002030   Data           1  bsp.o(.data)
    release_event_at_push                    0x20002031   Data           4  bsp.o(.data)
    .data                                    0x20002038   Section       32  ble_advertising.o(.data)
    m_advertising_start_pending              0x20002038   Data           1  ble_advertising.o(.data)
    m_peer_address                           0x20002039   Data           7  ble_advertising.o(.data)
    m_adv_evt                                0x20002040   Data           1  ble_advertising.o(.data)
    m_evt_handler                            0x20002044   Data           4  ble_advertising.o(.data)
    m_error_handler                          0x20002048   Data           4  ble_advertising.o(.data)
    m_adv_mode_current                       0x2000204c   Data           1  ble_advertising.o(.data)
    m_whitelist_temporarily_disabled         0x2000204d   Data           1  ble_advertising.o(.data)
    m_whitelist_reply_expected               0x2000204e   Data           1  ble_advertising.o(.data)
    m_peer_addr_reply_expected               0x2000204f   Data           1  ble_advertising.o(.data)
    m_slave_conn_int                         0x20002050   Data           4  ble_advertising.o(.data)
    m_tx_power_level                         0x20002054   Data           1  ble_advertising.o(.data)
    current_slave_link_conn_handle           0x20002056   Data           2  ble_advertising.o(.data)
    .data                                    0x20002058   Section       22  ble_conn_params.o(.data)
    m_preferred_conn_params                  0x20002058   Data           8  ble_conn_params.o(.data)
    m_update_count                           0x20002060   Data           1  ble_conn_params.o(.data)
    m_conn_handle                            0x20002062   Data           2  ble_conn_params.o(.data)
    m_current_conn_params                    0x20002064   Data           8  ble_conn_params.o(.data)
    m_change_param                           0x2000206d   Data           1  ble_conn_params.o(.data)
    .data                                    0x2000206e   Section        8  ble_dfu.o(.data)
    m_is_dfu_service_initialized             0x2000206e   Data           1  ble_dfu.o(.data)
    m_notif_buffer                           0x2000206f   Data           7  ble_dfu.o(.data)
    .data                                    0x20002078   Section        8  dfu_app_handler.o(.data)
    m_reset_prepare                          0x20002078   Data           4  dfu_app_handler.o(.data)
    m_dm_handle                              0x2000207c   Data           4  dfu_app_handler.o(.data)
    .data                                    0x20002080   Section       20  device_manager_peripheral.o(.data)
    m_storage_handle                         0x20002080   Data           8  device_manager_peripheral.o(.data)
    m_peer_addr_update                       0x20002088   Data           4  device_manager_peripheral.o(.data)
    m_module_initialized                     0x2000208c   Data           1  device_manager_peripheral.o(.data)
    m_irk_index_table                        0x2000208d   Data           7  device_manager_peripheral.o(.data)
    .data                                    0x20002094   Section        7  app_uart_fifo.o(.data)
    m_event_handler                          0x20002094   Data           4  app_uart_fifo.o(.data)
    tx_buffer                                0x20002098   Data           1  app_uart_fifo.o(.data)
    tx_tmp                                   0x20002099   Data           1  app_uart_fifo.o(.data)
    rx_buffer                                0x2000209a   Data           1  app_uart_fifo.o(.data)
    .data                                    0x2000209c   Section       40  pstorage.o(.data)
    m_next_app_instance                      0x2000209c   Data           2  pstorage.o(.data)
    m_next_page_addr                         0x200020a0   Data           4  pstorage.o(.data)
    m_state                                  0x200020a4   Data           1  pstorage.o(.data)
    m_swap_sub_state                         0x200020a5   Data           1  pstorage.o(.data)
    m_head_word_size                         0x200020a8   Data           4  pstorage.o(.data)
    m_tail_word_size                         0x200020ac   Data           4  pstorage.o(.data)
    m_current_page_id                        0x200020b0   Data           4  pstorage.o(.data)
    m_num_of_command_retries                 0x200020b4   Data           4  pstorage.o(.data)
    m_num_of_bytes_written                   0x200020b8   Data           4  pstorage.o(.data)
    m_app_data_size                          0x200020bc   Data           4  pstorage.o(.data)
    m_flags                                  0x200020c0   Data           4  pstorage.o(.data)
    .data                                    0x200020c4   Section       12  nrf_drv_timer.o(.data)
    m_timer_event_handlers                   0x200020c4   Data           4  nrf_drv_timer.o(.data)
    m_cb                                     0x200020c8   Data           1  nrf_drv_timer.o(.data)
    mp_contexts                              0x200020cc   Data           4  nrf_drv_timer.o(.data)
    .data                                    0x200020d0   Section       34  app_timer.o(.data)
    m_user_array_size                        0x200020d0   Data           1  app_timer.o(.data)
    mp_users                                 0x200020d4   Data           4  app_timer.o(.data)
    mp_timer_id_head                         0x200020d8   Data           4  app_timer.o(.data)
    m_ticks_latest                           0x200020dc   Data           4  app_timer.o(.data)
    m_ticks_elapsed                          0x200020e0   Data           8  app_timer.o(.data)
    m_ticks_elapsed_q_read_ind               0x200020e8   Data           1  app_timer.o(.data)
    m_ticks_elapsed_q_write_ind              0x200020e9   Data           1  app_timer.o(.data)
    m_evt_schedule_func                      0x200020ec   Data           4  app_timer.o(.data)
    m_rtc1_running                           0x200020f0   Data           1  app_timer.o(.data)
    m_rtc1_reset                             0x200020f1   Data           1  app_timer.o(.data)
    .data                                    0x200020f4   Section       24  softdevice_handler.o(.data)
    m_evt_schedule_func                      0x200020f4   Data           4  softdevice_handler.o(.data)
    m_softdevice_enabled                     0x200020f8   Data           1  softdevice_handler.o(.data)
    mp_ble_evt_buffer                        0x200020fc   Data           4  softdevice_handler.o(.data)
    m_ble_evt_buffer_size                    0x20002100   Data           2  softdevice_handler.o(.data)
    m_ble_evt_handler                        0x20002104   Data           4  softdevice_handler.o(.data)
    m_sys_evt_handler                        0x20002108   Data           4  softdevice_handler.o(.data)
    .data                                    0x2000210c   Section        4  system_nrf51.o(.data)
    __tagsym$$used                           0x2000210c   Number         0  system_nrf51.o(.data)
    .bss                                     0x20002110   Section     1116  main.o(.bss)
    m_dfus                                   0x2000212c   Data          48  main.o(.bss)
    BLE_EVT_BUFFER                           0x2000215c   Data          72  main.o(.bss)
    rx_buf                                   0x200021a4   Data         256  main.o(.bss)
    tx_buf                                   0x200022a4   Data         256  main.o(.bss)
    APP_TIMER_BUF                            0x200023a4   Data         456  main.o(.bss)
    .bss                                     0x2000256c   Section     2100  ble_passthrough_handle.o(.bss)
    ble_passthrough_rxbuf                    0x2000256c   Data        1024  ble_passthrough_handle.o(.bss)
    ble_passthrough_txbuf                    0x2000296c   Data        1024  ble_passthrough_handle.o(.bss)
    ble_rxfifo                               0x20002d6c   Data          16  ble_passthrough_handle.o(.bss)
    ble_txfifo                               0x20002d7c   Data          16  ble_passthrough_handle.o(.bss)
    ble_txbuf                                0x20002d8c   Data          20  ble_passthrough_handle.o(.bss)
    .bss                                     0x20002da0   Section       92  ble_configservice.o(.bss)
    .bss                                     0x20002dfc   Section       16  ble_firmwareinfo.o(.bss)
    .bss                                     0x20002e0c   Section      259  ble_advertising.o(.bss)
    m_advdata                                0x20002e0c   Data          56  ble_advertising.o(.bss)
    m_adv_modes_config                       0x20002e44   Data          36  ble_advertising.o(.bss)
    m_whitelist                              0x20002e68   Data          16  ble_advertising.o(.bss)
    mp_whitelist_addr                        0x20002e78   Data          32  ble_advertising.o(.bss)
    mp_whitelist_irk                         0x20002e98   Data          32  ble_advertising.o(.bss)
    m_manuf_specific_data                    0x20002eb8   Data          12  ble_advertising.o(.bss)
    m_manuf_data_array                       0x20002ec4   Data          31  ble_advertising.o(.bss)
    m_service_data                           0x20002ee4   Data          12  ble_advertising.o(.bss)
    m_service_data_array                     0x20002ef0   Data          31  ble_advertising.o(.bss)
    .bss                                     0x20002f10   Section       60  ble_conn_params.o(.bss)
    m_conn_params_config                     0x20002f10   Data          28  ble_conn_params.o(.bss)
    m_conn_params_timer_id_data              0x20002f2c   Data          32  ble_conn_params.o(.bss)
    .bss                                     0x20002f4c   Section       60  dfu_app_handler.o(.bss)
    m_peer_data                              0x20002f4c   Data          60  dfu_app_handler.o(.bss)
    .bss                                     0x20002f88   Section      295  device_manager_peripheral.o(.bss)
    m_peer_table                             0x20002f88   Data         196  device_manager_peripheral.o(.bss)
    m_bond_table                             0x2000304c   Data          28  device_manager_peripheral.o(.bss)
    m_gatts_table                            0x20003068   Data          24  device_manager_peripheral.o(.bss)
    m_connection_table                       0x20003080   Data          12  device_manager_peripheral.o(.bss)
    m_application_table                      0x2000308c   Data          12  device_manager_peripheral.o(.bss)
    m_local_id_info                          0x20003098   Data          23  device_manager_peripheral.o(.bss)
    .bss                                     0x200030b0   Section       32  app_uart_fifo.o(.bss)
    m_rx_fifo                                0x200030b0   Data          16  app_uart_fifo.o(.bss)
    m_tx_fifo                                0x200030c0   Data          16  app_uart_fifo.o(.bss)
    .bss                                     0x200030d0   Section       72  nrf_drv_gpiote.o(.bss)
    m_cb                                     0x200030d0   Data          72  nrf_drv_gpiote.o(.bss)
    .bss                                     0x20003118   Section       24  nrf_drv_uart.o(.bss)
    m_cb                                     0x20003118   Data          24  nrf_drv_uart.o(.bss)
    .bss                                     0x20003130   Section      216  pstorage.o(.bss)
    m_cmd_queue                              0x20003130   Data         204  pstorage.o(.bss)
    m_app_table                              0x200031fc   Data          12  pstorage.o(.bss)
    STACK                                    0x20003208   Section     2048  arm_startup_nrf51.o(STACK)

    Global Symbols

    Symbol Name                              Value     Ov Type        Size  Object(Section)

    BuildAttributes$$THM_ISAv3M$S$PE$A:L22$X:L11$S22$IEEE1$IW$USESV6$~STKCKD$USESV7$~SHL$OSPACE$ROPI$EBA8$MICROLIB$REQ8$PRES8$EABIv2 0x00000000   Number         0  anon$$obj.o ABSOLUTE
    __ARM_use_no_argv                        0x00000000   Number         0  main.o ABSOLUTE
    _printf_a                                0x00000000   Number         0  stubs.o ABSOLUTE
    _printf_c                                0x00000000   Number         0  stubs.o ABSOLUTE
    _printf_charcount                        0x00000000   Number         0  stubs.o ABSOLUTE
    _printf_d                                0x00000000   Number         0  stubs.o ABSOLUTE
    _printf_e                                0x00000000   Number         0  stubs.o ABSOLUTE
    _printf_f                                0x00000000   Number         0  stubs.o ABSOLUTE
    _printf_flags                            0x00000000   Number         0  stubs.o ABSOLUTE
    _printf_fp_dec                           0x00000000   Number         0  stubs.o ABSOLUTE
    _printf_fp_hex                           0x00000000   Number         0  stubs.o ABSOLUTE
    _printf_g                                0x00000000   Number         0  stubs.o ABSOLUTE
    _printf_i                                0x00000000   Number         0  stubs.o ABSOLUTE
    _printf_int_dec                          0x00000000   Number         0  stubs.o ABSOLUTE
    _printf_l                                0x00000000   Number         0  stubs.o ABSOLUTE
    _printf_lc                               0x00000000   Number         0  stubs.o ABSOLUTE
    _printf_ll                               0x00000000   Number         0  stubs.o ABSOLUTE
    _printf_lld                              0x00000000   Number         0  stubs.o ABSOLUTE
    _printf_lli                              0x00000000   Number         0  stubs.o ABSOLUTE
    _printf_llo                              0x00000000   Number         0  stubs.o ABSOLUTE
    _printf_llu                              0x00000000   Number         0  stubs.o ABSOLUTE
    _printf_llx                              0x00000000   Number         0  stubs.o ABSOLUTE
    _printf_longlong_dec                     0x00000000   Number         0  stubs.o ABSOLUTE
    _printf_longlong_hex                     0x00000000   Number         0  stubs.o ABSOLUTE
    _printf_longlong_oct                     0x00000000   Number         0  stubs.o ABSOLUTE
    _printf_ls                               0x00000000   Number         0  stubs.o ABSOLUTE
    _printf_mbtowc                           0x00000000   Number         0  stubs.o ABSOLUTE
    _printf_n                                0x00000000   Number         0  stubs.o ABSOLUTE
    _printf_o                                0x00000000   Number         0  stubs.o ABSOLUTE
    _printf_p                                0x00000000   Number         0  stubs.o ABSOLUTE
    _printf_percent                          0x00000000   Number         0  stubs.o ABSOLUTE
    _printf_pre_padding                      0x00000000   Number         0  stubs.o ABSOLUTE
    _printf_return_value                     0x00000000   Number         0  stubs.o ABSOLUTE
    _printf_s                                0x00000000   Number         0  stubs.o ABSOLUTE
    _printf_sizespec                         0x00000000   Number         0  stubs.o ABSOLUTE
    _printf_str                              0x00000000   Number         0  stubs.o ABSOLUTE
    _printf_truncate_signed                  0x00000000   Number         0  stubs.o ABSOLUTE
    _printf_truncate_unsigned                0x00000000   Number         0  stubs.o ABSOLUTE
    _printf_u                                0x00000000   Number         0  stubs.o ABSOLUTE
    _printf_wc                               0x00000000   Number         0  stubs.o ABSOLUTE
    _printf_wctomb                           0x00000000   Number         0  stubs.o ABSOLUTE
    _printf_widthprec                        0x00000000   Number         0  stubs.o ABSOLUTE
    _printf_x                                0x00000000   Number         0  stubs.o ABSOLUTE
    __cpp_initialize__aeabi_                  - Undefined Weak Reference
    __cxa_finalize                            - Undefined Weak Reference
    __decompress                              - Undefined Weak Reference
    _clock_init                               - Undefined Weak Reference
    _microlib_exit                            - Undefined Weak Reference
    __Vectors_Size                           0x000000c0   Number         0  arm_startup_nrf51.o ABSOLUTE
    __Vectors                                0x00018000   Data           4  arm_startup_nrf51.o(RESET)
    __Vectors_End                            0x000180c0   Data           0  arm_startup_nrf51.o(RESET)
    __main                                   0x000180c1   Thumb Code     0  entry.o(.ARM.Collect$$$$00000000)
    _main_stk                                0x000180c1   Thumb Code     0  entry2.o(.ARM.Collect$$$$00000001)
    _main_scatterload                        0x000180c5   Thumb Code     0  entry5.o(.ARM.Collect$$$$00000004)
    __main_after_scatterload                 0x000180c9   Thumb Code     0  entry5.o(.ARM.Collect$$$$00000004)
    _main_clock                              0x000180c9   Thumb Code     0  entry7b.o(.ARM.Collect$$$$00000008)
    _main_cpp_init                           0x000180c9   Thumb Code     0  entry8b.o(.ARM.Collect$$$$0000000A)
    _main_init                               0x000180c9   Thumb Code     0  entry9a.o(.ARM.Collect$$$$0000000B)
    __rt_final_cpp                           0x000180d1   Thumb Code     0  entry10a.o(.ARM.Collect$$$$0000000D)
    __rt_final_exit                          0x000180d1   Thumb Code     0  entry11a.o(.ARM.Collect$$$$0000000F)
    __asm___17_bootloader_util_c_c13d365c__bootloader_util_reset 0x000180d5   Thumb Code    52  bootloader_util.o(.emb_text)
    __asm___11_app_timer_c_cd27f9c3__nrf_delay_us 0x00018109   Thumb Code    30  app_timer.o(.emb_text)
    Reset_Handler                            0x00018129   Thumb Code    26  arm_startup_nrf51.o(.text)
    NMI_Handler                              0x00018143   Thumb Code     2  arm_startup_nrf51.o(.text)
    SVC_Handler                              0x00018147   Thumb Code     2  arm_startup_nrf51.o(.text)
    PendSV_Handler                           0x00018149   Thumb Code     2  arm_startup_nrf51.o(.text)
    SysTick_Handler                          0x0001814b   Thumb Code     2  arm_startup_nrf51.o(.text)
    ADC_IRQHandler                           0x0001814d   Thumb Code     0  arm_startup_nrf51.o(.text)
    CCM_AAR_IRQHandler                       0x0001814d   Thumb Code     0  arm_startup_nrf51.o(.text)
    ECB_IRQHandler                           0x0001814d   Thumb Code     0  arm_startup_nrf51.o(.text)
    LPCOMP_IRQHandler                        0x0001814d   Thumb Code     0  arm_startup_nrf51.o(.text)
    POWER_CLOCK_IRQHandler                   0x0001814d   Thumb Code     0  arm_startup_nrf51.o(.text)
    QDEC_IRQHandler                          0x0001814d   Thumb Code     0  arm_startup_nrf51.o(.text)
    RADIO_IRQHandler                         0x0001814d   Thumb Code     0  arm_startup_nrf51.o(.text)
    RNG_IRQHandler                           0x0001814d   Thumb Code     0  arm_startup_nrf51.o(.text)
    RTC0_IRQHandler                          0x0001814d   Thumb Code     0  arm_startup_nrf51.o(.text)
    SPI0_TWI0_IRQHandler                     0x0001814d   Thumb Code     0  arm_startup_nrf51.o(.text)
    SPI1_TWI1_IRQHandler                     0x0001814d   Thumb Code     0  arm_startup_nrf51.o(.text)
    SWI1_IRQHandler                          0x0001814d   Thumb Code     0  arm_startup_nrf51.o(.text)
    SWI3_IRQHandler                          0x0001814d   Thumb Code     0  arm_startup_nrf51.o(.text)
    SWI4_IRQHandler                          0x0001814d   Thumb Code     0  arm_startup_nrf51.o(.text)
    SWI5_IRQHandler                          0x0001814d   Thumb Code     0  arm_startup_nrf51.o(.text)
    TEMP_IRQHandler                          0x0001814d   Thumb Code     0  arm_startup_nrf51.o(.text)
    TIMER0_IRQHandler                        0x0001814d   Thumb Code     0  arm_startup_nrf51.o(.text)
    TIMER2_IRQHandler                        0x0001814d   Thumb Code     0  arm_startup_nrf51.o(.text)
    WDT_IRQHandler                           0x0001814d   Thumb Code     0  arm_startup_nrf51.o(.text)
    __aeabi_uidiv                            0x00018161   Thumb Code     0  uidiv.o(.text)
    __aeabi_uidivmod                         0x00018161   Thumb Code    44  uidiv.o(.text)
    __aeabi_idiv                             0x0001818d   Thumb Code     0  idiv.o(.text)
    __aeabi_idivmod                          0x0001818d   Thumb Code    40  idiv.o(.text)
    __aeabi_memcpy                           0x000181b5   Thumb Code    36  memcpya.o(.text)
    __aeabi_memcpy4                          0x000181b5   Thumb Code     0  memcpya.o(.text)
    __aeabi_memcpy8                          0x000181b5   Thumb Code     0  memcpya.o(.text)
    __aeabi_memset                           0x000181d9   Thumb Code    14  memseta.o(.text)
    __aeabi_memset4                          0x000181d9   Thumb Code     0  memseta.o(.text)
    __aeabi_memset8                          0x000181d9   Thumb Code     0  memseta.o(.text)
    __aeabi_memclr                           0x000181e7   Thumb Code     4  memseta.o(.text)
    __aeabi_memclr4                          0x000181e7   Thumb Code     0  memseta.o(.text)
    __aeabi_memclr8                          0x000181e7   Thumb Code     0  memseta.o(.text)
    _memset$wrapper                          0x000181eb   Thumb Code    18  memseta.o(.text)
    __aeabi_uldivmod                         0x000181fd   Thumb Code    96  uldiv.o(.text)
    __scatterload                            0x0001825d   Thumb Code    28  init.o(.text)
    __scatterload_rt2                        0x0001825d   Thumb Code     0  init.o(.text)
    __aeabi_llsl                             0x00018281   Thumb Code    32  llshl.o(.text)
    _ll_shift_l                              0x00018281   Thumb Code     0  llshl.o(.text)
    __aeabi_llsr                             0x000182a1   Thumb Code    34  llushr.o(.text)
    _ll_ushift_r                             0x000182a1   Thumb Code     0  llushr.o(.text)
    ATcmd_Pin_Configuration                  0x000182c3   Thumb Code    32  at.o(i.ATcmd_Pin_Configuration)
    Ble_ATcmd_LEMAC_Handler                  0x000182e5   Thumb Code    88  at.o(i.Ble_ATcmd_LEMAC_Handler)
    Ble_ATcmd_LENAMEReply_Handler            0x00018359   Thumb Code   100  at.o(i.Ble_ATcmd_LENAMEReply_Handler)
    Ble_ATcmd_LENAME_Handler                 0x000183d1   Thumb Code    82  at.o(i.Ble_ATcmd_LENAME_Handler)
    Ble_ATcmd_Parser                         0x00018431   Thumb Code   102  at.o(i.Ble_ATcmd_Parser)
    Ble_ATcmd_QuerySoftwareVerReply_Handler  0x000184d9   Thumb Code    90  at.o(i.Ble_ATcmd_QuerySoftwareVerReply_Handler)
    Ble_ConnectStatusPin_Configuration       0x00018551   Thumb Code    26  at.o(i.Ble_ConnectStatusPin_Configuration)
    Ble_ConnectStatus_SetHigh                0x0001856d   Thumb Code    14  at.o(i.Ble_ConnectStatus_SetHigh)
    Ble_ConnectStatus_SetLow                 0x00018581   Thumb Code    14  at.o(i.Ble_ConnectStatus_SetLow)
    Ble_Fifo_Init                            0x00018595   Thumb Code    40  ble_passthrough_handle.o(i.Ble_Fifo_Init)
    Ble_Send                                 0x000185cd   Thumb Code    84  ble_passthrough_handle.o(i.Ble_Send)
    Ble_Timout_Send                          0x0001863d   Thumb Code    16  ble_passthrough_handle.o(i.Ble_Timout_Send)
    Ble_TxFifo_DataPop                       0x00018651   Thumb Code    24  ble_passthrough_handle.o(i.Ble_TxFifo_DataPop)
    Ble_TxFifo_DataPush                      0x0001866d   Thumb Code    24  ble_passthrough_handle.o(i.Ble_TxFifo_DataPush)
    Ble_TxFifo_Datalen                       0x00018689   Thumb Code    12  ble_passthrough_handle.o(i.Ble_TxFifo_Datalen)
    Ble_tx_complete_handler                  0x00018699   Thumb Code   152  ble_passthrough_handle.o(i.Ble_tx_complete_handler)
    Check_ATcmd_Pin_Level                    0x0001879d   Thumb Code     6  at.o(i.Check_ATcmd_Pin_Level)
    CounterReset_UartTimer                   0x000187a9   Thumb Code    16  ble_passthrough_handle.o(i.CounterReset_UartTimer)
    CustomService_ble_evt_handle             0x000187bd   Thumb Code   232  ble_configservice.o(i.CustomService_ble_evt_handle)
    CustomSevice_init                        0x000188a9   Thumb Code   102  ble_configservice.o(i.CustomSevice_init)
    FirmwareInfo_Default                     0x0001900d   Thumb Code    46  ble_firmwareinfo.o(i.FirmwareInfo_Default)
    FirmwareInfo_Read                        0x0001904d   Thumb Code    28  ble_firmwareinfo.o(i.FirmwareInfo_Read)
    FirmwareInfo_upgrade                     0x0001906d   Thumb Code    40  ble_firmwareinfo.o(i.FirmwareInfo_upgrade)
    GPIOTE_IRQHandler                        0x00019099   Thumb Code   378  nrf_drv_gpiote.o(i.GPIOTE_IRQHandler)
    HardFault_Handler                        0x00019225   Thumb Code    10  ble_passthrough_handle.o(i.HardFault_Handler)
    RTC1_IRQHandler                          0x0001936d   Thumb Code    34  app_timer.o(i.RTC1_IRQHandler)
    SWI0_IRQHandler                          0x00019395   Thumb Code     8  app_timer.o(i.SWI0_IRQHandler)
    SWI2_IRQHandler                          0x0001939d   Thumb Code    50  softdevice_handler.o(i.SWI2_IRQHandler)
    SystemInit                               0x00019559   Thumb Code    76  system_nrf51.o(i.SystemInit)
    TIMER1_IRQHandler                        0x000195bd   Thumb Code    12  nrf_drv_timer.o(i.TIMER1_IRQHandler)
    Test_Pin_Invert                          0x000195cd   Thumb Code     2  at.o(i.Test_Pin_Invert)
    UART0_IRQHandler                         0x000195d1   Thumb Code   304  nrf_drv_uart.o(i.UART0_IRQHandler)
    __0sprintf$8                             0x00019709   Thumb Code    36  printf8.o(i.__0sprintf$8)
    __1sprintf$8                             0x00019709   Thumb Code     0  printf8.o(i.__0sprintf$8)
    __2sprintf                               0x00019709   Thumb Code     0  printf8.o(i.__0sprintf$8)
    __ARM_common_switch8                     0x00019731   Thumb Code    28  ble_srv_common.o(i.__ARM_common_switch8)
    __scatterload_copy                       0x0001974d   Thumb Code    14  handlers.o(i.__scatterload_copy)
    __scatterload_null                       0x0001975b   Thumb Code     2  handlers.o(i.__scatterload_null)
    __scatterload_zeroinit                   0x0001975d   Thumb Code    14  handlers.o(i.__scatterload_zeroinit)
    adv_data_encode                          0x00019beb   Thumb Code   444  ble_advdata.o(i.adv_data_encode)
    app_error_handler                        0x00019e75   Thumb Code    48  app_error.o(i.app_error_handler)
    app_fifo_flush                           0x00019ead   Thumb Code    10  app_fifo.o(i.app_fifo_flush)
    app_fifo_get                             0x00019eb7   Thumb Code    32  app_fifo.o(i.app_fifo_get)
    app_fifo_init                            0x00019ed7   Thumb Code    42  app_fifo.o(i.app_fifo_init)
    app_fifo_put                             0x00019f01   Thumb Code    34  app_fifo.o(i.app_fifo_put)
    app_fifo_read                            0x00019f23   Thumb Code   106  app_fifo.o(i.app_fifo_read)
    app_fifo_write                           0x00019f8d   Thumb Code   110  app_fifo.o(i.app_fifo_write)
    app_timer_create                         0x0001a051   Thumb Code    60  app_timer.o(i.app_timer_create)
    app_timer_init                           0x0001a091   Thumb Code   156  app_timer.o(i.app_timer_init)
    app_timer_start                          0x0001a149   Thumb Code    82  app_timer.o(i.app_timer_start)
    app_timer_stop                           0x0001a1a1   Thumb Code    50  app_timer.o(i.app_timer_stop)
    app_uart_get                             0x0001a1d9   Thumb Code    48  app_uart_fifo.o(i.app_uart_get)
    app_uart_init                            0x0001a211   Thumb Code   168  app_uart_fifo.o(i.app_uart_init)
    app_uart_put                             0x0001a2d1   Thumb Code    34  app_uart_fifo.o(i.app_uart_put)
    ble_advdata_set                          0x0001a3bd   Thumb Code   136  ble_advdata.o(i.ble_advdata_set)
    ble_advertising_init                     0x0001a445   Thumb Code   316  ble_advertising.o(i.ble_advertising_init)
    ble_advertising_on_ble_evt               0x0001a5b9   Thumb Code   236  ble_advertising.o(i.ble_advertising_on_ble_evt)
    ble_advertising_start                    0x0001a6cd   Thumb Code   654  ble_advertising.o(i.ble_advertising_start)
    ble_conn_params_init                     0x0001a989   Thumb Code    90  ble_conn_params.o(i.ble_conn_params_init)
    ble_conn_params_on_ble_evt               0x0001aa01   Thumb Code    88  ble_conn_params.o(i.ble_conn_params_on_ble_evt)
    ble_conn_params_stop                     0x0001aa5d   Thumb Code    12  ble_conn_params.o(i.ble_conn_params_stop)
    ble_dfu_init                             0x0001aad9   Thumb Code   162  ble_dfu.o(i.ble_dfu_init)
    ble_dfu_on_ble_evt                       0x0001ab89   Thumb Code    90  ble_dfu.o(i.ble_dfu_on_ble_evt)
    ble_dfu_response_send                    0x0001abe5   Thumb Code   128  ble_dfu.o(i.ble_dfu_response_send)
    ble_nus_init                             0x0001aca9   Thumb Code   134  ble_nus.o(i.ble_nus_init)
    ble_nus_on_ble_evt                       0x0001ad35   Thumb Code    70  ble_nus.o(i.ble_nus_on_ble_evt)
    ble_nus_string_send                      0x0001ad7d   Thumb Code    84  ble_nus.o(i.ble_nus_string_send)
    bootloader_util_app_start                0x0001af85   Thumb Code    12  bootloader_util.o(i.bootloader_util_app_start)
    bsp_indication_set                       0x0001af91   Thumb Code    30  bsp.o(i.bsp_indication_set)
    dfu_app_on_dfu_evt                       0x0001b611   Thumb Code    62  dfu_app_handler.o(i.dfu_app_on_dfu_evt)
    dfu_app_reset_prepare_set                0x0001b765   Thumb Code     6  dfu_app_handler.o(i.dfu_app_reset_prepare_set)
    dm_application_context_set               0x0001b9fd   Thumb Code     6  device_manager_peripheral.o(i.dm_application_context_set)
    dm_distributed_keys_get                  0x0001ba09   Thumb Code   208  device_manager_peripheral.o(i.dm_distributed_keys_get)
    dm_handle_get                            0x0001baf1   Thumb Code    94  device_manager_peripheral.o(i.dm_handle_get)
    dm_peer_addr_get                         0x0001bb5d   Thumb Code   176  device_manager_peripheral.o(i.dm_peer_addr_get)
    fifo_length                              0x0001bd67   Thumb Code    10  app_fifo.o(i.fifo_length)
    intern_softdevice_events_execute         0x0001bfcd   Thumb Code   168  softdevice_handler.o(i.intern_softdevice_events_execute)
    main                                     0x0001c4e9   Thumb Code   174  main.o(i.main)
    nrf_drv_common_irq_enable                0x0001c6fd   Thumb Code    48  nrf_drv_common.o(i.nrf_drv_common_irq_enable)
    nrf_drv_timer_clear                      0x0001c735   Thumb Code    14  nrf_drv_timer.o(i.nrf_drv_timer_clear)
    nrf_drv_timer_compare                    0x0001c743   Thumb Code    56  nrf_drv_timer.o(i.nrf_drv_timer_compare)
    nrf_drv_timer_enable                     0x0001c789   Thumb Code    22  nrf_drv_timer.o(i.nrf_drv_timer_enable)
    nrf_drv_timer_extended_compare           0x0001c7a5   Thumb Code    62  nrf_drv_timer.o(i.nrf_drv_timer_extended_compare)
    nrf_drv_timer_init                       0x0001c7e5   Thumb Code   192  nrf_drv_timer.o(i.nrf_drv_timer_init)
    nrf_drv_timer_ms_to_ticks                0x0001c925   Thumb Code    28  nrf_drv_timer.o(i.nrf_drv_timer_ms_to_ticks)
    nrf_drv_uart_init                        0x0001c941   Thumb Code   110  nrf_drv_uart.o(i.nrf_drv_uart_init)
    nrf_drv_uart_rx                          0x0001c9c1   Thumb Code   216  nrf_drv_uart.o(i.nrf_drv_uart_rx)
    nrf_drv_uart_rx_enable                   0x0001caa1   Thumb Code    22  nrf_drv_uart.o(i.nrf_drv_uart_rx_enable)
    nrf_drv_uart_tx                          0x0001cabd   Thumb Code   170  nrf_drv_uart.o(i.nrf_drv_uart_tx)
    pstorage_access_status_get               0x0001d1e9   Thumb Code    40  pstorage.o(i.pstorage_access_status_get)
    pstorage_block_identifier_get            0x0001d219   Thumb Code   154  pstorage.o(i.pstorage_block_identifier_get)
    pstorage_clear                           0x0001d2bd   Thumb Code   270  pstorage.o(i.pstorage_clear)
    pstorage_init                            0x0001d409   Thumb Code   104  pstorage.o(i.pstorage_init)
    pstorage_load                            0x0001d491   Thumb Code   242  pstorage.o(i.pstorage_load)
    pstorage_register                        0x0001d58d   Thumb Code   270  pstorage.o(i.pstorage_register)
    pstorage_store                           0x0001d6ad   Thumb Code   216  pstorage.o(i.pstorage_store)
    pstorage_sys_event_handler               0x0001d78d   Thumb Code    66  pstorage.o(i.pstorage_sys_event_handler)
    softdevice_assertion_handler             0x0001dbe9   Thumb Code    18  softdevice_handler.o(i.softdevice_assertion_handler)
    softdevice_ble_evt_handler_set           0x0001dbfd   Thumb Code    18  softdevice_handler.o(i.softdevice_ble_evt_handler_set)
    softdevice_handler_init                  0x0001dc15   Thumb Code    84  softdevice_handler.o(i.softdevice_handler_init)
    softdevice_sys_evt_handler_set           0x0001dc7d   Thumb Code    18  softdevice_handler.o(i.softdevice_sys_evt_handler_set)
    time_init                                0x0001e079   Thumb Code    76  main.o(i.time_init)
    timer_event_handler                      0x0001e10d   Thumb Code    78  main.o(i.timer_event_handler)
    uart_event_handle                        0x0001e5a1   Thumb Code    96  main.o(i.uart_event_handle)
    uart_printf                              0x0001e725   Thumb Code     2  at.o(i.uart_printf)
    TIMER_UART                               0x0001e970   Data           8  main.o(.constdata)
    Region$$Table$$Base                      0x0001ea18   Number         0  anon$$obj.o(Region$$Table)
    Region$$Table$$Limit                     0x0001ea38   Number         0  anon$$obj.o(Region$$Table)
    Ble_Con_Status                           0x20002006   Data           1  ble_passthrough_handle.o(.data)
    ble_con_flag                             0x20002007   Data           1  ble_passthrough_handle.o(.data)
    ble_tx_compelete_state                   0x2000206c   Data           1  ble_conn_params.o(.data)
    SystemCoreClock                          0x2000210c   Data           4  system_nrf51.o(.data)
    m_nus                                    0x20002110   Data          28  main.o(.bss)
    CustomService                            0x20002da0   Data          92  ble_configservice.o(.bss)
    ble_cfg_firmwareinfo                     0x20002dfc   Data          16  ble_firmwareinfo.o(.bss)
    __initial_sp                             0x20003a08   Data           0  arm_startup_nrf51.o(STACK)



==============================================================================

Memory Map of the image

  Image Entry point : 0x000180c1

  Load Region LR_IROM1 (Base: 0x00018000, Size: 0x00006b48, Max: 0x00028000, ABSOLUTE)

    Execution Region ER_IROM1 (Base: 0x00018000, Size: 0x00006a38, Max: 0x00028000, ABSOLUTE)

    Base Addr    Size         Type   Attr      Idx    E Section Name        Object

    0x00018000   0x000000c0   Data   RO         3611    RESET               arm_startup_nrf51.o
    0x000180c0   0x00000000   Code   RO         3663  * .ARM.Collect$$$$00000000  mc_p.l(entry.o)
    0x000180c0   0x00000004   Code   RO         3941    .ARM.Collect$$$$00000001  mc_p.l(entry2.o)
    0x000180c4   0x00000004   Code   RO         3944    .ARM.Collect$$$$00000004  mc_p.l(entry5.o)
    0x000180c8   0x00000000   Code   RO         3946    .ARM.Collect$$$$00000008  mc_p.l(entry7b.o)
    0x000180c8   0x00000000   Code   RO         3948    .ARM.Collect$$$$0000000A  mc_p.l(entry8b.o)
    0x000180c8   0x00000008   Code   RO         3949    .ARM.Collect$$$$0000000B  mc_p.l(entry9a.o)
    0x000180d0   0x00000000   Code   RO         3951    .ARM.Collect$$$$0000000D  mc_p.l(entry10a.o)
    0x000180d0   0x00000000   Code   RO         3953    .ARM.Collect$$$$0000000F  mc_p.l(entry11a.o)
    0x000180d0   0x00000004   Code   RO         3942    .ARM.Collect$$$$00002712  mc_p.l(entry2.o)
    0x000180d4   0x00000034   Code   RO         1567    .emb_text           bootloader_util.o
    0x00018108   0x0000001e   Code   RO         3264    .emb_text           app_timer.o
    0x00018126   0x00000002   PAD
    0x00018128   0x00000038   Code   RO         3612    .text               arm_startup_nrf51.o
    0x00018160   0x0000002c   Code   RO         3666    .text               mc_p.l(uidiv.o)
    0x0001818c   0x00000028   Code   RO         3668    .text               mc_p.l(idiv.o)
    0x000181b4   0x00000024   Code   RO         3670    .text               mc_p.l(memcpya.o)
    0x000181d8   0x00000024   Code   RO         3672    .text               mc_p.l(memseta.o)
    0x000181fc   0x00000060   Code   RO         3955    .text               mc_p.l(uldiv.o)
    0x0001825c   0x00000024   Code   RO         3968    .text               mc_p.l(init.o)
    0x00018280   0x00000020   Code   RO         3970    .text               mc_p.l(llshl.o)
    0x000182a0   0x00000022   Code   RO         3972    .text               mc_p.l(llushr.o)
    0x000182c2   0x00000020   Code   RO          370    i.ATcmd_Pin_Configuration  at.o
    0x000182e2   0x00000002   PAD
    0x000182e4   0x00000074   Code   RO          371    i.Ble_ATcmd_LEMAC_Handler  at.o
    0x00018358   0x00000078   Code   RO          372    i.Ble_ATcmd_LENAMEReply_Handler  at.o
    0x000183d0   0x00000060   Code   RO          373    i.Ble_ATcmd_LENAME_Handler  at.o
    0x00018430   0x000000a8   Code   RO          374    i.Ble_ATcmd_Parser  at.o
    0x000184d8   0x00000078   Code   RO          375    i.Ble_ATcmd_QuerySoftwareVerReply_Handler  at.o
    0x00018550   0x0000001a   Code   RO          378    i.Ble_ConnectStatusPin_Configuration  at.o
    0x0001856a   0x00000002   PAD
    0x0001856c   0x00000014   Code   RO          379    i.Ble_ConnectStatus_SetHigh  at.o
    0x00018580   0x00000014   Code   RO          380    i.Ble_ConnectStatus_SetLow  at.o
    0x00018594   0x00000038   Code   RO          516    i.Ble_Fifo_Init     ble_passthrough_handle.o
    0x000185cc   0x00000070   Code   RO          520    i.Ble_Send          ble_passthrough_handle.o
    0x0001863c   0x00000014   Code   RO          521    i.Ble_Timout_Send   ble_passthrough_handle.o
    0x00018650   0x0000001c   Code   RO          522    i.Ble_TxFifo_DataPop  ble_passthrough_handle.o
    0x0001866c   0x0000001c   Code   RO          523    i.Ble_TxFifo_DataPush  ble_passthrough_handle.o
    0x00018688   0x00000010   Code   RO          524    i.Ble_TxFifo_Datalen  ble_passthrough_handle.o
    0x00018698   0x00000104   Code   RO          526    i.Ble_tx_complete_handler  ble_passthrough_handle.o
    0x0001879c   0x0000000c   Code   RO          381    i.Check_ATcmd_Pin_Level  at.o
    0x000187a8   0x00000014   Code   RO          528    i.CounterReset_UartTimer  ble_passthrough_handle.o
    0x000187bc   0x000000ec   Code   RO          672    i.CustomService_ble_evt_handle  ble_configservice.o
    0x000188a8   0x00000088   Code   RO          673    i.CustomSevice_init  ble_configservice.o
    0x00018930   0x000000f0   Code   RO          674    i.CustomeService_SET_ADVINTERVAL_char6_add  ble_configservice.o
    0x00018a20   0x000000f0   Code   RO          675    i.CustomeService_SET_LOWPOWERMODE_char7_add  ble_configservice.o
    0x00018b10   0x000000f0   Code   RO          676    i.CustomeService_SetGPIO_char1_add  ble_configservice.o
    0x00018c00   0x000000f0   Code   RO          677    i.CustomeService_SetGPIO_char2_add  ble_configservice.o
    0x00018cf0   0x000000f0   Code   RO          678    i.CustomeService_SetGPIO_char3_add  ble_configservice.o
    0x00018de0   0x000000f0   Code   RO          679    i.CustomeService_SetGPIO_char4_add  ble_configservice.o
    0x00018ed0   0x000000f0   Code   RO          680    i.CustomeService_SetUARTPARITY_char5_add  ble_configservice.o
    0x00018fc0   0x0000004c   Code   RO            3    i.DFU_Service_Init  main.o
    0x0001900c   0x00000040   Code   RO          773    i.FirmwareInfo_Default  ble_firmwareinfo.o
    0x0001904c   0x00000020   Code   RO          774    i.FirmwareInfo_Read  ble_firmwareinfo.o
    0x0001906c   0x0000002c   Code   RO          775    i.FirmwareInfo_upgrade  ble_firmwareinfo.o
    0x00019098   0x0000018c   Code   RO         1991    i.GPIOTE_IRQHandler  nrf_drv_gpiote.o
    0x00019224   0x0000001c   Code   RO          529    i.HardFault_Handler  ble_passthrough_handle.o
    0x00019240   0x00000014   Code   RO         3265    i.NVIC_ClearPendingIRQ  app_timer.o
    0x00019254   0x00000014   Code   RO         3266    i.NVIC_EnableIRQ    app_timer.o
    0x00019268   0x00000014   Code   RO         3267    i.NVIC_SetPendingIRQ  app_timer.o
    0x0001927c   0x00000078   Code   RO         1960    i.NVIC_SetPriority  nrf_drv_common.o
    0x000192f4   0x00000078   Code   RO         3268    i.NVIC_SetPriority  app_timer.o
    0x0001936c   0x00000028   Code   RO         3269    i.RTC1_IRQHandler   app_timer.o
    0x00019394   0x00000008   Code   RO         3270    i.SWI0_IRQHandler   app_timer.o
    0x0001939c   0x00000038   Code   RO         3541    i.SWI2_IRQHandler   softdevice_handler.o
    0x000193d4   0x0000002c   Code   RO          681    i.SetADV_Interval_Char6_Function  ble_configservice.o
    0x00019400   0x0000002c   Code   RO          682    i.SetBLE_Lowpowermode_Char7_Function  ble_configservice.o
    0x0001942c   0x0000002c   Code   RO          683    i.SetGPIO_Char1_Function  ble_configservice.o
    0x00019458   0x0000002c   Code   RO          684    i.SetGPIO_Char2_Function  ble_configservice.o
    0x00019484   0x0000002c   Code   RO          685    i.SetGPIO_Char3_Function  ble_configservice.o
    0x000194b0   0x0000002c   Code   RO          686    i.SetGPIO_Char4_Function  ble_configservice.o
    0x000194dc   0x0000002c   Code   RO          687    i.SetUAUT_Parity_Char5_Function  ble_configservice.o
    0x00019508   0x0000004e   Code   RO          382    i.StringFind        at.o
    0x00019556   0x00000002   PAD
    0x00019558   0x00000064   Code   RO         3619    i.SystemInit        system_nrf51.o
    0x000195bc   0x00000010   Code   RO         2749    i.TIMER1_IRQHandler  nrf_drv_timer.o
    0x000195cc   0x00000002   Code   RO          383    i.Test_Pin_Invert   at.o
    0x000195ce   0x00000002   PAD
    0x000195d0   0x00000138   Code   RO         2226    i.UART0_IRQHandler  nrf_drv_uart.o
    0x00019708   0x00000028   Code   RO         3889    i.__0sprintf$8      mc_p.l(printf8.o)
    0x00019730   0x0000001c   Code   RO         1376    i.__ARM_common_switch8  ble_srv_common.o
    0x0001974c   0x0000000e   Code   RO         3982    i.__scatterload_copy  mc_p.l(handlers.o)
    0x0001975a   0x00000002   Code   RO         3983    i.__scatterload_null  mc_p.l(handlers.o)
    0x0001975c   0x0000000e   Code   RO         3984    i.__scatterload_zeroinit  mc_p.l(handlers.o)
    0x0001976a   0x00000002   PAD
    0x0001976c   0x00000428   Code   RO         3894    i._printf_core      mc_p.l(printf8.o)
    0x00019b94   0x00000020   Code   RO         3895    i._printf_post_padding  mc_p.l(printf8.o)
    0x00019bb4   0x0000002c   Code   RO         3896    i._printf_pre_padding  mc_p.l(printf8.o)
    0x00019be0   0x0000000a   Code   RO         3898    i._sputc            mc_p.l(printf8.o)
    0x00019bea   0x000001bc   Code   RO          998    i.adv_data_encode   ble_advdata.o
    0x00019da6   0x00000014   Code   RO          999    i.advdata_check     ble_advdata.o
    0x00019dba   0x00000002   PAD
    0x00019dbc   0x00000078   Code   RO            5    i.advertising_init  main.o
    0x00019e34   0x00000040   Code   RO            6    i.advertising_stop  main.o
    0x00019e74   0x00000038   Code   RO         3183    i.app_error_handler  app_error.o
    0x00019eac   0x0000000a   Code   RO         3204    i.app_fifo_flush    app_fifo.o
    0x00019eb6   0x00000020   Code   RO         3205    i.app_fifo_get      app_fifo.o
    0x00019ed6   0x0000002a   Code   RO         3206    i.app_fifo_init     app_fifo.o
    0x00019f00   0x00000022   Code   RO         3207    i.app_fifo_put      app_fifo.o
    0x00019f22   0x0000006a   Code   RO         3208    i.app_fifo_read     app_fifo.o
    0x00019f8c   0x0000006e   Code   RO         3209    i.app_fifo_write    app_fifo.o
    0x00019ffa   0x00000002   PAD
    0x00019ffc   0x00000030   Code   RO         2423    i.app_notify        pstorage.o
    0x0001a02c   0x00000024   Code   RO         2424    i.app_notify_error_state_transit  pstorage.o
    0x0001a050   0x00000040   Code   RO         3273    i.app_timer_create  app_timer.o
    0x0001a090   0x000000b8   Code   RO         3274    i.app_timer_init    app_timer.o
    0x0001a148   0x00000058   Code   RO         3275    i.app_timer_start   app_timer.o
    0x0001a1a0   0x00000038   Code   RO         3276    i.app_timer_stop    app_timer.o
    0x0001a1d8   0x00000038   Code   RO         1855    i.app_uart_get      app_uart_fifo.o
    0x0001a210   0x000000c0   Code   RO         1856    i.app_uart_init     app_uart_fifo.o
    0x0001a2d0   0x0000002c   Code   RO         1857    i.app_uart_put      app_uart_fifo.o
    0x0001a2fc   0x00000050   Code   RO         1000    i.appearance_encode  ble_advdata.o
    0x0001a34c   0x00000070   Code   RO         2227    i.apply_config      nrf_drv_uart.o
    0x0001a3bc   0x00000088   Code   RO         1001    i.ble_advdata_set   ble_advdata.o
    0x0001a444   0x00000174   Code   RO         1112    i.ble_advertising_init  ble_advertising.o
    0x0001a5b8   0x00000104   Code   RO         1113    i.ble_advertising_on_ble_evt  ble_advertising.o
    0x0001a6bc   0x00000010   Code   RO         1116    i.ble_advertising_peer_address_clear  ble_advertising.o
    0x0001a6cc   0x000002bc   Code   RO         1118    i.ble_advertising_start  ble_advertising.o
    0x0001a988   0x00000078   Code   RO         1199    i.ble_conn_params_init  ble_conn_params.o
    0x0001aa00   0x0000005c   Code   RO         1200    i.ble_conn_params_on_ble_evt  ble_conn_params.o
    0x0001aa5c   0x00000010   Code   RO         1201    i.ble_conn_params_stop  ble_conn_params.o
    0x0001aa6c   0x0000006c   Code   RO         1002    i.ble_device_addr_encode  ble_advdata.o
    0x0001aad8   0x000000b0   Code   RO         1382    i.ble_dfu_init      ble_dfu.o
    0x0001ab88   0x0000005a   Code   RO         1383    i.ble_dfu_on_ble_evt  ble_dfu.o
    0x0001abe2   0x00000002   PAD
    0x0001abe4   0x0000008c   Code   RO         1385    i.ble_dfu_response_send  ble_dfu.o
    0x0001ac70   0x00000038   Code   RO            8    i.ble_evt_dispatch  main.o
    0x0001aca8   0x0000008c   Code   RO         1288    i.ble_nus_init      ble_nus.o
    0x0001ad34   0x00000046   Code   RO         1289    i.ble_nus_on_ble_evt  ble_nus.o
    0x0001ad7a   0x00000002   PAD
    0x0001ad7c   0x00000058   Code   RO         1290    i.ble_nus_string_send  ble_nus.o
    0x0001add4   0x000000a4   Code   RO            9    i.ble_stack_init    main.o
    0x0001ae78   0x00000068   Code   RO           10    i.board_init        main.o
    0x0001aee0   0x000000a4   Code   RO         1484    i.bootloader_start  dfu_app_handler.o
    0x0001af84   0x0000000c   Code   RO         1568    i.bootloader_util_app_start  bootloader_util.o
    0x0001af90   0x00000024   Code   RO          839    i.bsp_indication_set  bsp.o
    0x0001afb4   0x00000006   Code   RO          842    i.bsp_led_indication  bsp.o
    0x0001afba   0x00000002   PAD
    0x0001afbc   0x00000010   Code   RO         1993    i.channel_handler_get  nrf_drv_gpiote.o
    0x0001afcc   0x0000000c   Code   RO         1995    i.channel_port_get  nrf_drv_gpiote.o
    0x0001afd8   0x00000114   Code   RO         2425    i.clear_operation_execute  pstorage.o
    0x0001b0ec   0x00000028   Code   RO         2426    i.clear_post_processing_run  pstorage.o
    0x0001b114   0x00000048   Code   RO         2427    i.cmd_process       pstorage.o
    0x0001b15c   0x00000014   Code   RO         2428    i.cmd_queue_dequeue  pstorage.o
    0x0001b170   0x0000003c   Code   RO         2429    i.cmd_queue_element_init  pstorage.o
    0x0001b1ac   0x00000084   Code   RO         2430    i.cmd_queue_enqueue  pstorage.o
    0x0001b230   0x00000020   Code   RO         2431    i.cmd_queue_init    pstorage.o
    0x0001b250   0x00000028   Code   RO         2432    i.command_end_procedure_run  pstorage.o
    0x0001b278   0x0000002c   Code   RO         2433    i.command_queue_element_consume  pstorage.o
    0x0001b2a4   0x0000008c   Code   RO         3278    i.compare_reg_update  app_timer.o
    0x0001b330   0x0000005c   Code   RO         1003    i.conn_int_check    ble_advdata.o
    0x0001b38c   0x00000066   Code   RO         1004    i.conn_int_encode   ble_advdata.o
    0x0001b3f2   0x00000014   Code   RO           11    i.conn_params_error_handler  main.o
    0x0001b406   0x00000002   PAD
    0x0001b408   0x0000005c   Code   RO           12    i.conn_params_init  main.o
    0x0001b464   0x00000094   Code   RO         1202    i.conn_params_negotiation  ble_conn_params.o
    0x0001b4f8   0x0000005c   Code   RO         3279    i.current_int_priority_get  app_timer.o
    0x0001b554   0x00000084   Code   RO         2434    i.data_page_erase_state_run  pstorage.o
    0x0001b5d8   0x00000038   Code   RO         2435    i.data_to_swap_write_state_run  pstorage.o
    0x0001b610   0x0000003e   Code   RO         1486    i.dfu_app_on_dfu_evt  dfu_app_handler.o
    0x0001b64e   0x00000002   PAD
    0x0001b650   0x00000110   Code   RO         1487    i.dfu_app_peer_data_set  dfu_app_handler.o
    0x0001b760   0x00000002   Code   RO         1488    i.dfu_app_reset_prepare  dfu_app_handler.o
    0x0001b762   0x00000002   PAD
    0x0001b764   0x0000000c   Code   RO         1489    i.dfu_app_reset_prepare_set  dfu_app_handler.o
    0x0001b770   0x000000e0   Code   RO         1386    i.dfu_ctrl_pt_add   ble_dfu.o
    0x0001b850   0x000000d4   Code   RO         1387    i.dfu_pkt_char_add  ble_dfu.o
    0x0001b924   0x000000d8   Code   RO         1388    i.dfu_rev_char_add  ble_dfu.o
    0x0001b9fc   0x0000000c   Code   RO         1595    i.dm_application_context_set  device_manager_peripheral.o
    0x0001ba08   0x000000e8   Code   RO         1601    i.dm_distributed_keys_get  device_manager_peripheral.o
    0x0001baf0   0x0000006c   Code   RO         1602    i.dm_handle_get     device_manager_peripheral.o
    0x0001bb5c   0x000000c4   Code   RO         1605    i.dm_peer_addr_get  device_manager_peripheral.o
    0x0001bc20   0x00000064   Code   RO         3280    i.elapsed_ticks_acquire  app_timer.o
    0x0001bc84   0x00000044   Code   RO         2436    i.erase_sub_state_sm_run  pstorage.o
    0x0001bcc8   0x00000022   Code   RO          778    i.example_cb_handler  ble_firmwareinfo.o
    0x0001bcea   0x00000002   PAD
    0x0001bcec   0x0000005c   Code   RO         3281    i.expired_timers_handler  app_timer.o
    0x0001bd48   0x00000014   Code   RO         3210    i.fifo_get          app_fifo.o
    0x0001bd5c   0x0000000a   Code   RO         1858    i.fifo_length       app_uart_fifo.o
    0x0001bd66   0x0000000a   Code   RO         3211    i.fifo_length       app_fifo.o
    0x0001bd70   0x00000012   Code   RO         3212    i.fifo_put          app_fifo.o
    0x0001bd82   0x00000036   Code   RO         1005    i.flags_encode      ble_advdata.o
    0x0001bdb8   0x00000030   Code   RO         2437    i.flash_api_err_code_process  pstorage.o
    0x0001bde8   0x00000040   Code   RO         2438    i.flash_operation_failure_run  pstorage.o
    0x0001be28   0x00000030   Code   RO         2439    i.flash_operation_success_run  pstorage.o
    0x0001be58   0x00000010   Code   RO         2440    i.flash_page_erase  pstorage.o
    0x0001be68   0x00000018   Code   RO         2441    i.flash_write       pstorage.o
    0x0001be80   0x000000dc   Code   RO           13    i.gap_params_init   main.o
    0x0001bf5c   0x00000070   Code   RO         2442    i.head_restore_state_run  pstorage.o
    0x0001bfcc   0x000000bc   Code   RO         3542    i.intern_softdevice_events_execute  softdevice_handler.o
    0x0001c088   0x00000034   Code   RO         1490    i.interrupts_disable  dfu_app_handler.o
    0x0001c0bc   0x00000048   Code   RO         1389    i.is_cccd_configured  ble_dfu.o
    0x0001c104   0x00000024   Code   RO         1203    i.is_conn_params_ok  ble_conn_params.o
    0x0001c128   0x00000038   Code   RO         3620    i.is_disabled_in_debug_needed  system_nrf51.o
    0x0001c160   0x0000006c   Code   RO         3621    i.is_manual_peripheral_setup_needed  system_nrf51.o
    0x0001c1cc   0x00000058   Code   RO         2443    i.is_page_erase_required  pstorage.o
    0x0001c224   0x00000054   Code   RO         3622    i.is_peripheral_domain_setup_needed  system_nrf51.o
    0x0001c278   0x00000050   Code   RO         2444    i.is_tail_data_page_swap_required  pstorage.o
    0x0001c2c8   0x00000012   Code   RO         2445    i.is_word_aligned   pstorage.o
    0x0001c2da   0x0000006a   Code   RO         1006    i.le_role_encode    ble_advdata.o
    0x0001c344   0x00000094   Code   RO         3282    i.list_deletions_handler  app_timer.o
    0x0001c3d8   0x00000110   Code   RO         3283    i.list_insertions_handler  app_timer.o
    0x0001c4e8   0x000000b8   Code   RO           14    i.main              main.o
    0x0001c5a0   0x00000020   Code   RO         2446    i.main_state_err_busy_process  pstorage.o
    0x0001c5c0   0x00000078   Code   RO         1007    i.manuf_specific_data_encode  ble_advdata.o
    0x0001c638   0x000000c2   Code   RO         1008    i.name_encode       ble_advdata.o
    0x0001c6fa   0x00000002   PAD
    0x0001c6fc   0x00000038   Code   RO         1961    i.nrf_drv_common_irq_enable  nrf_drv_common.o
    0x0001c734   0x0000000e   Code   RO         2754    i.nrf_drv_timer_clear  nrf_drv_timer.o
    0x0001c742   0x00000038   Code   RO         2755    i.nrf_drv_timer_compare  nrf_drv_timer.o
    0x0001c77a   0x0000000c   Code   RO         2757    i.nrf_drv_timer_compare_event_get  nrf_drv_timer.o
    0x0001c786   0x00000002   PAD
    0x0001c788   0x0000001c   Code   RO         2761    i.nrf_drv_timer_enable  nrf_drv_timer.o
    0x0001c7a4   0x0000003e   Code   RO         2763    i.nrf_drv_timer_extended_compare  nrf_drv_timer.o
    0x0001c7e2   0x00000002   PAD
    0x0001c7e4   0x000000d4   Code   RO         2765    i.nrf_drv_timer_init  nrf_drv_timer.o
    0x0001c8b8   0x0000006c   Code   RO         2766    i.nrf_drv_timer_interrupt_handle  nrf_drv_timer.o
    0x0001c924   0x0000001c   Code   RO         2767    i.nrf_drv_timer_ms_to_ticks  nrf_drv_timer.o
    0x0001c940   0x00000080   Code   RO         2229    i.nrf_drv_uart_init  nrf_drv_uart.o
    0x0001c9c0   0x000000e0   Code   RO         2230    i.nrf_drv_uart_rx   nrf_drv_uart.o
    0x0001caa0   0x0000001c   Code   RO         2233    i.nrf_drv_uart_rx_enable  nrf_drv_uart.o
    0x0001cabc   0x000000b4   Code   RO         2234    i.nrf_drv_uart_tx   nrf_drv_uart.o
    0x0001cb70   0x00000026   Code   RO          384    i.nrf_gpio_cfg      at.o
    0x0001cb96   0x00000026   Code   RO         2237    i.nrf_gpio_cfg      nrf_drv_uart.o
    0x0001cbbc   0x0000001a   Code   RO         2239    i.nrf_gpio_cfg_input  nrf_drv_uart.o
    0x0001cbd6   0x00000018   Code   RO         2240    i.nrf_gpio_cfg_output  nrf_drv_uart.o
    0x0001cbee   0x00000046   Code   RO         2017    i.nrf_gpio_cfg_sense_set  nrf_drv_gpiote.o
    0x0001cc34   0x00000010   Code   RO         2241    i.nrf_gpio_pin_set  nrf_drv_uart.o
    0x0001cc44   0x0000000c   Code   RO         2020    i.nrf_gpiote_event_addr_get  nrf_drv_gpiote.o
    0x0001cc50   0x00000010   Code   RO         2021    i.nrf_gpiote_event_clear  nrf_drv_gpiote.o
    0x0001cc60   0x00000016   Code   RO         2022    i.nrf_gpiote_event_is_set  nrf_drv_gpiote.o
    0x0001cc76   0x00000006   Code   RO         2775    i.nrf_timer_event_clear  nrf_drv_timer.o
    0x0001cc7c   0x0000000e   Code   RO         2776    i.nrf_timer_frequency_get  nrf_drv_timer.o
    0x0001cc8a   0x0000000a   Code   RO         2777    i.nrf_timer_int_disable  nrf_drv_timer.o
    0x0001cc94   0x0000000a   Code   RO         2778    i.nrf_timer_int_enable  nrf_drv_timer.o
    0x0001cc9e   0x00000010   Code   RO         2779    i.nrf_timer_shorts_disable  nrf_drv_timer.o
    0x0001ccae   0x00000006   Code   RO         2781    i.nrf_timer_task_trigger  nrf_drv_timer.o
    0x0001ccb4   0x00000014   Code   RO         2242    i.nrf_uart_errorsrc_get_and_clear  nrf_drv_uart.o
    0x0001ccc8   0x00000010   Code   RO         2243    i.nrf_uart_event_check  nrf_drv_uart.o
    0x0001ccd8   0x00000006   Code   RO         2244    i.nrf_uart_event_clear  nrf_drv_uart.o
    0x0001ccde   0x00000012   Code   RO         2245    i.nrf_uart_hwfc_pins_set  nrf_drv_uart.o
    0x0001ccf0   0x0000000a   Code   RO         2246    i.nrf_uart_int_disable  nrf_drv_uart.o
    0x0001ccfa   0x0000000a   Code   RO         2247    i.nrf_uart_int_enable  nrf_drv_uart.o
    0x0001cd04   0x00000018   Code   RO         2248    i.nrf_uart_int_enable_check  nrf_drv_uart.o
    0x0001cd1c   0x00000006   Code   RO         2249    i.nrf_uart_task_trigger  nrf_drv_uart.o
    0x0001cd22   0x00000012   Code   RO         2250    i.nrf_uart_txrx_pins_set  nrf_drv_uart.o
    0x0001cd34   0x00000020   Code   RO           15    i.nus_data_handler  main.o
    0x0001cd54   0x00000036   Code   RO           16    i.on_adv_evt        main.o
    0x0001cd8a   0x00000002   PAD
    0x0001cd8c   0x000000e4   Code   RO           17    i.on_ble_evt        main.o
    0x0001ce70   0x00000034   Code   RO           18    i.on_conn_params_evt  main.o
    0x0001cea4   0x00000018   Code   RO         1204    i.on_conn_params_update  ble_conn_params.o
    0x0001cebc   0x0000003c   Code   RO         1205    i.on_connect        ble_conn_params.o
    0x0001cef8   0x00000006   Code   RO         1291    i.on_connect        ble_nus.o
    0x0001cefe   0x00000006   Code   RO         1390    i.on_connect        ble_dfu.o
    0x0001cf04   0x0000014e   Code   RO         1391    i.on_ctrl_pt_write  ble_dfu.o
    0x0001d052   0x00000002   PAD
    0x0001d054   0x00000044   Code   RO         1206    i.on_disconnect     ble_conn_params.o
    0x0001d098   0x00000008   Code   RO         1292    i.on_disconnect     ble_nus.o
    0x0001d0a0   0x00000008   Code   RO         1392    i.on_disconnect     ble_dfu.o
    0x0001d0a8   0x00000046   Code   RO         1393    i.on_rw_authorize_req  ble_dfu.o
    0x0001d0ee   0x00000002   PAD
    0x0001d0f0   0x0000005c   Code   RO         1207    i.on_write          ble_conn_params.o
    0x0001d14c   0x00000054   Code   RO         1293    i.on_write          ble_nus.o
    0x0001d1a0   0x0000002c   Code   RO         1394    i.on_write          ble_dfu.o
    0x0001d1cc   0x0000001a   Code   RO         1120    i.peer_address_exists  ble_advertising.o
    0x0001d1e6   0x00000002   PAD
    0x0001d1e8   0x00000030   Code   RO         2447    i.pstorage_access_status_get  pstorage.o
    0x0001d218   0x000000a4   Code   RO         2448    i.pstorage_block_identifier_get  pstorage.o
    0x0001d2bc   0x00000118   Code   RO         2449    i.pstorage_clear    pstorage.o
    0x0001d3d4   0x00000028   Code   RO         2450    i.pstorage_flash_page_end  pstorage.o
    0x0001d3fc   0x0000000a   Code   RO         2451    i.pstorage_flash_page_size  pstorage.o
    0x0001d406   0x00000002   PAD
    0x0001d408   0x00000088   Code   RO         2452    i.pstorage_init     pstorage.o
    0x0001d490   0x000000fc   Code   RO         2453    i.pstorage_load     pstorage.o
    0x0001d58c   0x00000120   Code   RO         2454    i.pstorage_register  pstorage.o
    0x0001d6ac   0x000000e0   Code   RO         2455    i.pstorage_store    pstorage.o
    0x0001d78c   0x0000004c   Code   RO         2456    i.pstorage_sys_event_handler  pstorage.o
    0x0001d7d8   0x0000007c   Code   RO           19    i.reset_prepare     main.o
    0x0001d854   0x0000000c   Code   RO         3284    i.rtc1_compare0_set  app_timer.o
    0x0001d860   0x0000000c   Code   RO         3285    i.rtc1_counter_get  app_timer.o
    0x0001d86c   0x00000018   Code   RO         3286    i.rtc1_init         app_timer.o
    0x0001d884   0x0000003c   Code   RO         3287    i.rtc1_start        app_timer.o
    0x0001d8c0   0x00000058   Code   RO         3288    i.rtc1_stop         app_timer.o
    0x0001d918   0x00000038   Code   RO         2252    i.rx_byte           nrf_drv_uart.o
    0x0001d950   0x0000012e   Code   RO         1294    i.rx_char_add       ble_nus.o
    0x0001da7e   0x00000002   PAD
    0x0001da80   0x0000002c   Code   RO         2253    i.rx_done_event     nrf_drv_uart.o
    0x0001daac   0x00000024   Code   RO         2254    i.rx_enable         nrf_drv_uart.o
    0x0001dad0   0x00000036   Code   RO         1009    i.sec_mgr_oob_flags_encode  ble_advdata.o
    0x0001db06   0x00000096   Code   RO         1010    i.service_data_encode  ble_advdata.o
    0x0001db9c   0x00000038   Code   RO           20    i.services_init     main.o
    0x0001dbd4   0x00000014   Code   RO         2458    i.sm_state_change   pstorage.o
    0x0001dbe8   0x00000012   Code   RO         3543    i.softdevice_assertion_handler  softdevice_handler.o
    0x0001dbfa   0x00000002   PAD
    0x0001dbfc   0x00000018   Code   RO         3544    i.softdevice_ble_evt_handler_set  softdevice_handler.o
    0x0001dc14   0x00000068   Code   RO         3545    i.softdevice_handler_init  softdevice_handler.o
    0x0001dc7c   0x00000018   Code   RO         3548    i.softdevice_sys_evt_handler_set  softdevice_handler.o
    0x0001dc94   0x00000010   Code   RO         1011    i.srdata_check      ble_advdata.o
    0x0001dca4   0x00000010   Code   RO         2459    i.state_data_erase_entry_run  pstorage.o
    0x0001dcb4   0x00000098   Code   RO         2460    i.state_data_erase_swap_entry_run  pstorage.o
    0x0001dd4c   0x0000003c   Code   RO         2461    i.state_entry_action_run  pstorage.o
    0x0001dd88   0x00000010   Code   RO         2462    i.state_erase_data_page_entry_run  pstorage.o
    0x0001dd98   0x0000001c   Code   RO         2463    i.state_idle_entry_run  pstorage.o
    0x0001ddb4   0x00000034   Code   RO         2464    i.state_restore_head_entry_run  pstorage.o
    0x0001dde8   0x00000054   Code   RO         2465    i.state_restore_tail_entry_run  pstorage.o
    0x0001de3c   0x00000008   Code   RO         2466    i.state_store_entry_run  pstorage.o
    0x0001de44   0x00000026   Code   RO         2467    i.state_swap_erase_entry_run  pstorage.o
    0x0001de6a   0x00000002   PAD
    0x0001de6c   0x00000034   Code   RO         2468    i.state_write_data_swap_entry_run  pstorage.o
    0x0001dea0   0x00000064   Code   RO         2469    i.store_cmd_flash_write_execute  pstorage.o
    0x0001df04   0x0000000a   Code   RO         2470    i.store_operation_execute  pstorage.o
    0x0001df0e   0x00000002   PAD
    0x0001df10   0x0000004c   Code   RO         2471    i.store_sub_state_sm_run  pstorage.o
    0x0001df5c   0x00000020   Code   RO         2472    i.swap_erase_state_run  pstorage.o
    0x0001df7c   0x00000008   Code   RO         2473    i.swap_sub_sm_exit_action_run  pstorage.o
    0x0001df84   0x00000018   Code   RO         2474    i.swap_sub_state_entry_action_run  pstorage.o
    0x0001df9c   0x00000020   Code   RO         2475    i.swap_sub_state_err_busy_process  pstorage.o
    0x0001dfbc   0x00000018   Code   RO         2476    i.swap_sub_state_sm_run  pstorage.o
    0x0001dfd4   0x00000014   Code   RO         2477    i.swap_sub_state_state_change  pstorage.o
    0x0001dfe8   0x0000000c   Code   RO           22    i.sys_evt_dispatch  main.o
    0x0001dff4   0x00000020   Code   RO         2478    i.tail_restore_state_run  pstorage.o
    0x0001e014   0x00000058   Code   RO         2479    i.tail_word_size_calculate  pstorage.o
    0x0001e06c   0x0000000a   Code   RO         3289    i.ticks_diff_get    app_timer.o
    0x0001e076   0x00000002   PAD
    0x0001e078   0x00000054   Code   RO           23    i.time_init         main.o
    0x0001e0cc   0x00000040   Code   RO         3290    i.timeout_handler_exec  app_timer.o
    0x0001e10c   0x0000004e   Code   RO           24    i.timer_event_handler  main.o
    0x0001e15a   0x00000002   PAD
    0x0001e15c   0x00000058   Code   RO         3291    i.timer_list_handler  app_timer.o
    0x0001e1b4   0x0000000a   Code   RO         3292    i.timer_list_handler_sched  app_timer.o
    0x0001e1be   0x00000002   PAD
    0x0001e1c0   0x0000006c   Code   RO         3293    i.timer_list_insert  app_timer.o
    0x0001e22c   0x00000070   Code   RO         3294    i.timer_list_remove  app_timer.o
    0x0001e29c   0x00000058   Code   RO         3295    i.timer_start_op_schedule  app_timer.o
    0x0001e2f4   0x00000040   Code   RO         3297    i.timer_stop_op_schedule  app_timer.o
    0x0001e334   0x00000094   Code   RO         3298    i.timer_timeouts_check  app_timer.o
    0x0001e3c8   0x0000000a   Code   RO         3299    i.timer_timeouts_check_sched  app_timer.o
    0x0001e3d2   0x00000046   Code   RO         1012    i.tk_value_encode   ble_advdata.o
    0x0001e418   0x00000038   Code   RO         2255    i.tx_byte           nrf_drv_uart.o
    0x0001e450   0x000000ec   Code   RO         1295    i.tx_char_add       ble_nus.o
    0x0001e53c   0x0000002c   Code   RO         2256    i.tx_done_event     nrf_drv_uart.o
    0x0001e568   0x00000036   Code   RO         1013    i.tx_power_level_encode  ble_advdata.o
    0x0001e59e   0x00000002   PAD
    0x0001e5a0   0x00000064   Code   RO           25    i.uart_event_handle  main.o
    0x0001e604   0x000000c0   Code   RO         1859    i.uart_event_handler  app_uart_fifo.o
    0x0001e6c4   0x00000060   Code   RO           26    i.uart_init         main.o
    0x0001e724   0x00000002   Code   RO          385    i.uart_printf       at.o
    0x0001e726   0x0000000c   Code   RO         1395    i.uint16_decode     ble_dfu.o
    0x0001e732   0x00000012   Code   RO         1014    i.uint16_encode     ble_advdata.o
    0x0001e744   0x00000008   Code   RO         2480    i.update_operation_execute  pstorage.o
    0x0001e74c   0x0000009c   Code   RO         1208    i.update_timeout_handler  ble_conn_params.o
    0x0001e7e8   0x00000022   Code   RO         3300    i.user_id_get       app_timer.o
    0x0001e80a   0x0000002e   Code   RO         3301    i.user_op_alloc     app_timer.o
    0x0001e838   0x00000004   Code   RO         3302    i.user_op_enque     app_timer.o
    0x0001e83c   0x00000044   Code   RO         1015    i.uuid_list_encode  ble_advdata.o
    0x0001e880   0x000000d8   Code   RO         1016    i.uuid_list_sized_encode  ble_advdata.o
    0x0001e958   0x00000016   Code   RO         1121    i.whitelist_has_entries  ble_advertising.o
    0x0001e96e   0x00000002   PAD
    0x0001e970   0x00000014   Data   RO           28    .constdata          main.o
    0x0001e984   0x00000004   Data   RO         1210    .constdata          ble_conn_params.o
    0x0001e988   0x00000010   Data   RO         1296    .constdata          ble_nus.o
    0x0001e998   0x00000010   Data   RO         1397    .constdata          ble_dfu.o
    0x0001e9a8   0x00000020   Data   RO         1861    .constdata          app_uart_fifo.o
    0x0001e9c8   0x00000020   Data   RO         2258    .constdata          nrf_drv_uart.o
    0x0001e9e8   0x00000028   Data   RO         2482    .constdata          pstorage.o
    0x0001ea10   0x00000008   Data   RO         2782    .constdata          nrf_drv_timer.o
    0x0001ea18   0x00000020   Data   RO         3980    Region$$Table       anon$$obj.o


    Execution Region RW_IRAM1 (Base: 0x20002000, Size: 0x00001a08, Max: 0x00006000, ABSOLUTE)

    Base Addr    Size         Type   Attr      Idx    E Section Name        Object

    0x20002000   0x00000006   Data   RW           29    .data               main.o
    0x20002006   0x00000003   Data   RW          531    .data               ble_passthrough_handle.o
    0x20002009   0x00000003   PAD
    0x2000200c   0x00000010   Data   RW          781    .data               ble_firmwareinfo.o
    0x2000201c   0x00000019   Data   RW          848    .data               bsp.o
    0x20002035   0x00000003   PAD
    0x20002038   0x00000020   Data   RW         1123    .data               ble_advertising.o
    0x20002058   0x00000016   Data   RW         1211    .data               ble_conn_params.o
    0x2000206e   0x00000008   Data   RW         1398    .data               ble_dfu.o
    0x20002076   0x00000002   PAD
    0x20002078   0x00000008   Data   RW         1492    .data               dfu_app_handler.o
    0x20002080   0x00000014   Data   RW         1632    .data               device_manager_peripheral.o
    0x20002094   0x00000007   Data   RW         1862    .data               app_uart_fifo.o
    0x2000209b   0x00000001   PAD
    0x2000209c   0x00000028   Data   RW         2483    .data               pstorage.o
    0x200020c4   0x0000000c   Data   RW         2783    .data               nrf_drv_timer.o
    0x200020d0   0x00000022   Data   RW         3303    .data               app_timer.o
    0x200020f2   0x00000002   PAD
    0x200020f4   0x00000018   Data   RW         3549    .data               softdevice_handler.o
    0x2000210c   0x00000004   Data   RW         3623    .data               system_nrf51.o
    0x20002110   0x0000045c   Zero   RW           27    .bss                main.o
    0x2000256c   0x00000834   Zero   RW          530    .bss                ble_passthrough_handle.o
    0x20002da0   0x0000005c   Zero   RW          688    .bss                ble_configservice.o
    0x20002dfc   0x00000010   Zero   RW          779    .bss                ble_firmwareinfo.o
    0x20002e0c   0x00000103   Zero   RW         1122    .bss                ble_advertising.o
    0x20002f0f   0x00000001   PAD
    0x20002f10   0x0000003c   Zero   RW         1209    .bss                ble_conn_params.o
    0x20002f4c   0x0000003c   Zero   RW         1491    .bss                dfu_app_handler.o
    0x20002f88   0x00000127   Zero   RW         1630    .bss                device_manager_peripheral.o
    0x200030af   0x00000001   PAD
    0x200030b0   0x00000020   Zero   RW         1860    .bss                app_uart_fifo.o
    0x200030d0   0x00000048   Zero   RW         2029    .bss                nrf_drv_gpiote.o
    0x20003118   0x00000018   Zero   RW         2257    .bss                nrf_drv_uart.o
    0x20003130   0x000000d8   Zero   RW         2481    .bss                pstorage.o
    0x20003208   0x00000800   Zero   RW         3609    STACK               arm_startup_nrf51.o


==============================================================================

Image component sizes


      Code (inc. data)   RO Data    RW Data    ZI Data      Debug   Object Name

        56          8          0          0          0       7816   app_error.o
       382          0          0          0          0       7686   app_fifo.o
      2476        282          0         34          0      36987   app_timer.o
       494         64         32          7         32      13810   app_uart_fifo.o
        56         18        192          0       2048        736   arm_startup_nrf51.o
       850        176          0          0          0      14372   at.o
      2102          4          0          0          0      23632   ble_advdata.o
      1396        130          0         32        259      12912   ble_advertising.o
      2360        278          0          0         92      11963   ble_configservice.o
       812        134          4         22         60      18440   ble_conn_params.o
      1604         56         16          8          0      16592   ble_dfu.o
       174         26          0         16         16       3658   ble_firmwareinfo.o
       934         10         16          0          0       7730   ble_nus.o
       568        190          0          3       2100      54133   ble_passthrough_handle.o
        28          0          0          0          0         76   ble_srv_common.o
        64          2          0          0          0       1320   bootloader_util.o
        42          6          0         25          0      13377   bsp.o
       548         64          0         20        295      10306   device_manager_peripheral.o
       564         34          0          8         60      21977   dfu_app_handler.o
      2016        156         20          6       1116     102452   main.o
       176         18          0          0          0       9088   nrf_drv_common.o
       544         32          0          0         72      15088   nrf_drv_gpiote.o
       598         38          8         12          0      17919   nrf_drv_timer.o
      1452         94         32          0         24      27360   nrf_drv_uart.o
      4084        430         40         40        216      46332   pstorage.o
       414         58          0         24          0       9152   softdevice_handler.o
       348         38          0          4          0       2799   system_nrf51.o

    ----------------------------------------------------------------------
     25204       2346        392        272       6392     507713   Object Totals
         0          0         32          0          0          0   (incl. Generated)
        62          0          0         11          2          0   (incl. Padding)

    ----------------------------------------------------------------------

      Code (inc. data)   RO Data    RW Data    ZI Data      Debug   Library Member Name

         0          0          0          0          0          0   entry.o
         0          0          0          0          0          0   entry10a.o
         0          0          0          0          0          0   entry11a.o
         8          4          0          0          0          0   entry2.o
         4          0          0          0          0          0   entry5.o
         0          0          0          0          0          0   entry7b.o
         0          0          0          0          0          0   entry8b.o
         8          4          0          0          0          0   entry9a.o
        30          0          0          0          0          0   handlers.o
        40          0          0          0          0         72   idiv.o
        36          8          0          0          0         68   init.o
        32          0          0          0          0         68   llshl.o
        34          0          0          0          0         68   llushr.o
        36          0          0          0          0         60   memcpya.o
        36          0          0          0          0        100   memseta.o
      1190         48          0          0          0        384   printf8.o
        44          0          0          0          0         72   uidiv.o
        96          0          0          0          0         84   uldiv.o

    ----------------------------------------------------------------------
      1596         64          0          0          0        976   Library Totals
         2          0          0          0          0          0   (incl. Padding)

    ----------------------------------------------------------------------

      Code (inc. data)   RO Data    RW Data    ZI Data      Debug   Library Name

      1594         64          0          0          0        976   mc_p.l

    ----------------------------------------------------------------------
      1596         64          0          0          0        976   Library Totals

    ----------------------------------------------------------------------

==============================================================================


      Code (inc. data)   RO Data    RW Data    ZI Data      Debug   

     26800       2410        392        272       6392     495361   Grand Totals
     26800       2410        392        272       6392     495361   ELF Image Totals
     26800       2410        392        272          0          0   ROM Totals

==============================================================================

    Total RO  Size (Code + RO Data)                27192 (  26.55kB)
    Total RW  Size (RW Data + ZI Data)              6664 (   6.51kB)
    Total ROM Size (Code + RO Data + RW Data)      27464 (  26.82kB)

==============================================================================

